core_cm33.h:2127:22:__NVIC_EnableIRQ	16	static
fsl_clock.h:722:20:CLOCK_EnableClock	24	static
fsl_clock.h:732:20:CLOCK_DisableClock	24	static
fsl_common.h:484:28:EnableIRQ	16	static
fsl_dma.h:365:20:DMA_ChannelIsActive	16	static
fsl_dma.h:390:20:DMA_EnableChannelInterrupts	16	static
fsl_dma.h:414:20:DMA_EnableChannel	16	static
fsl_dma.h:426:20:DMA_DisableChannel	16	static
fsl_dma.h:438:20:DMA_EnableChannelPeriphRq	16	static
fsl_dma.h:451:20:DMA_DisableChannelPeriphRq	16	static
fsl_dma.c:82:17:DMA_GetInstance	24	static
fsl_dma.c:98:17:DMA_GetVirtualStartChannel	32	static
fsl_dma.c:122:6:DMA_Init	24	static
fsl_dma.c:151:6:DMA_Deinit	16	static
fsl_dma.c:168:6:DMA_ConfigureChannelTrigger	32	static
fsl_dma.c:187:10:DMA_GetRemainingBytes	16	static
fsl_dma.c:212:13:DMA_SetupXferCFG	24	static
fsl_dma.c:261:6:DMA_SetupDescriptor	40	static
fsl_dma.c:332:6:DMA_SetupChannelDescriptor	40	static
fsl_dma.c:436:6:DMA_CreateDescriptor	40	static
fsl_dma.c:457:6:DMA_AbortTransfer	16	static
fsl_dma.c:481:6:DMA_CreateHandle	32	static
fsl_dma.c:511:6:DMA_SetCallback	24	static
fsl_dma.c:536:6:DMA_PrepareTransfer	32	static
fsl_dma.c:603:6:DMA_SetChannelConfig	32	static
fsl_dma.c:641:6:DMA_PrepareChannelTransfer	24	static
fsl_dma.c:699:6:DMA_LoadChannelDescriptor	32	static
fsl_dma.c:728:6:DMA_InstallDescriptorMemory	16	static
fsl_dma.c:778:6:DMA_SubmitChannelTransferParameter	40	static
fsl_dma.c:819:6:DMA_SubmitChannelDescriptor	16	static
fsl_dma.c:883:10:DMA_SubmitChannelTransfer	48	static
fsl_dma.c:926:10:DMA_SubmitTransfer	32	static
fsl_dma.c:965:6:DMA_StartTransfer	24	static
fsl_dma.c:982:6:DMA_IRQHandle	40	static
fsl_dma.c:1032:6:DMA0_DriverIRQHandler	8	static
fsl_dma.c:1039:6:DMA1_DriverIRQHandler	8	static
