Archive member included to satisfy reference by file (symbol)

C:\Users\omkar\Documents\MCUXpressoIDE_11.2.1_4149\workspace\asvinid-esp-at\AsvinIDGeneator\libs\libpower_hardabi.a(fsl_power_lib.o)
                              ./drivers/fsl_clock.o (POWER_SetVoltageForFreq)
c:/nxp/mcuxpressoide_11.2.1_4149/ide/plugins/com.nxp.mcuxpresso.tools.win32_11.2.0.202008311134/tools/bin/../lib/gcc/arm-none-eabi/9.2.1/../../../../arm-none-eabi/lib/thumb/v8-m.main+fp/hard\libcr_semihost_nf.a(__ciob.o)
                              ./source/main.o (__Ciob)
c:/nxp/mcuxpressoide_11.2.1_4149/ide/plugins/com.nxp.mcuxpresso.tools.win32_11.2.0.202008311134/tools/bin/../lib/gcc/arm-none-eabi/9.2.1/../../../../arm-none-eabi/lib/thumb/v8-m.main+fp/hard\libcr_semihost_nf.a(_cr__main.o)
                              ./startup/startup_lpc55s69_cm33_core0.o (__main)
c:/nxp/mcuxpressoide_11.2.1_4149/ide/plugins/com.nxp.mcuxpresso.tools.win32_11.2.0.202008311134/tools/bin/../lib/gcc/arm-none-eabi/9.2.1/../../../../arm-none-eabi/lib/thumb/v8-m.main+fp/hard\libcr_c.a(memcpy.o)
                              ./utilities/fsl_str.o (memcpy)
c:/nxp/mcuxpressoide_11.2.1_4149/ide/plugins/com.nxp.mcuxpresso.tools.win32_11.2.0.202008311134/tools/bin/../lib/gcc/arm-none-eabi/9.2.1/../../../../arm-none-eabi/lib/thumb/v8-m.main+fp/hard\libcr_c.a(memset.o)
                              ./source/main.o (memset)
c:/nxp/mcuxpressoide_11.2.1_4149/ide/plugins/com.nxp.mcuxpresso.tools.win32_11.2.0.202008311134/tools/bin/../lib/gcc/arm-none-eabi/9.2.1/../../../../arm-none-eabi/lib/thumb/v8-m.main+fp/hard\libcr_c.a(_deferredlazyseek.o)
                              ./source/main.o (__flsbuf)
c:/nxp/mcuxpressoide_11.2.1_4149/ide/plugins/com.nxp.mcuxpresso.tools.win32_11.2.0.202008311134/tools/bin/../lib/gcc/arm-none-eabi/9.2.1/../../../../arm-none-eabi/lib/thumb/v8-m.main+fp/hard\libcr_c.a(_fflush.o)
                              c:/nxp/mcuxpressoide_11.2.1_4149/ide/plugins/com.nxp.mcuxpresso.tools.win32_11.2.0.202008311134/tools/bin/../lib/gcc/arm-none-eabi/9.2.1/../../../../arm-none-eabi/lib/thumb/v8-m.main+fp/hard\libcr_c.a(_deferredlazyseek.o) (_fflush)
c:/nxp/mcuxpressoide_11.2.1_4149/ide/plugins/com.nxp.mcuxpresso.tools.win32_11.2.0.202008311134/tools/bin/../lib/gcc/arm-none-eabi/9.2.1/../../../../arm-none-eabi/lib/thumb/v8-m.main+fp/hard\libcr_c.a(_writebuf.o)
                              c:/nxp/mcuxpressoide_11.2.1_4149/ide/plugins/com.nxp.mcuxpresso.tools.win32_11.2.0.202008311134/tools/bin/../lib/gcc/arm-none-eabi/9.2.1/../../../../arm-none-eabi/lib/thumb/v8-m.main+fp/hard\libcr_c.a(_deferredlazyseek.o) (_Cwritebuf)
c:/nxp/mcuxpressoide_11.2.1_4149/ide/plugins/com.nxp.mcuxpresso.tools.win32_11.2.0.202008311134/tools/bin/../lib/gcc/arm-none-eabi/9.2.1/../../../../arm-none-eabi/lib/thumb/v8-m.main+fp/hard\libcr_c.a(alloc.o)
                              ./drivers/fsl_common.o (malloc)
c:/nxp/mcuxpressoide_11.2.1_4149/ide/plugins/com.nxp.mcuxpresso.tools.win32_11.2.0.202008311134/tools/bin/../lib/gcc/arm-none-eabi/9.2.1/../../../../arm-none-eabi/lib/thumb/v8-m.main+fp/hard\libcr_c.a(fseek.o)
                              c:/nxp/mcuxpressoide_11.2.1_4149/ide/plugins/com.nxp.mcuxpresso.tools.win32_11.2.0.202008311134/tools/bin/../lib/gcc/arm-none-eabi/9.2.1/../../../../arm-none-eabi/lib/thumb/v8-m.main+fp/hard\libcr_c.a(_deferredlazyseek.o) (fseek)
c:/nxp/mcuxpressoide_11.2.1_4149/ide/plugins/com.nxp.mcuxpresso.tools.win32_11.2.0.202008311134/tools/bin/../lib/gcc/arm-none-eabi/9.2.1/../../../../arm-none-eabi/lib/thumb/v8-m.main+fp/hard\libcr_c.a(ftell.o)
                              c:/nxp/mcuxpressoide_11.2.1_4149/ide/plugins/com.nxp.mcuxpresso.tools.win32_11.2.0.202008311134/tools/bin/../lib/gcc/arm-none-eabi/9.2.1/../../../../arm-none-eabi/lib/thumb/v8-m.main+fp/hard\libcr_c.a(fseek.o) (ftell)
c:/nxp/mcuxpressoide_11.2.1_4149/ide/plugins/com.nxp.mcuxpresso.tools.win32_11.2.0.202008311134/tools/bin/../lib/gcc/arm-none-eabi/9.2.1/../../../../arm-none-eabi/lib/thumb/v8-m.main+fp/hard\libcr_c.a(initio.o)
                              c:/nxp/mcuxpressoide_11.2.1_4149/ide/plugins/com.nxp.mcuxpresso.tools.win32_11.2.0.202008311134/tools/bin/../lib/gcc/arm-none-eabi/9.2.1/../../../../arm-none-eabi/lib/thumb/v8-m.main+fp/hard\libcr_semihost_nf.a(_cr__main.o) (_initio)
c:/nxp/mcuxpressoide_11.2.1_4149/ide/plugins/com.nxp.mcuxpresso.tools.win32_11.2.0.202008311134/tools/bin/../lib/gcc/arm-none-eabi/9.2.1/../../../../arm-none-eabi/lib/thumb/v8-m.main+fp/hard\libcr_c.a(printf.o)
                              ./source/main.o (_sprintf)
c:/nxp/mcuxpressoide_11.2.1_4149/ide/plugins/com.nxp.mcuxpresso.tools.win32_11.2.0.202008311134/tools/bin/../lib/gcc/arm-none-eabi/9.2.1/../../../../arm-none-eabi/lib/thumb/v8-m.main+fp/hard\libcr_c.a(scanf.o)
                              ./utilities/fsl_str.o (strtoul)
[...]
Memory Configuration

Name             Origin             Length             Attributes
PROGRAM_FLASH    0x00000000         0x00098000         xr
SRAM             0x20000000         0x00040000         xrw
SRAM4            0x20040000         0x00004000         xrw
SRAMX            0x04000000         0x00008000         xrw
USB_RAM          0x40100000         0x00004000         xrw
*default*        0x00000000         0xffffffff

Linker script and memory map

LOAD ./utilities/fsl_assert.o
LOAD ./utilities/fsl_debug_console.o
LOAD ./utilities/fsl_str.o
LOAD ./startup/boot_multicore_slave.o
LOAD ./startup/startup_lpc55s69_cm33_core0.o
LOAD ./source/main.o
LOAD ./source/semihost_hardfault.o
LOAD ./drivers/fsl_clock.o
LOAD ./drivers/fsl_common.o
LOAD ./drivers/fsl_dma.o
LOAD ./drivers/fsl_flexcomm.o
LOAD ./drivers/fsl_gpio.o
LOAD ./drivers/fsl_hashcrypt.o
LOAD ./drivers/fsl_iap.o
LOAD ./drivers/fsl_inputmux.o
LOAD ./drivers/fsl_power.o
LOAD ./drivers/fsl_puf.o
LOAD ./drivers/fsl_reset.o
LOAD ./drivers/fsl_usart.o
LOAD ./drivers/fsl_usart_cmsis.o
LOAD ./drivers/fsl_usart_dma.o
LOAD ./device/system_LPC55S69_cm33_core0.o
LOAD ./component/uart/usart_adapter.o
LOAD ./component/serial_manager/serial_manager.o
LOAD ./component/serial_manager/serial_port_uart.o
LOAD ./component/lists/generic_list.o
LOAD ./board/board.o
LOAD ./board/clock_config.o
LOAD ./board/peripherals.o
LOAD ./board/pin_mux.o
LOAD C:\Users\omkar\Documents\MCUXpressoIDE_11.2.1_4149\workspace\asvinid-esp-at\AsvinIDGeneator\libs\libpower_hardabi.a
START GROUP
LOAD c:/nxp/mcuxpressoide_11.2.1_4149/ide/plugins/com.nxp.mcuxpresso.tools.win32_11.2.0.202008311134/tools/bin/../lib/gcc/arm-none-eabi/9.2.1/../../../../arm-none-eabi/lib/thumb/v8-m.main+fp/hard\libcr_semihost_nf.a
LOAD c:/nxp/mcuxpressoide_11.2.1_4149/ide/plugins/com.nxp.mcuxpresso.tools.win32_11.2.0.202008311134/tools/bin/../lib/gcc/arm-none-eabi/9.2.1/../../../../arm-none-eabi/lib/thumb/v8-m.main+fp/hard\libcr_c.a
LOAD c:/nxp/mcuxpressoide_11.2.1_4149/ide/plugins/com.nxp.mcuxpresso.tools.win32_11.2.0.202008311134/tools/bin/../lib/gcc/arm-none-eabi/9.2.1/thumb/v8-m.main+fp/hard\libcr_eabihelpers.a
LOAD c:/nxp/mcuxpressoide_11.2.1_4149/ide/plugins/com.nxp.mcuxpresso.tools.win32_11.2.0.202008311134/tools/bin/../lib/gcc/arm-none-eabi/9.2.1/thumb/v8-m.main+fp/hard\libgcc.a
END GROUP
                0x00000000                __base_PROGRAM_FLASH = 0x0
                0x00000000                __base_Flash = 0x0
                0x00098000                __top_PROGRAM_FLASH = 0x98000
                0x00098000                __top_Flash = 0x98000
                0x20000000                __base_SRAM = 0x20000000
                0x20000000                __base_RAM = 0x20000000
                0x20040000                __top_SRAM = 0x20040000
                0x20040000                __top_RAM = 0x20040000
                0x20040000                __base_SRAM4 = 0x20040000
                0x20040000                __base_RAM2 = 0x20040000
                0x20044000                __top_SRAM4 = 0x20044000
                0x20044000                __top_RAM2 = 0x20044000
                0x04000000                __base_SRAMX = 0x4000000
                0x04000000                __base_RAM3 = 0x4000000
                0x04008000                __top_SRAMX = 0x4008000
                0x04008000                __top_RAM3 = 0x4008000
                0x40100000                __base_USB_RAM = 0x40100000
                0x40100000                __base_RAM4 = 0x40100000
                0x40104000                __top_USB_RAM = 0x40104000
                0x40104000                __top_RAM4 = 0x40104000

.text           0x00000000     0x562c
 FILL mask 0xff
                0x00000000                __vectors_start__ = ABSOLUTE (.)
 *(SORT_BY_ALIGNMENT(.isr_vector))
 .isr_vector    0x00000000      0x130 ./startup/startup_lpc55s69_cm33_core0.o
                0x00000000                g_pfnVectors
                0x00000000                __Vectors
                0x00000130                . = ALIGN (0x4)
                0x00000130                __section_table_start = .
                0x00000130                __data_section_table = .
                0x00000130        0x4 LONG 0x562c LOADADDR (.data)
                0x00000134        0x4 LONG 0x20000000 ADDR (.data)
                0x00000138        0x4 LONG 0x18 SIZEOF (.data)
                0x0000013c        0x4 LONG 0x562c LOADADDR (.data_RAM2)
                0x00000140        0x4 LONG 0x20040000 ADDR (.data_RAM2)
                0x00000144        0x4 LONG 0x0 SIZEOF (.data_RAM2)
                0x00000148        0x4 LONG 0x562c LOADADDR (.data_RAM3)
                0x0000014c        0x4 LONG 0x4000000 ADDR (.data_RAM3)
                0x00000150        0x4 LONG 0x0 SIZEOF (.data_RAM3)
                0x00000154        0x4 LONG 0x562c LOADADDR (.data_RAM4)
                0x00000158        0x4 LONG 0x40100000 ADDR (.data_RAM4)
                0x0000015c        0x4 LONG 0x0 SIZEOF (.data_RAM4)
                0x00000160                __data_section_table_end = .
                0x00000160                __bss_section_table = .
                0x00000160        0x4 LONG 0x20000018 ADDR (.bss)
                0x00000164        0x4 LONG 0x240 SIZEOF (.bss)
                0x00000168        0x4 LONG 0x20040000 ADDR (.bss_RAM2)
                0x0000016c        0x4 LONG 0x0 SIZEOF (.bss_RAM2)
                0x00000170        0x4 LONG 0x4000000 ADDR (.bss_RAM3)
                0x00000174        0x4 LONG 0x0 SIZEOF (.bss_RAM3)
                0x00000178        0x4 LONG 0x40100000 ADDR (.bss_RAM4)
                0x0000017c        0x4 LONG 0x0 SIZEOF (.bss_RAM4)
                0x00000180                __bss_section_table_end = .
                0x00000180                __section_table_end = .
 *(SORT_BY_ALIGNMENT(.after_vectors*))
 .after_vectors.reset
                0x00000180       0x4c ./startup/startup_lpc55s69_cm33_core0.o
                0x00000180                ResetISR
 .after_vectors.init_data
                0x000001cc       0x1e ./startup/startup_lpc55s69_cm33_core0.o
                0x000001cc                data_init
 .after_vectors.init_bss
                0x000001ea       0x12 ./startup/startup_lpc55s69_cm33_core0.o
                0x000001ea                bss_init
 .after_vectors
                0x000001fc       0x16 ./startup/startup_lpc55s69_cm33_core0.o
                0x000001fc                NMI_Handler
                0x00000200                MemManage_Handler
                0x00000202                BusFault_Handler
                0x00000204                UsageFault_Handler
                0x00000206                SecureFault_Handler
                0x00000208                SVC_Handler
                0x0000020a                DebugMon_Handler
                0x0000020c                PendSV_Handler
                0x0000020e                SysTick_Handler
                0x00000210                Reserved56_DriverIRQHandler
                0x00000210                PIN_INT0_DriverIRQHandler
                0x00000210                CTIMER2_DriverIRQHandler
                0x00000210                SEC_VIO_DriverIRQHandler
                0x00000210                IntDefaultHandler
                0x00000210                USB0_DriverIRQHandler
                0x00000210                CASER_DriverIRQHandler
                0x00000210                MRT0_DriverIRQHandler
                0x00000210                UTICK0_DriverIRQHandler
                0x00000210                PIN_INT2_DriverIRQHandler
                0x00000210                PIN_INT4_DriverIRQHandler
                0x00000210                PIN_INT5_DriverIRQHandler
                0x00000210                SEC_GPIO_INT0_IRQ0_DriverIRQHandler
                0x00000210                CTIMER4_DriverIRQHandler
                0x00000210                GINT1_DriverIRQHandler
                0x00000210                PIN_INT7_DriverIRQHandler
                0x00000210                Reserved55_DriverIRQHandler
                0x00000210                USB0_NEEDCLK_DriverIRQHandler
                0x00000210                CTIMER0_DriverIRQHandler
                0x00000210                CTIMER1_DriverIRQHandler
                0x00000210                Reserved41_DriverIRQHandler
                0x00000210                PIN_INT6_DriverIRQHandler
                0x00000210                PQ_DriverIRQHandler
                0x00000210                MAILBOX_DriverIRQHandler
                0x00000210                PIN_INT1_DriverIRQHandler
                0x00000210                CTIMER3_DriverIRQHandler
                0x00000210                Reserved61_DriverIRQHandler
                0x00000210                SEC_GPIO_INT0_IRQ1_DriverIRQHandler
                0x00000210                PUF_DriverIRQHandler
                0x00000210                RTC_DriverIRQHandler
                0x00000210                PIN_INT3_DriverIRQHandler
                0x00000210                Reserved42_DriverIRQHandler
                0x00000210                USB1_DriverIRQHandler
                0x00000210                Reserved60_DriverIRQHandler
                0x00000210                ADC0_DriverIRQHandler
                0x00000210                USB1_NEEDCLK_DriverIRQHandler
                0x00000210                Reserved59_DriverIRQHandler
                0x00000210                SDIO_DriverIRQHandler
                0x00000210                GINT0_DriverIRQHandler
                0x00000210                USB1_PHY_DriverIRQHandler
                0x00000210                ACMP_DriverIRQHandler
                0x00000210                Reserved57_DriverIRQHandler
                0x00000210                Reserved39_DriverIRQHandler
                0x00000210                Reserved46_DriverIRQHandler
                0x00000210                WDT_BOD_DriverIRQHandler
                0x00000210                SCT0_DriverIRQHandler
                0x00000210                PLU_DriverIRQHandler
                0x00000210                OS_EVENT_DriverIRQHandler
                0x00000210                SEC_HYPERVISOR_CALL_DriverIRQHandler
 *(SORT_BY_ALIGNMENT(.text*))
 *fill*         0x00000212        0x2 ff
 .text.__assertion_failed
                0x00000214       0x18 ./utilities/fsl_assert.o
                0x00000214                __assertion_failed
 .text.POWER_SetBodVbatLevel
                0x0000022c       0x58 ./source/main.o
 .text.PrintMem
                0x00000284       0xb8 ./source/main.o
                0x00000284                PrintMem
 .text.Flash_ReadAC
                0x0000033c       0x20 ./source/main.o
                0x0000033c                Flash_ReadAC
 .text.StartPuf
                0x0000035c       0x88 ./source/main.o
                0x0000035c                StartPuf
 .text.main     0x000003e4      0x22c ./source/main.o
                0x000003e4                main
 .text.POWER_DisablePD
                0x00000610       0x20 ./drivers/fsl_clock.o
 .text.CLOCK_AttachClk
                0x00000630       0x98 ./drivers/fsl_clock.o
                0x00000630                CLOCK_AttachClk
 .text.CLOCK_SetClkDiv
                0x000006c8       0x5c ./drivers/fsl_clock.o
                0x000006c8                CLOCK_SetClkDiv
 .text.CLOCK_SetupFROClocking
                0x00000724       0x80 ./drivers/fsl_clock.o
                0x00000724                CLOCK_SetupFROClocking
 .text.CLOCK_SetFLASHAccessCyclesForFreq
                0x000007a4      0x148 ./drivers/fsl_clock.o
                0x000007a4                CLOCK_SetFLASHAccessCyclesForFreq
 .text.CLOCK_GetClockOutClkFreq
                0x000008ec       0xa0 ./drivers/fsl_clock.o
                0x000008ec                CLOCK_GetClockOutClkFreq
 .text.CLOCK_GetMclkClkFreq
                0x0000098c       0x60 ./drivers/fsl_clock.o
                0x0000098c                CLOCK_GetMclkClkFreq
 .text.CLOCK_GetFro12MFreq
                0x000009ec       0x28 ./drivers/fsl_clock.o
                0x000009ec                CLOCK_GetFro12MFreq
 .text.CLOCK_GetFro1MFreq
                0x00000a14       0x28 ./drivers/fsl_clock.o
                0x00000a14                CLOCK_GetFro1MFreq
 .text.CLOCK_GetExtClkFreq
                0x00000a3c       0x2c ./drivers/fsl_clock.o
                0x00000a3c                CLOCK_GetExtClkFreq
 .text.CLOCK_GetFroHfFreq
                0x00000a68       0x28 ./drivers/fsl_clock.o
                0x00000a68                CLOCK_GetFroHfFreq
 .text.CLOCK_GetPll0OutFreq
                0x00000a90       0x18 ./drivers/fsl_clock.o
                0x00000a90                CLOCK_GetPll0OutFreq
 .text.CLOCK_GetPll1OutFreq
                0x00000aa8       0x18 ./drivers/fsl_clock.o
                0x00000aa8                CLOCK_GetPll1OutFreq
 .text.CLOCK_GetOsc32KFreq
                0x00000ac0       0x58 ./drivers/fsl_clock.o
                0x00000ac0                CLOCK_GetOsc32KFreq
 .text.CLOCK_GetCoreSysClkFreq
                0x00000b18       0xa8 ./drivers/fsl_clock.o
                0x00000b18                CLOCK_GetCoreSysClkFreq
 .text.CLOCK_GetI2SMClkFreq
                0x00000bc0       0x18 ./drivers/fsl_clock.o
                0x00000bc0                CLOCK_GetI2SMClkFreq
 .text.CLOCK_GetFlexCommInputClock
                0x00000bd8       0xbc ./drivers/fsl_clock.o
                0x00000bd8                CLOCK_GetFlexCommInputClock
 .text.CLOCK_GetFreq
                0x00000c94       0xb4 ./drivers/fsl_clock.o
                0x00000c94                CLOCK_GetFreq
 .text.DMA_GetInstance
                0x00000d48       0x4c ./drivers/fsl_dma.o
 .text.DMA_IRQHandle
                0x00000d94      0x168 ./drivers/fsl_dma.o
                0x00000d94                DMA_IRQHandle
 .text.DMA0_DriverIRQHandler
                0x00000efc       0x14 ./drivers/fsl_dma.o
                0x00000efc                DMA0_DriverIRQHandler
 .text.DMA1_DriverIRQHandler
                0x00000f10       0x14 ./drivers/fsl_dma.o
                0x00000f10                DMA1_DriverIRQHandler
 .text.FLEXCOMM_GetInstance
                0x00000f24       0x50 ./drivers/fsl_flexcomm.o
                0x00000f24                FLEXCOMM_GetInstance
 .text.FLEXCOMM_Init
                0x00000f74       0x50 ./drivers/fsl_flexcomm.o
                0x00000f74                FLEXCOMM_Init
 .text.FLEXCOMM_SetIRQHandler
                0x00000fc4       0x44 ./drivers/fsl_flexcomm.o
                0x00000fc4                FLEXCOMM_SetIRQHandler
 .text.FLEXCOMM0_DriverIRQHandler
                0x00001008       0x38 ./drivers/fsl_flexcomm.o
                0x00001008                FLEXCOMM0_DriverIRQHandler
 .text.FLEXCOMM1_DriverIRQHandler
                0x00001040       0x38 ./drivers/fsl_flexcomm.o
                0x00001040                FLEXCOMM1_DriverIRQHandler
 .text.FLEXCOMM2_DriverIRQHandler
                0x00001078       0x38 ./drivers/fsl_flexcomm.o
                0x00001078                FLEXCOMM2_DriverIRQHandler
 .text.FLEXCOMM3_DriverIRQHandler
                0x000010b0       0x38 ./drivers/fsl_flexcomm.o
                0x000010b0                FLEXCOMM3_DriverIRQHandler
 .text.FLEXCOMM4_DriverIRQHandler
                0x000010e8       0x38 ./drivers/fsl_flexcomm.o
                0x000010e8                FLEXCOMM4_DriverIRQHandler
 .text.FLEXCOMM5_DriverIRQHandler
                0x00001120       0x38 ./drivers/fsl_flexcomm.o
                0x00001120                FLEXCOMM5_DriverIRQHandler
 .text.FLEXCOMM6_DriverIRQHandler
                0x00001158       0x38 ./drivers/fsl_flexcomm.o
                0x00001158                FLEXCOMM6_DriverIRQHandler
 .text.FLEXCOMM7_DriverIRQHandler
                0x00001190       0x38 ./drivers/fsl_flexcomm.o
                0x00001190                FLEXCOMM7_DriverIRQHandler
 .text.FLEXCOMM8_DriverIRQHandler
                0x000011c8       0x38 ./drivers/fsl_flexcomm.o
                0x000011c8                FLEXCOMM8_DriverIRQHandler
 .text.hashcrypt_sha_process_message_data
                0x00001200       0xe8 ./drivers/fsl_hashcrypt.o
 .text.HASHCRYPT_DriverIRQHandler
                0x000012e8       0xa4 ./drivers/fsl_hashcrypt.o
                0x000012e8                HASHCRYPT_DriverIRQHandler
 .text.HASHCRYPT_Init
                0x0000138c       0x24 ./drivers/fsl_hashcrypt.o
                0x0000138c                HASHCRYPT_Init
 .text.HASHCRYPT_Deinit
                0x000013b0       0x24 ./drivers/fsl_hashcrypt.o
                0x000013b0                HASHCRYPT_Deinit
 .text.FLASH_Init
                0x000013d4       0x48 ./drivers/fsl_iap.o
                0x000013d4                FLASH_Init
 .text.FFR_Init
                0x0000141c       0x60 ./drivers/fsl_iap.o
                0x0000141c                FFR_Init
 .text.puf_powerCycle
                0x0000147c       0x60 ./drivers/fsl_puf.o
 .text.PUF_Init
                0x000014dc       0x60 ./drivers/fsl_puf.o
                0x000014dc                PUF_Init
 .text.PUF_Deinit
                0x0000153c       0x50 ./drivers/fsl_puf.o
                0x0000153c                PUF_Deinit
 .text.RESET_SetPeripheralReset
                0x0000158c       0x5c ./drivers/fsl_reset.o
                0x0000158c                RESET_SetPeripheralReset
 .text.RESET_ClearPeripheralReset
                0x000015e8       0x60 ./drivers/fsl_reset.o
                0x000015e8                RESET_ClearPeripheralReset
 .text.__NVIC_EnableIRQ
                0x00001648       0x3c ./drivers/fsl_usart.o
 .text.USART_GetInstance
                0x00001684       0x4c ./drivers/fsl_usart.o
                0x00001684                USART_GetInstance
 .text.USART_TransferGetRxRingBufferLength
                0x000016d0       0x50 ./drivers/fsl_usart.o
                0x000016d0                USART_TransferGetRxRingBufferLength
 .text.USART_TransferIsRxRingBufferFull
                0x00001720       0x40 ./drivers/fsl_usart.o
 .text.USART_Init
                0x00001760      0x1c0 ./drivers/fsl_usart.o
                0x00001760                USART_Init
 .text.USART_Deinit
                0x00001920       0x54 ./drivers/fsl_usart.o
                0x00001920                USART_Deinit
 .text.USART_GetDefaultConfig
                0x00001974       0x7c ./drivers/fsl_usart.o
                0x00001974                USART_GetDefaultConfig
 .text.USART_SetBaudRate
                0x000019f0      0x128 ./drivers/fsl_usart.o
                0x000019f0                USART_SetBaudRate
 .text.USART_TransferCreateHandle
                0x00001b18       0xc4 ./drivers/fsl_usart.o
                0x00001b18                USART_TransferCreateHandle
 .text.USART_TransferSendNonBlocking
                0x00001bdc       0xbc ./drivers/fsl_usart.o
                0x00001bdc                USART_TransferSendNonBlocking
 .text.USART_TransferReceiveNonBlocking
                0x00001c98      0x1b0 ./drivers/fsl_usart.o
                0x00001c98                USART_TransferReceiveNonBlocking
 .text.USART_TransferHandleIRQ
                0x00001e48      0x32c ./drivers/fsl_usart.o
                0x00001e48                USART_TransferHandleIRQ
 .text.USARTx_GetVersion
                0x00002174       0x2c ./drivers/fsl_usart_cmsis.o
 .text.USART_NonBlockingPowerControl
                0x000021a0       0xcc ./drivers/fsl_usart_cmsis.o
 .text.USART1_NonBlockingInitialize
                0x0000226c       0x24 ./drivers/fsl_usart_cmsis.o
 .text.USART1_NonBlockingUninitialize
                0x00002290       0x18 ./drivers/fsl_usart_cmsis.o
 .text.USART1_NonBlockingPowerControl
                0x000022a8       0x28 ./drivers/fsl_usart_cmsis.o
 .text.USART1_NonBlockingSend
                0x000022d0       0x24 ./drivers/fsl_usart_cmsis.o
 .text.USART1_NonBlockingReceive
                0x000022f4       0x24 ./drivers/fsl_usart_cmsis.o
 .text.USART1_NonBlockingTransfer
                0x00002318       0x28 ./drivers/fsl_usart_cmsis.o
 .text.USART1_NonBlockingGetTxCount
                0x00002340       0x14 ./drivers/fsl_usart_cmsis.o
 .text.USART1_NonBlockingGetRxCount
                0x00002354       0x14 ./drivers/fsl_usart_cmsis.o
 .text.USART1_NonBlockingControl
                0x00002368       0x30 ./drivers/fsl_usart_cmsis.o
 .text.USART1_NonBlockingGetStatus
                0x00002398       0x14 ./drivers/fsl_usart_cmsis.o
 .text.SystemInit
                0x000023ac       0x64 ./device/system_LPC55S69_cm33_core0.o
                0x000023ac                SystemInit
 .text.BOARD_InitDebugConsole
                0x00002410       0x38 ./board/board.o
                0x00002410                BOARD_InitDebugConsole
 .text.POWER_DisablePD
                0x00002448       0x20 ./board/clock_config.o
 .text.BOARD_BootClockFROHF96M
                0x00002468       0xf8 ./board/clock_config.o
                0x00002468                BOARD_BootClockFROHF96M
 .text.USART1_InitPins
                0x00002560       0x40 ./board/pin_mux.o
                0x00002560                USART1_InitPins
 .text.USART1_DeinitPins
                0x000025a0       0x44 ./board/pin_mux.o
                0x000025a0                USART1_DeinitPins
 .text.lowpower_set_system_voltage
                0x000025e4       0xa0 C:\Users\omkar\Documents\MCUXpressoIDE_11.2.1_4149\workspace\asvinid-esp-at\AsvinIDGeneator\libs\libpower_hardabi.a(fsl_power_lib.o)
 .text.lowpower_set_voltage_for_process
                0x00002684       0x84 C:\Users\omkar\Documents\MCUXpressoIDE_11.2.1_4149\workspace\asvinid-esp-at\AsvinIDGeneator\libs\libpower_hardabi.a(fsl_power_lib.o)
 .text.POWER_SetVoltageForFreq
                0x00002708       0x84 C:\Users\omkar\Documents\MCUXpressoIDE_11.2.1_4149\workspace\asvinid-esp-at\AsvinIDGeneator\libs\libpower_hardabi.a(fsl_power_lib.o)
                0x00002708                POWER_SetVoltageForFreq
 .text._Cwritebuf
                0x0000278c       0x6c c:/nxp/mcuxpressoide_11.2.1_4149/ide/plugins/com.nxp.mcuxpresso.tools.win32_11.2.0.202008311134/tools/bin/../lib/gcc/arm-none-eabi/9.2.1/../../../../arm-none-eabi/lib/thumb/v8-m.main+fp/hard\libcr_c.a(_writebuf.o)
                0x0000278c                _Cwritebuf
 .text.malloc   0x000027f8       0xc8 c:/nxp/mcuxpressoide_11.2.1_4149/ide/plugins/com.nxp.mcuxpresso.tools.win32_11.2.0.202008311134/tools/bin/../lib/gcc/arm-none-eabi/9.2.1/../../../../arm-none-eabi/lib/thumb/v8-m.main+fp/hard\libcr_c.a(alloc.o)
                0x000027f8                malloc
 .text._Csys_alloc
                0x000028c0       0x20 c:/nxp/mcuxpressoide_11.2.1_4149/ide/plugins/com.nxp.mcuxpresso.tools.win32_11.2.0.202008311134/tools/bin/../lib/gcc/arm-none-eabi/9.2.1/../../../../arm-none-eabi/lib/thumb/v8-m.main+fp/hard\libcr_c.a(alloc.o)
                0x000028c0                _Csys_alloc
 .text.fseek    0x000028e0      0x100 c:/nxp/mcuxpressoide_11.2.1_4149/ide/plugins/com.nxp.mcuxpresso.tools.win32_11.2.0.202008311134/tools/bin/../lib/gcc/arm-none-eabi/9.2.1/../../../../arm-none-eabi/lib/thumb/v8-m.main+fp/hard\libcr_c.a(fseek.o)
                0x000028e0                fseek
 .text.ftell    0x000029e0       0x44 c:/nxp/mcuxpressoide_11.2.1_4149/ide/plugins/com.nxp.mcuxpresso.tools.win32_11.2.0.202008311134/tools/bin/../lib/gcc/arm-none-eabi/9.2.1/../../../../arm-none-eabi/lib/thumb/v8-m.main+fp/hard\libcr_c.a(ftell.o)
                0x000029e0                ftell
 .text._initio  0x00002a24       0x78 c:/nxp/mcuxpressoide_11.2.1_4149/ide/plugins/com.nxp.mcuxpresso.tools.win32_11.2.0.202008311134/tools/bin/../lib/gcc/arm-none-eabi/9.2.1/../../../../arm-none-eabi/lib/thumb/v8-m.main+fp/hard\libcr_c.a(initio.o)
                0x00002a24                _initio
 .text.__vfprintf
                0x00002a9c      0xcdc c:/nxp/mcuxpressoide_11.2.1_4149/ide/plugins/com.nxp.mcuxpresso.tools.win32_11.2.0.202008311134/tools/bin/../lib/gcc/arm-none-eabi/9.2.1/../../../../arm-none-eabi/lib/thumb/v8-m.main+fp/hard\libcr_c.a(printf.o)
                0x00002a9c                __vfprintf
 .text._sprintf
                0x00003778       0x6c c:/nxp/mcuxpressoide_11.2.1_4149/ide/plugins/com.nxp.mcuxpresso.tools.win32_11.2.0.202008311134/tools/bin/../lib/gcc/arm-none-eabi/9.2.1/../../../../arm-none-eabi/lib/thumb/v8-m.main+fp/hard\libcr_c.a(printf.o)
                0x00003778                _sprintf
 .text._vsnprintf
                0x000037e4       0x68 c:/nxp/mcuxpressoide_11.2.1_4149/ide/plugins/com.nxp.mcuxpresso.tools.win32_11.2.0.202008311134/tools/bin/../lib/gcc/arm-none-eabi/9.2.1/../../../../arm-none-eabi/lib/thumb/v8-m.main+fp/hard\libcr_c.a(printf.o)
                0x000037e4                _vsnprintf
 .text._printf  0x0000384c       0x54 c:/nxp/mcuxpressoide_11.2.1_4149/ide/plugins/com.nxp.mcuxpresso.tools.win32_11.2.0.202008311134/tools/bin/../lib/gcc/arm-none-eabi/9.2.1/../../../../arm-none-eabi/lib/thumb/v8-m.main+fp/hard\libcr_c.a(printf.o)
                0x0000384c                _printf
 .text._sbrk    0x000038a0       0x3c c:/nxp/mcuxpressoide_11.2.1_4149/ide/plugins/com.nxp.mcuxpresso.tools.win32_11.2.0.202008311134/tools/bin/../lib/gcc/arm-none-eabi/9.2.1/../../../../arm-none-eabi/lib/thumb/v8-m.main+fp/hard\libcr_c.a(_cr_sbrk.o)
                0x000038a0                _sbrk
 .text.fflush   0x000038dc       0x44 c:/nxp/mcuxpressoide_11.2.1_4149/ide/plugins/com.nxp.mcuxpresso.tools.win32_11.2.0.202008311134/tools/bin/../lib/gcc/arm-none-eabi/9.2.1/../../../../arm-none-eabi/lib/thumb/v8-m.main+fp/hard\libcr_c.a(fflush.o)
                0x000038dc                fflush
 .text.__check_heap_overflow
                0x00003920       0x18 c:/nxp/mcuxpressoide_11.2.1_4149/ide/plugins/com.nxp.mcuxpresso.tools.win32_11.2.0.202008311134/tools/bin/../lib/gcc/arm-none-eabi/9.2.1/../../../../arm-none-eabi/lib/thumb/v8-m.main+fp/hard\libcr_c.a(_cr_check_heap.o)
                0x00003920                __check_heap_overflow
 .text.__sys_appexit
                0x00003938        0xc c:/nxp/mcuxpressoide_11.2.1_4149/ide/plugins/com.nxp.mcuxpresso.tools.win32_11.2.0.202008311134/tools/bin/../lib/gcc/arm-none-eabi/9.2.1/../../../../arm-none-eabi/lib/thumb/v8-m.main+fp/hard\libcr_semihost_nf.a(__sys_appexit.o)
                0x00003938                __sys_appexit
                0x00003938                __exit
 .text.WDT_BOD_IRQHandler
                0x00003944        0x8 ./startup/startup_lpc55s69_cm33_core0.o
                0x00003944                WDT_BOD_IRQHandler
 .text.DMA0_IRQHandler
                0x0000394c        0x8 ./startup/startup_lpc55s69_cm33_core0.o
                0x0000394c                DMA0_IRQHandler
 .text.GINT0_IRQHandler
                0x00003954        0x8 ./startup/startup_lpc55s69_cm33_core0.o
                0x00003954                GINT0_IRQHandler
 .text.GINT1_IRQHandler
                0x0000395c        0x8 ./startup/startup_lpc55s69_cm33_core0.o
                0x0000395c                GINT1_IRQHandler
 .text.PIN_INT0_IRQHandler
                0x00003964        0x8 ./startup/startup_lpc55s69_cm33_core0.o
                0x00003964                PIN_INT0_IRQHandler
 .text.PIN_INT1_IRQHandler
                0x0000396c        0x8 ./startup/startup_lpc55s69_cm33_core0.o
                0x0000396c                PIN_INT1_IRQHandler
 .text.PIN_INT2_IRQHandler
                0x00003974        0x8 ./startup/startup_lpc55s69_cm33_core0.o
                0x00003974                PIN_INT2_IRQHandler
 .text.PIN_INT3_IRQHandler
                0x0000397c        0x8 ./startup/startup_lpc55s69_cm33_core0.o
                0x0000397c                PIN_INT3_IRQHandler
 .text.UTICK0_IRQHandler
                0x00003984        0x8 ./startup/startup_lpc55s69_cm33_core0.o
                0x00003984                UTICK0_IRQHandler
 .text.MRT0_IRQHandler
                0x0000398c        0x8 ./startup/startup_lpc55s69_cm33_core0.o
                0x0000398c                MRT0_IRQHandler
 .text.CTIMER0_IRQHandler
                0x00003994        0x8 ./startup/startup_lpc55s69_cm33_core0.o
                0x00003994                CTIMER0_IRQHandler
 .text.CTIMER1_IRQHandler
                0x0000399c        0x8 ./startup/startup_lpc55s69_cm33_core0.o
                0x0000399c                CTIMER1_IRQHandler
 .text.SCT0_IRQHandler
                0x000039a4        0x8 ./startup/startup_lpc55s69_cm33_core0.o
                0x000039a4                SCT0_IRQHandler
 .text.CTIMER3_IRQHandler
                0x000039ac        0x8 ./startup/startup_lpc55s69_cm33_core0.o
                0x000039ac                CTIMER3_IRQHandler
 .text.FLEXCOMM0_IRQHandler
                0x000039b4        0x8 ./startup/startup_lpc55s69_cm33_core0.o
                0x000039b4                FLEXCOMM0_IRQHandler
 .text.FLEXCOMM1_IRQHandler
                0x000039bc        0x8 ./startup/startup_lpc55s69_cm33_core0.o
                0x000039bc                FLEXCOMM1_IRQHandler
 .text.FLEXCOMM2_IRQHandler
                0x000039c4        0x8 ./startup/startup_lpc55s69_cm33_core0.o
                0x000039c4                FLEXCOMM2_IRQHandler
 .text.FLEXCOMM3_IRQHandler
                0x000039cc        0x8 ./startup/startup_lpc55s69_cm33_core0.o
                0x000039cc                FLEXCOMM3_IRQHandler
 .text.FLEXCOMM4_IRQHandler
                0x000039d4        0x8 ./startup/startup_lpc55s69_cm33_core0.o
                0x000039d4                FLEXCOMM4_IRQHandler
 .text.FLEXCOMM5_IRQHandler
                0x000039dc        0x8 ./startup/startup_lpc55s69_cm33_core0.o
                0x000039dc                FLEXCOMM5_IRQHandler
 .text.FLEXCOMM6_IRQHandler
                0x000039e4        0x8 ./startup/startup_lpc55s69_cm33_core0.o
                0x000039e4                FLEXCOMM6_IRQHandler
 .text.FLEXCOMM7_IRQHandler
                0x000039ec        0x8 ./startup/startup_lpc55s69_cm33_core0.o
                0x000039ec                FLEXCOMM7_IRQHandler
 .text.ADC0_IRQHandler
                0x000039f4        0x8 ./startup/startup_lpc55s69_cm33_core0.o
                0x000039f4                ADC0_IRQHandler
 .text.Reserved39_IRQHandler
                0x000039fc        0x8 ./startup/startup_lpc55s69_cm33_core0.o
                0x000039fc                Reserved39_IRQHandler
 .text.ACMP_IRQHandler
                0x00003a04        0x8 ./startup/startup_lpc55s69_cm33_core0.o
                0x00003a04                ACMP_IRQHandler
 .text.Reserved41_IRQHandler
                0x00003a0c        0x8 ./startup/startup_lpc55s69_cm33_core0.o
                0x00003a0c                Reserved41_IRQHandler
 .text.Reserved42_IRQHandler
                0x00003a14        0x8 ./startup/startup_lpc55s69_cm33_core0.o
                0x00003a14                Reserved42_IRQHandler
 .text.USB0_NEEDCLK_IRQHandler
                0x00003a1c        0x8 ./startup/startup_lpc55s69_cm33_core0.o
                0x00003a1c                USB0_NEEDCLK_IRQHandler
 .text.USB0_IRQHandler
                0x00003a24        0x8 ./startup/startup_lpc55s69_cm33_core0.o
                0x00003a24                USB0_IRQHandler
 .text.RTC_IRQHandler
                0x00003a2c        0x8 ./startup/startup_lpc55s69_cm33_core0.o
                0x00003a2c                RTC_IRQHandler
 .text.Reserved46_IRQHandler
                0x00003a34        0x8 ./startup/startup_lpc55s69_cm33_core0.o
                0x00003a34                Reserved46_IRQHandler
 .text.MAILBOX_IRQHandler
                0x00003a3c        0x8 ./startup/startup_lpc55s69_cm33_core0.o
                0x00003a3c                MAILBOX_IRQHandler
 .text.PIN_INT4_IRQHandler
                0x00003a44        0x8 ./startup/startup_lpc55s69_cm33_core0.o
                0x00003a44                PIN_INT4_IRQHandler
 .text.PIN_INT5_IRQHandler
                0x00003a4c        0x8 ./startup/startup_lpc55s69_cm33_core0.o
                0x00003a4c                PIN_INT5_IRQHandler
 .text.PIN_INT6_IRQHandler
                0x00003a54        0x8 ./startup/startup_lpc55s69_cm33_core0.o
                0x00003a54                PIN_INT6_IRQHandler
 .text.PIN_INT7_IRQHandler
                0x00003a5c        0x8 ./startup/startup_lpc55s69_cm33_core0.o
                0x00003a5c                PIN_INT7_IRQHandler
 .text.CTIMER2_IRQHandler
                0x00003a64        0x8 ./startup/startup_lpc55s69_cm33_core0.o
                0x00003a64                CTIMER2_IRQHandler
 .text.CTIMER4_IRQHandler
                0x00003a6c        0x8 ./startup/startup_lpc55s69_cm33_core0.o
                0x00003a6c                CTIMER4_IRQHandler
 .text.OS_EVENT_IRQHandler
                0x00003a74        0x8 ./startup/startup_lpc55s69_cm33_core0.o
                0x00003a74                OS_EVENT_IRQHandler
 .text.Reserved55_IRQHandler
                0x00003a7c        0x8 ./startup/startup_lpc55s69_cm33_core0.o
                0x00003a7c                Reserved55_IRQHandler
 .text.Reserved56_IRQHandler
                0x00003a84        0x8 ./startup/startup_lpc55s69_cm33_core0.o
                0x00003a84                Reserved56_IRQHandler
 .text.Reserved57_IRQHandler
                0x00003a8c        0x8 ./startup/startup_lpc55s69_cm33_core0.o
                0x00003a8c                Reserved57_IRQHandler
 .text.SDIO_IRQHandler
                0x00003a94        0x8 ./startup/startup_lpc55s69_cm33_core0.o
                0x00003a94                SDIO_IRQHandler
 .text.Reserved59_IRQHandler
                0x00003a9c        0x8 ./startup/startup_lpc55s69_cm33_core0.o
                0x00003a9c                Reserved59_IRQHandler
 .text.Reserved60_IRQHandler
                0x00003aa4        0x8 ./startup/startup_lpc55s69_cm33_core0.o
                0x00003aa4                Reserved60_IRQHandler
 .text.Reserved61_IRQHandler
                0x00003aac        0x8 ./startup/startup_lpc55s69_cm33_core0.o
                0x00003aac                Reserved61_IRQHandler
 .text.USB1_PHY_IRQHandler
                0x00003ab4        0x8 ./startup/startup_lpc55s69_cm33_core0.o
                0x00003ab4                USB1_PHY_IRQHandler
 .text.USB1_IRQHandler
                0x00003abc        0x8 ./startup/startup_lpc55s69_cm33_core0.o
                0x00003abc                USB1_IRQHandler
 .text.USB1_NEEDCLK_IRQHandler
                0x00003ac4        0x8 ./startup/startup_lpc55s69_cm33_core0.o
                0x00003ac4                USB1_NEEDCLK_IRQHandler
 .text.SEC_HYPERVISOR_CALL_IRQHandler
                0x00003acc        0x8 ./startup/startup_lpc55s69_cm33_core0.o
                0x00003acc                SEC_HYPERVISOR_CALL_IRQHandler
 .text.SEC_GPIO_INT0_IRQ0_IRQHandler
                0x00003ad4        0x8 ./startup/startup_lpc55s69_cm33_core0.o
                0x00003ad4                SEC_GPIO_INT0_IRQ0_IRQHandler
 .text.SEC_GPIO_INT0_IRQ1_IRQHandler
                0x00003adc        0x8 ./startup/startup_lpc55s69_cm33_core0.o
                0x00003adc                SEC_GPIO_INT0_IRQ1_IRQHandler
 .text.PLU_IRQHandler
                0x00003ae4        0x8 ./startup/startup_lpc55s69_cm33_core0.o
                0x00003ae4                PLU_IRQHandler
 .text.SEC_VIO_IRQHandler
                0x00003aec        0x8 ./startup/startup_lpc55s69_cm33_core0.o
                0x00003aec                SEC_VIO_IRQHandler
 .text.HASHCRYPT_IRQHandler
                0x00003af4        0x8 ./startup/startup_lpc55s69_cm33_core0.o
                0x00003af4                HASHCRYPT_IRQHandler
 .text.CASER_IRQHandler
                0x00003afc        0x8 ./startup/startup_lpc55s69_cm33_core0.o
                0x00003afc                CASER_IRQHandler
 .text.PUF_IRQHandler
                0x00003b04        0x8 ./startup/startup_lpc55s69_cm33_core0.o
                0x00003b04                PUF_IRQHandler
 .text.PQ_IRQHandler
                0x00003b0c        0x8 ./startup/startup_lpc55s69_cm33_core0.o
                0x00003b0c                PQ_IRQHandler
 .text.DMA1_IRQHandler
                0x00003b14        0x8 ./startup/startup_lpc55s69_cm33_core0.o
                0x00003b14                DMA1_IRQHandler
 .text.FLEXCOMM8_IRQHandler
                0x00003b1c        0x8 ./startup/startup_lpc55s69_cm33_core0.o
                0x00003b1c                FLEXCOMM8_IRQHandler
 .text.USART1_GetFreq
                0x00003b24       0x10 ./source/main.o
                0x00003b24                USART1_GetFreq
 .text.USART_Callback
                0x00003b34       0x14 ./source/main.o
                0x00003b34                USART_Callback
 .text.HardFault_Handler
                0x00003b48       0x2c ./source/semihost_hardfault.o
                0x00003b48                HardFault_Handler
 .text.CLOCK_GetFlexCommClkFreq
                0x00003b74       0x4c ./drivers/fsl_clock.o
                0x00003b74                CLOCK_GetFlexCommClkFreq
 .text.DMA_GetVirtualStartChannel
                0x00003bc0       0x40 ./drivers/fsl_dma.o
 .text.CLOCK_EnableClock
                0x00003c00       0x30 ./drivers/fsl_flexcomm.o
 .text.FLEXCOMM_PeripheralIsPresent
                0x00003c30       0x64 ./drivers/fsl_flexcomm.o
 .text.FLEXCOMM_SetPeriph
                0x00003c94       0x74 ./drivers/fsl_flexcomm.o
 .text.CLOCK_EnableClock
                0x00003d08       0x30 ./drivers/fsl_hashcrypt.o
 .text.CLOCK_DisableClock
                0x00003d38       0x30 ./drivers/fsl_hashcrypt.o
 .text.hashcrypt_get_data
                0x00003d68       0x6a ./drivers/fsl_hashcrypt.o
 .text.hashcrypt_engine_init
                0x00003dd2       0x2c ./drivers/fsl_hashcrypt.o
 .text.hashcrypt_sha_check_input_alg
                0x00003dfe       0x2a ./drivers/fsl_hashcrypt.o
 .text.hashcrypt_sha_check_input_args
                0x00003e28       0x3c ./drivers/fsl_hashcrypt.o
 .text.hashcrypt_sha_one_block
                0x00003e64       0x5c ./drivers/fsl_hashcrypt.o
 .text.hashcrypt_sha_finalize
                0x00003ec0       0xd0 ./drivers/fsl_hashcrypt.o
 .text.hashcrypt_save_running_hash
                0x00003f90       0x16 ./drivers/fsl_hashcrypt.o
 .text.hashcrypt_restore_running_hash
                0x00003fa6       0x16 ./drivers/fsl_hashcrypt.o
 .text.HASHCRYPT_SHA
                0x00003fbc       0x5e ./drivers/fsl_hashcrypt.o
                0x00003fbc                HASHCRYPT_SHA
 .text.HASHCRYPT_SHA_Init
                0x0000401a       0x50 ./drivers/fsl_hashcrypt.o
                0x0000401a                HASHCRYPT_SHA_Init
 .text.HASHCRYPT_SHA_Update
                0x0000406a       0xb8 ./drivers/fsl_hashcrypt.o
                0x0000406a                HASHCRYPT_SHA_Update
 .text.HASHCRYPT_SHA_Finish
                0x00004122       0xa2 ./drivers/fsl_hashcrypt.o
                0x00004122                HASHCRYPT_SHA_Finish
 .text.CLOCK_EnableClock
                0x000041c4       0x30 ./drivers/fsl_puf.o
 .text.CLOCK_DisableClock
                0x000041f4       0x30 ./drivers/fsl_puf.o
 .text.puf_wait_usec
                0x00004224       0x34 ./drivers/fsl_puf.o
 .text.puf_waitForInit
                0x00004258       0x42 ./drivers/fsl_puf.o
 .text.puf_powerOn
                0x0000429a       0x2e ./drivers/fsl_puf.o
 .text.PUF_Start
                0x000042c8       0xa8 ./drivers/fsl_puf.o
                0x000042c8                PUF_Start
 .text.RESET_PeripheralReset
                0x00004370       0x1c ./drivers/fsl_reset.o
                0x00004370                RESET_PeripheralReset
 .text.EnableIRQ
                0x0000438c       0x2c ./drivers/fsl_usart.o
 .text.DisableGlobalIRQ
                0x000043b8       0x22 ./drivers/fsl_usart.o
 .text.EnableGlobalIRQ
                0x000043da       0x20 ./drivers/fsl_usart.o
 .text.USART_EnableContinuousSCLK
                0x000043fa       0x38 ./drivers/fsl_usart.o
 .text.USART_CommonControl
                0x00004432      0x124 ./drivers/fsl_usart_cmsis.o
 .text.USARTx_GetCapabilities
                0x00004556       0x14 ./drivers/fsl_usart_cmsis.o
 .text.USARTx_SetModemControl
                0x0000456a       0x1a ./drivers/fsl_usart_cmsis.o
 .text.USARTx_GetModemStatus
                0x00004584       0x3c ./drivers/fsl_usart_cmsis.o
 .text.KSDK_USART_NonBlockingCallback
                0x000045c0       0x42 ./drivers/fsl_usart_cmsis.o
                0x000045c0                KSDK_USART_NonBlockingCallback
 .text.USART_NonBlockingInitialize
                0x00004602       0x30 ./drivers/fsl_usart_cmsis.o
 .text.USART_NonBlockingUninitialize
                0x00004632       0x1c ./drivers/fsl_usart_cmsis.o
 .text.USART_NonBlockingSend
                0x0000464e       0x74 ./drivers/fsl_usart_cmsis.o
 .text.USART_NonBlockingReceive
                0x000046c2       0x74 ./drivers/fsl_usart_cmsis.o
 .text.USART_NonBlockingTransfer
                0x00004736       0x1e ./drivers/fsl_usart_cmsis.o
 .text.USART_NonBlockingGetTxCount
                0x00004754       0x3e ./drivers/fsl_usart_cmsis.o
 .text.USART_NonBlockingGetRxCount
                0x00004792       0x3e ./drivers/fsl_usart_cmsis.o
 .text.USART_NonBlockingControl
                0x000047d0       0xb2 ./drivers/fsl_usart_cmsis.o
 .text.USART_NonBlockingGetStatus
                0x00004882       0xb8 ./drivers/fsl_usart_cmsis.o
 .text.SystemInitHook
                0x0000493a        0xe ./device/system_LPC55S69_cm33_core0.o
                0x0000493a                SystemInitHook
 .text.DbgConsole_Init
                0x00004948       0x20 ./board/board.o
 .text.CLOCK_EnableClock
                0x00004968       0x30 ./board/pin_mux.o
 .text.BOARD_InitPins
                0x00004998        0xe ./board/pin_mux.o
                0x00004998                BOARD_InitPins
 .text.__main   0x000049a6        0xe c:/nxp/mcuxpressoide_11.2.1_4149/ide/plugins/com.nxp.mcuxpresso.tools.win32_11.2.0.202008311134/tools/bin/../lib/gcc/arm-none-eabi/9.2.1/../../../../arm-none-eabi/lib/thumb/v8-m.main+fp/hard\libcr_semihost_nf.a(_cr__main.o)
                0x000049a6                __CR_SEMIHOST
                0x000049a6                __main
 .text.memcpy   0x000049b4        0x4 c:/nxp/mcuxpressoide_11.2.1_4149/ide/plugins/com.nxp.mcuxpresso.tools.win32_11.2.0.202008311134/tools/bin/../lib/gcc/arm-none-eabi/9.2.1/../../../../arm-none-eabi/lib/thumb/v8-m.main+fp/hard\libcr_c.a(memcpy.o)
                0x000049b4                memcpy
 .text.memset   0x000049b8        0x4 c:/nxp/mcuxpressoide_11.2.1_4149/ide/plugins/com.nxp.mcuxpresso.tools.win32_11.2.0.202008311134/tools/bin/../lib/gcc/arm-none-eabi/9.2.1/../../../../arm-none-eabi/lib/thumb/v8-m.main+fp/hard\libcr_c.a(memset.o)
                0x000049b8                memset
 .text._deferredlazyseek
                0x000049bc       0x40 c:/nxp/mcuxpressoide_11.2.1_4149/ide/plugins/com.nxp.mcuxpresso.tools.win32_11.2.0.202008311134/tools/bin/../lib/gcc/arm-none-eabi/9.2.1/../../../../arm-none-eabi/lib/thumb/v8-m.main+fp/hard\libcr_c.a(_deferredlazyseek.o)
                0x000049bc                _deferredlazyseek
 .text.__flsbuf
                0x000049fc      0x140 c:/nxp/mcuxpressoide_11.2.1_4149/ide/plugins/com.nxp.mcuxpresso.tools.win32_11.2.0.202008311134/tools/bin/../lib/gcc/arm-none-eabi/9.2.1/../../../../arm-none-eabi/lib/thumb/v8-m.main+fp/hard\libcr_c.a(_deferredlazyseek.o)
                0x000049fc                __flsbuf
 .text._fflush  0x00004b3c       0x52 c:/nxp/mcuxpressoide_11.2.1_4149/ide/plugins/com.nxp.mcuxpresso.tools.win32_11.2.0.202008311134/tools/bin/../lib/gcc/arm-none-eabi/9.2.1/../../../../arm-none-eabi/lib/thumb/v8-m.main+fp/hard\libcr_c.a(_fflush.o)
                0x00004b3c                _fflush
 .text.free     0x00004b8e       0x30 c:/nxp/mcuxpressoide_11.2.1_4149/ide/plugins/com.nxp.mcuxpresso.tools.win32_11.2.0.202008311134/tools/bin/../lib/gcc/arm-none-eabi/9.2.1/../../../../arm-none-eabi/lib/thumb/v8-m.main+fp/hard\libcr_c.a(alloc.o)
                0x00004b8e                free
 .text.no_fp_display
                0x00004bbe        0x4 c:/nxp/mcuxpressoide_11.2.1_4149/ide/plugins/com.nxp.mcuxpresso.tools.win32_11.2.0.202008311134/tools/bin/../lib/gcc/arm-none-eabi/9.2.1/../../../../arm-none-eabi/lib/thumb/v8-m.main+fp/hard\libcr_c.a(printf.o)
 .text.setvbuf  0x00004bc2       0x3e c:/nxp/mcuxpressoide_11.2.1_4149/ide/plugins/com.nxp.mcuxpresso.tools.win32_11.2.0.202008311134/tools/bin/../lib/gcc/arm-none-eabi/9.2.1/../../../../arm-none-eabi/lib/thumb/v8-m.main+fp/hard\libcr_c.a(setvbuf.o)
                0x00004bc2                setvbuf
 .text.strlen   0x00004c00       0x4c c:/nxp/mcuxpressoide_11.2.1_4149/ide/plugins/com.nxp.mcuxpresso.tools.win32_11.2.0.202008311134/tools/bin/../lib/gcc/arm-none-eabi/9.2.1/../../../../arm-none-eabi/lib/thumb/v8-m.main+fp/hard\libcr_c.a(strlen.o)
                0x00004c00                strlen
 .text._fdopen  0x00004c4c       0x68 c:/nxp/mcuxpressoide_11.2.1_4149/ide/plugins/com.nxp.mcuxpresso.tools.win32_11.2.0.202008311134/tools/bin/../lib/gcc/arm-none-eabi/9.2.1/../../../../arm-none-eabi/lib/thumb/v8-m.main+fp/hard\libcr_c.a(_fdopen.o)
                0x00004c4c                _fdopen
 .text.fclose   0x00004cb4       0x58 c:/nxp/mcuxpressoide_11.2.1_4149/ide/plugins/com.nxp.mcuxpresso.tools.win32_11.2.0.202008311134/tools/bin/../lib/gcc/arm-none-eabi/9.2.1/../../../../arm-none-eabi/lib/thumb/v8-m.main+fp/hard\libcr_c.a(fclose.o)
                0x00004cb4                fclose
 .text.remove   0x00004d0c       0x14 c:/nxp/mcuxpressoide_11.2.1_4149/ide/plugins/com.nxp.mcuxpresso.tools.win32_11.2.0.202008311134/tools/bin/../lib/gcc/arm-none-eabi/9.2.1/../../../../arm-none-eabi/lib/thumb/v8-m.main+fp/hard\libcr_c.a(remove.o)
                0x00004d0c                remove
 .text._do_fflush
                0x00004d20       0x40 c:/nxp/mcuxpressoide_11.2.1_4149/ide/plugins/com.nxp.mcuxpresso.tools.win32_11.2.0.202008311134/tools/bin/../lib/gcc/arm-none-eabi/9.2.1/../../../../arm-none-eabi/lib/thumb/v8-m.main+fp/hard\libcr_c.a(_do_fflush.o)
                0x00004d20                _do_fflush
 .text.__aeabi_memcpy
                0x00004d60       0x34 c:/nxp/mcuxpressoide_11.2.1_4149/ide/plugins/com.nxp.mcuxpresso.tools.win32_11.2.0.202008311134/tools/bin/../lib/gcc/arm-none-eabi/9.2.1/thumb/v8-m.main+fp/hard\libcr_eabihelpers.a(memcpy.o)
                0x00004d60                __aeabi_memcpy
                0x00004d6a                __aeabi_memcpy8
                0x00004d6a                __aeabi_memcpy4
 .text.__aeabi_memset_lowlevel
                0x00004d94       0x32 c:/nxp/mcuxpressoide_11.2.1_4149/ide/plugins/com.nxp.mcuxpresso.tools.win32_11.2.0.202008311134/tools/bin/../lib/gcc/arm-none-eabi/9.2.1/thumb/v8-m.main+fp/hard\libcr_eabihelpers.a(memcpy.o)
                0x00004d94                __aeabi_lowlevel_memset
 .text.__sys_close
                0x00004dc6        0xc c:/nxp/mcuxpressoide_11.2.1_4149/ide/plugins/com.nxp.mcuxpresso.tools.win32_11.2.0.202008311134/tools/bin/../lib/gcc/arm-none-eabi/9.2.1/../../../../arm-none-eabi/lib/thumb/v8-m.main+fp/hard\libcr_semihost_nf.a(__sys_close.o)
                0x00004dc6                __sys_close
 .text.__sys_flen
                0x00004dd2        0xc c:/nxp/mcuxpressoide_11.2.1_4149/ide/plugins/com.nxp.mcuxpresso.tools.win32_11.2.0.202008311134/tools/bin/../lib/gcc/arm-none-eabi/9.2.1/../../../../arm-none-eabi/lib/thumb/v8-m.main+fp/hard\libcr_semihost_nf.a(__sys_flen.o)
                0x00004dd2                __sys_flen
 .text.__sys_istty
                0x00004dde        0xc c:/nxp/mcuxpressoide_11.2.1_4149/ide/plugins/com.nxp.mcuxpresso.tools.win32_11.2.0.202008311134/tools/bin/../lib/gcc/arm-none-eabi/9.2.1/../../../../arm-none-eabi/lib/thumb/v8-m.main+fp/hard\libcr_semihost_nf.a(__sys_istty.o)
                0x00004dde                __sys_istty
 .text.__sys_remove
                0x00004dea        0xc c:/nxp/mcuxpressoide_11.2.1_4149/ide/plugins/com.nxp.mcuxpresso.tools.win32_11.2.0.202008311134/tools/bin/../lib/gcc/arm-none-eabi/9.2.1/../../../../arm-none-eabi/lib/thumb/v8-m.main+fp/hard\libcr_semihost_nf.a(__sys_remove.o)
                0x00004dea                __sys_remove
 .text.__sys_seek
                0x00004df6        0xc c:/nxp/mcuxpressoide_11.2.1_4149/ide/plugins/com.nxp.mcuxpresso.tools.win32_11.2.0.202008311134/tools/bin/../lib/gcc/arm-none-eabi/9.2.1/../../../../arm-none-eabi/lib/thumb/v8-m.main+fp/hard\libcr_semihost_nf.a(__sys_seek.o)
                0x00004df6                __sys_seek
 .text.__sys_tmpnam
                0x00004e02        0xc c:/nxp/mcuxpressoide_11.2.1_4149/ide/plugins/com.nxp.mcuxpresso.tools.win32_11.2.0.202008311134/tools/bin/../lib/gcc/arm-none-eabi/9.2.1/../../../../arm-none-eabi/lib/thumb/v8-m.main+fp/hard\libcr_semihost_nf.a(__sys_tmpnam.o)
                0x00004e02                __sys_tmpnam
 .text.__sys_write
                0x00004e0e        0xc c:/nxp/mcuxpressoide_11.2.1_4149/ide/plugins/com.nxp.mcuxpresso.tools.win32_11.2.0.202008311134/tools/bin/../lib/gcc/arm-none-eabi/9.2.1/../../../../arm-none-eabi/lib/thumb/v8-m.main+fp/hard\libcr_semihost_nf.a(__sys_write.o)
                0x00004e0e                __sys_write
 *(SORT_BY_ALIGNMENT(.rodata) SORT_BY_ALIGNMENT(.rodata.*) SORT_BY_ALIGNMENT(.constdata) SORT_BY_ALIGNMENT(.constdata.*))
 *fill*         0x00004e1a        0x2 ff
 .rodata.__assertion_failed.str1.4
                0x00004e1c       0x14 ./utilities/fsl_assert.o
 .rodata.PrintMem.str1.4
                0x00004e30        0xd ./source/main.o
 *fill*         0x00004e3d        0x3 ff
 .rodata.StartPuf.str1.4
                0x00004e40       0x4a ./source/main.o
 *fill*         0x00004e8a        0x2 ff
 .rodata.main.str1.4
                0x00004e8c       0x3e ./source/main.o
 *fill*         0x00004eca        0x2 ff
 .rodata.CLOCK_GetClockOutClkFreq.str1.4
                0x00004ecc       0x19 ./drivers/fsl_clock.o
 *fill*         0x00004ee5        0x3 ff
 .rodata.CLOCK_GetMclkClkFreq.str1.4
                0x00004ee8       0x19 ./drivers/fsl_clock.o
 *fill*         0x00004f01        0x3 ff
 .rodata.CLOCK_GetFlexCommInputClock.str1.4
                0x00004f04       0x19 ./drivers/fsl_clock.o
 *fill*         0x00004f1d        0x3 ff
 .rodata.s_dmaBases
                0x00004f20        0x8 ./drivers/fsl_dma.o
 .rodata.DMA_GetInstance.str1.4
                0x00004f28       0x32 ./drivers/fsl_dma.o
 *fill*         0x00004f5a        0x2 ff
 .rodata.s_flexcommBaseAddrs
                0x00004f5c       0x24 ./drivers/fsl_flexcomm.o
 .rodata.s_flexcommClocks
                0x00004f80       0x12 ./drivers/fsl_flexcomm.o
 *fill*         0x00004f92        0x2 ff
 .rodata.s_flexcommResets
                0x00004f94       0x24 ./drivers/fsl_flexcomm.o
 .rodata.FLEXCOMM_GetInstance.str1.4
                0x00004fb8       0x39 ./drivers/fsl_flexcomm.o
 *fill*         0x00004ff1        0x3 ff
 .rodata.FLEXCOMM0_DriverIRQHandler.str1.4
                0x00004ff4       0x2e ./drivers/fsl_flexcomm.o
 *fill*         0x00005022        0x2 ff
 .rodata.FLEXCOMM1_DriverIRQHandler.str1.4
                0x00005024       0x2e ./drivers/fsl_flexcomm.o
 *fill*         0x00005052        0x2 ff
 .rodata.FLEXCOMM2_DriverIRQHandler.str1.4
                0x00005054       0x2e ./drivers/fsl_flexcomm.o
 *fill*         0x00005082        0x2 ff
 .rodata.FLEXCOMM3_DriverIRQHandler.str1.4
                0x00005084       0x2e ./drivers/fsl_flexcomm.o
 *fill*         0x000050b2        0x2 ff
 .rodata.FLEXCOMM4_DriverIRQHandler.str1.4
                0x000050b4       0x2e ./drivers/fsl_flexcomm.o
 *fill*         0x000050e2        0x2 ff
 .rodata.FLEXCOMM5_DriverIRQHandler.str1.4
                0x000050e4       0x2e ./drivers/fsl_flexcomm.o
 *fill*         0x00005112        0x2 ff
 .rodata.FLEXCOMM6_DriverIRQHandler.str1.4
                0x00005114       0x2e ./drivers/fsl_flexcomm.o
 *fill*         0x00005142        0x2 ff
 .rodata.FLEXCOMM7_DriverIRQHandler.str1.4
                0x00005144       0x2e ./drivers/fsl_flexcomm.o
 *fill*         0x00005172        0x2 ff
 .rodata.FLEXCOMM8_DriverIRQHandler.str1.4
                0x00005174       0x2e ./drivers/fsl_flexcomm.o
 *fill*         0x000051a2        0x2 ff
 .rodata.FLASH_Init.str1.4
                0x000051a4       0x29 ./drivers/fsl_iap.o
 *fill*         0x000051cd        0x3 ff
 .rodata.FFR_Init.str1.4
                0x000051d0       0x55 ./drivers/fsl_iap.o
 *fill*         0x00005225        0x3 ff
 .rodata.RESET_SetPeripheralReset.str1.4
                0x00005228       0x1f ./drivers/fsl_reset.o
 *fill*         0x00005247        0x1 ff
 .rodata.RESET_ClearPeripheralReset.str1.4
                0x00005248       0x1f ./drivers/fsl_reset.o
 *fill*         0x00005267        0x1 ff
 .rodata.s_usartIRQ
                0x00005268        0x8 ./drivers/fsl_usart.o
 .rodata.s_usartBaseAddrs
                0x00005270       0x20 ./drivers/fsl_usart.o
 .rodata.USART_GetInstance.str1.4
                0x00005290       0x32 ./drivers/fsl_usart.o
 *fill*         0x000052c2        0x2 ff
 .rodata.USART_TransferGetRxRingBufferLength.str1.4
                0x000052c4       0x21 ./drivers/fsl_usart.o
 *fill*         0x000052e5        0x3 ff
 .rodata.USART_TransferIsRxRingBufferFull.str1.4
                0x000052e8       0x22 ./drivers/fsl_usart.o
 *fill*         0x0000530a        0x2 ff
 .rodata.USART_Init.str1.4
                0x0000530c       0x50 ./drivers/fsl_usart.o
 .rodata.USART_Deinit.str1.4
                0x0000535c       0x20 ./drivers/fsl_usart.o
 .rodata.USART_GetDefaultConfig.str1.4
                0x0000537c       0x22 ./drivers/fsl_usart.o
 *fill*         0x0000539e        0x2 ff
 .rodata.USART_SetBaudRate.str1.4
                0x000053a0       0x54 ./drivers/fsl_usart.o
 .rodata.USART_TransferCreateHandle.str1.4
                0x000053f4       0x39 ./drivers/fsl_usart.o
 *fill*         0x0000542d        0x3 ff
 .rodata.USART_TransferSendNonBlocking.str1.4
                0x00005430       0x91 ./drivers/fsl_usart.o
 *fill*         0x000054c1        0x3 ff
 .rodata.USART_TransferReceiveNonBlocking.str1.4
                0x000054c4       0x91 ./drivers/fsl_usart.o
 *fill*         0x00005555        0x3 ff
 .rodata.USART_TransferHandleIRQ.str1.4
                0x00005558       0x36 ./drivers/fsl_usart.o
 *fill*         0x0000558e        0x2 ff
 .rodata.s_usartDriverVersion
                0x00005590        0x4 ./drivers/fsl_usart_cmsis.o
 .rodata.usart1_Resource
                0x00005594        0x8 ./drivers/fsl_usart_cmsis.o
                0x00005594                usart1_Resource
 .rodata.Driver_USART1
                0x0000559c       0x38 ./drivers/fsl_usart_cmsis.o
                0x0000559c                Driver_USART1
 .rodata.__num_Ciob_streams
                0x000055d4        0x4 c:/nxp/mcuxpressoide_11.2.1_4149/ide/plugins/com.nxp.mcuxpresso.tools.win32_11.2.0.202008311134/tools/bin/../lib/gcc/arm-none-eabi/9.2.1/../../../../arm-none-eabi/lib/thumb/v8-m.main+fp/hard\libcr_semihost_nf.a(__ciob.o)
                0x000055d4                __num_Ciob_streams
 .rodata._Csys_alloc.str1.1
                0x000055d8       0x18 c:/nxp/mcuxpressoide_11.2.1_4149/ide/plugins/com.nxp.mcuxpresso.tools.win32_11.2.0.202008311134/tools/bin/../lib/gcc/arm-none-eabi/9.2.1/../../../../arm-none-eabi/lib/thumb/v8-m.main+fp/hard\libcr_c.a(alloc.o)
 .rodata._initio.str1.1
                0x000055f0        0x4 c:/nxp/mcuxpressoide_11.2.1_4149/ide/plugins/com.nxp.mcuxpresso.tools.win32_11.2.0.202008311134/tools/bin/../lib/gcc/arm-none-eabi/9.2.1/../../../../arm-none-eabi/lib/thumb/v8-m.main+fp/hard\libcr_c.a(initio.o)
 .rodata.__vfprintf.str1.1
                0x000055f4       0x37 c:/nxp/mcuxpressoide_11.2.1_4149/ide/plugins/com.nxp.mcuxpresso.tools.win32_11.2.0.202008311134/tools/bin/../lib/gcc/arm-none-eabi/9.2.1/../../../../arm-none-eabi/lib/thumb/v8-m.main+fp/hard\libcr_c.a(printf.o)
                                 0x38 (size before relaxing)
                0x0000562c                . = ALIGN (0x4)
 *fill*         0x0000562b        0x1 ff

.glue_7         0x0000562c        0x0
 .glue_7        0x0000562c        0x0 linker stubs

.glue_7t        0x0000562c        0x0
 .glue_7t       0x0000562c        0x0 linker stubs

.vfp11_veneer   0x0000562c        0x0
 .vfp11_veneer  0x0000562c        0x0 linker stubs

.v4_bx          0x0000562c        0x0
 .v4_bx         0x0000562c        0x0 linker stubs

.iplt           0x0000562c        0x0
 .iplt          0x0000562c        0x0 ./utilities/fsl_assert.o

.rel.dyn        0x0000562c        0x0
 .rel.iplt      0x0000562c        0x0 ./utilities/fsl_assert.o

.ARM.extab
 *(SORT_BY_ALIGNMENT(.ARM.extab*) SORT_BY_ALIGNMENT(.gnu.linkonce.armextab.*))

.ARM.exidx      0x0000562c        0x0
                0x0000562c                __exidx_start = .
 *(SORT_BY_ALIGNMENT(.ARM.exidx*) SORT_BY_ALIGNMENT(.gnu.linkonce.armexidx.*))
                0x0000562c                __exidx_end = .
                0x0000562c                _etext = .

.m_usb_data
 *(SORT_BY_ALIGNMENT(m_usb_global))

.data_RAM2      0x20040000        0x0 load address 0x0000562c
 FILL mask 0xff
                [!provide]                PROVIDE (__start_data_RAM2 = .)
                [!provide]                PROVIDE (__start_data_SRAM4 = .)
 *(SORT_BY_ALIGNMENT(.ramfunc.$RAM2))
 *(SORT_BY_ALIGNMENT(.ramfunc.$SRAM4))
 *(SORT_BY_ALIGNMENT(.data.$RAM2))
 *(SORT_BY_ALIGNMENT(.data.$SRAM4))
 *(SORT_BY_ALIGNMENT(.data.$RAM2.*))
 *(SORT_BY_ALIGNMENT(.data.$SRAM4.*))
                0x20040000                . = ALIGN (0x4)
                [!provide]                PROVIDE (__end_data_RAM2 = .)
                [!provide]                PROVIDE (__end_data_SRAM4 = .)

.data_RAM3      0x04000000        0x0 load address 0x0000562c
 FILL mask 0xff
                [!provide]                PROVIDE (__start_data_RAM3 = .)
                [!provide]                PROVIDE (__start_data_SRAMX = .)
 *(SORT_BY_ALIGNMENT(.ramfunc.$RAM3))
 *(SORT_BY_ALIGNMENT(.ramfunc.$SRAMX))
 *(SORT_BY_ALIGNMENT(.data.$RAM3))
 *(SORT_BY_ALIGNMENT(.data.$SRAMX))
 *(SORT_BY_ALIGNMENT(.data.$RAM3.*))
 *(SORT_BY_ALIGNMENT(.data.$SRAMX.*))
                0x04000000                . = ALIGN (0x4)
                [!provide]                PROVIDE (__end_data_RAM3 = .)
                [!provide]                PROVIDE (__end_data_SRAMX = .)

.data_RAM4      0x40100000        0x0 load address 0x0000562c
 FILL mask 0xff
                [!provide]                PROVIDE (__start_data_RAM4 = .)
                [!provide]                PROVIDE (__start_data_USB_RAM = .)
 *(SORT_BY_ALIGNMENT(.ramfunc.$RAM4))
 *(SORT_BY_ALIGNMENT(.ramfunc.$USB_RAM))
 *(SORT_BY_ALIGNMENT(.data.$RAM4))
 *(SORT_BY_ALIGNMENT(.data.$USB_RAM))
 *(SORT_BY_ALIGNMENT(.data.$RAM4.*))
 *(SORT_BY_ALIGNMENT(.data.$USB_RAM.*))
                0x40100000                . = ALIGN (0x4)
                [!provide]                PROVIDE (__end_data_RAM4 = .)
                [!provide]                PROVIDE (__end_data_USB_RAM = .)

.uninit_RESERVED
                0x20000000        0x0
                0x20000000                _start_uninit_RESERVED = .
 *(SORT_BY_ALIGNMENT(.bss.$RESERVED*))
                0x20000000                . = ALIGN (0x4)
                0x20000000                _end_uninit_RESERVED = .

.data           0x20000000       0x18 load address 0x0000562c
 FILL mask 0xff
                0x20000000                _data = .
                [!provide]                PROVIDE (__start_data_RAM = .)
                [!provide]                PROVIDE (__start_data_SRAM = .)
 *(SORT_BY_ALIGNMENT(vtable))
 *(SORT_BY_ALIGNMENT(.ramfunc*))
 *(SORT_BY_ALIGNMENT(CodeQuickAccess))
 *(SORT_BY_ALIGNMENT(DataQuickAccess))
 *(SORT_BY_ALIGNMENT(RamFunction))
 *(SORT_BY_ALIGNMENT(.data*))
 .data.s_Ext_Clk_Freq
                0x20000000        0x4 ./drivers/fsl_clock.o
 .data.usart1_NonBlockingDriverState
                0x20000004       0x10 ./drivers/fsl_usart_cmsis.o
                0x20000004                usart1_NonBlockingDriverState
 .data.SystemCoreClock
                0x20000014        0x4 ./device/system_LPC55S69_cm33_core0.o
                0x20000014                SystemCoreClock
                0x20000018                . = ALIGN (0x4)
                0x20000018                _edata = .
                [!provide]                PROVIDE (__end_data_RAM = .)
                [!provide]                PROVIDE (__end_data_SRAM = .)

.igot.plt       0x20000018        0x0 load address 0x00005644
 .igot.plt      0x20000018        0x0 ./utilities/fsl_assert.o

.bss_RAM2       0x20040000        0x0
                [!provide]                PROVIDE (__start_bss_RAM2 = .)
                [!provide]                PROVIDE (__start_bss_SRAM4 = .)
 *(SORT_BY_ALIGNMENT(.bss.$RAM2))
 *(SORT_BY_ALIGNMENT(.bss.$SRAM4))
 *(SORT_BY_ALIGNMENT(.bss.$RAM2.*))
 *(SORT_BY_ALIGNMENT(.bss.$SRAM4.*))
                0x20040000                . = ALIGN ((. != 0x0)?0x4:0x1)
                [!provide]                PROVIDE (__end_bss_RAM2 = .)
                [!provide]                PROVIDE (__end_bss_SRAM4 = .)

.bss_RAM3       0x04000000        0x0
                [!provide]                PROVIDE (__start_bss_RAM3 = .)
                [!provide]                PROVIDE (__start_bss_SRAMX = .)
 *(SORT_BY_ALIGNMENT(.bss.$RAM3))
 *(SORT_BY_ALIGNMENT(.bss.$SRAMX))
 *(SORT_BY_ALIGNMENT(.bss.$RAM3.*))
 *(SORT_BY_ALIGNMENT(.bss.$SRAMX.*))
                0x04000000                . = ALIGN ((. != 0x0)?0x4:0x1)
                [!provide]                PROVIDE (__end_bss_RAM3 = .)
                [!provide]                PROVIDE (__end_bss_SRAMX = .)

.bss_RAM4       0x40100000        0x0
                [!provide]                PROVIDE (__start_bss_RAM4 = .)
                [!provide]                PROVIDE (__start_bss_USB_RAM = .)
 *(SORT_BY_ALIGNMENT(.bss.$RAM4))
 *(SORT_BY_ALIGNMENT(.bss.$USB_RAM))
 *(SORT_BY_ALIGNMENT(.bss.$RAM4.*))
 *(SORT_BY_ALIGNMENT(.bss.$USB_RAM.*))
                0x40100000                . = ALIGN ((. != 0x0)?0x4:0x1)
                [!provide]                PROVIDE (__end_bss_RAM4 = .)
                [!provide]                PROVIDE (__end_bss_USB_RAM = .)

.bss            0x20000018      0x240
                0x20000018                _bss = .
                [!provide]                PROVIDE (__start_bss_RAM = .)
                [!provide]                PROVIDE (__start_bss_SRAM = .)
 *(SORT_BY_ALIGNMENT(.bss*))
 .bss.flashInstance
                0x20000018       0x3c ./source/main.o
                0x20000018                flashInstance
 .bss.s_Pll0_Freq
                0x20000054        0x4 ./drivers/fsl_clock.o
 .bss.s_Pll1_Freq
                0x20000058        0x4 ./drivers/fsl_clock.o
 .bss.s_I2S_Mclk_Freq
                0x2000005c        0x4 ./drivers/fsl_clock.o
 .bss.s_DMAHandle
                0x20000060       0xb8 ./drivers/fsl_dma.o
 .bss.s_flexcommIrqHandler
                0x20000118       0x24 ./drivers/fsl_flexcomm.o
 .bss.s_flexcommHandle
                0x2000013c       0x24 ./drivers/fsl_flexcomm.o
 .bss.s_ctx     0x20000160        0x4 ./drivers/fsl_hashcrypt.o
 .bss.versionMajor
                0x20000164        0x4 ./drivers/fsl_iap.o
 .bss.USART1_Handle
                0x20000168       0x30 ./drivers/fsl_usart_cmsis.o
                0x20000168                USART1_Handle
 .bss.__Ciob    0x20000198       0xb4 c:/nxp/mcuxpressoide_11.2.1_4149/ide/plugins/com.nxp.mcuxpresso.tools.win32_11.2.0.202008311134/tools/bin/../lib/gcc/arm-none-eabi/9.2.1/../../../../arm-none-eabi/lib/thumb/v8-m.main+fp/hard\libcr_semihost_nf.a(__ciob.o)
                0x20000198                __Ciob
 .bss.__end_of_heap
                0x2000024c        0x4 c:/nxp/mcuxpressoide_11.2.1_4149/ide/plugins/com.nxp.mcuxpresso.tools.win32_11.2.0.202008311134/tools/bin/../lib/gcc/arm-none-eabi/9.2.1/../../../../arm-none-eabi/lib/thumb/v8-m.main+fp/hard\libcr_c.a(__init_alloc.o)
                0x2000024c                __end_of_heap
 .bss.__heaps   0x20000250        0x4 c:/nxp/mcuxpressoide_11.2.1_4149/ide/plugins/com.nxp.mcuxpresso.tools.win32_11.2.0.202008311134/tools/bin/../lib/gcc/arm-none-eabi/9.2.1/../../../../arm-none-eabi/lib/thumb/v8-m.main+fp/hard\libcr_c.a(__init_alloc.o)
                0x20000250                __heaps
 .bss.errno     0x20000254        0x4 c:/nxp/mcuxpressoide_11.2.1_4149/ide/plugins/com.nxp.mcuxpresso.tools.win32_11.2.0.202008311134/tools/bin/../lib/gcc/arm-none-eabi/9.2.1/../../../../arm-none-eabi/lib/thumb/v8-m.main+fp/hard\libcr_c.a(errno.o)
                0x20000254                errno
 *(SORT_BY_ALIGNMENT(COMMON))
                0x20000258                . = ALIGN (0x4)
                0x20000258                _ebss = .
                [!provide]                PROVIDE (__end_bss_RAM = .)
                [!provide]                PROVIDE (__end_bss_SRAM = .)
                [!provide]                PROVIDE (end = .)

.noinit_RAM2    0x20040000        0x0
                [!provide]                PROVIDE (__start_noinit_RAM2 = .)
                [!provide]                PROVIDE (__start_noinit_SRAM4 = .)
 *(SORT_BY_ALIGNMENT(.noinit.$RAM2))
 *(SORT_BY_ALIGNMENT(.noinit.$SRAM4))
 *(SORT_BY_ALIGNMENT(.noinit.$RAM2.*))
 *(SORT_BY_ALIGNMENT(.noinit.$SRAM4.*))
                0x20040000                . = ALIGN (0x4)
                [!provide]                PROVIDE (__end_noinit_RAM2 = .)
                [!provide]                PROVIDE (__end_noinit_SRAM4 = .)

.noinit_RAM3    0x04000000        0x0
                [!provide]                PROVIDE (__start_noinit_RAM3 = .)
                [!provide]                PROVIDE (__start_noinit_SRAMX = .)
 *(SORT_BY_ALIGNMENT(.noinit.$RAM3))
 *(SORT_BY_ALIGNMENT(.noinit.$SRAMX))
 *(SORT_BY_ALIGNMENT(.noinit.$RAM3.*))
 *(SORT_BY_ALIGNMENT(.noinit.$SRAMX.*))
                0x04000000                . = ALIGN (0x4)
                [!provide]                PROVIDE (__end_noinit_RAM3 = .)
                [!provide]                PROVIDE (__end_noinit_SRAMX = .)

.noinit_RAM4    0x40100000        0x0
                [!provide]                PROVIDE (__start_noinit_RAM4 = .)
                [!provide]                PROVIDE (__start_noinit_USB_RAM = .)
 *(SORT_BY_ALIGNMENT(.noinit.$RAM4))
 *(SORT_BY_ALIGNMENT(.noinit.$USB_RAM))
 *(SORT_BY_ALIGNMENT(.noinit.$RAM4.*))
 *(SORT_BY_ALIGNMENT(.noinit.$USB_RAM.*))
                0x40100000                . = ALIGN (0x4)
                [!provide]                PROVIDE (__end_noinit_RAM4 = .)
                [!provide]                PROVIDE (__end_noinit_USB_RAM = .)

.noinit         0x20000258        0x0
                0x20000258                _noinit = .
                [!provide]                PROVIDE (__start_noinit_RAM = .)
                [!provide]                PROVIDE (__start_noinit_SRAM = .)
 *(SORT_BY_ALIGNMENT(.noinit*))
                0x20000258                . = ALIGN (0x4)
                0x20000258                _end_noinit = .
                [!provide]                PROVIDE (__end_noinit_RAM = .)
                [!provide]                PROVIDE (__end_noinit_SRAM = .)
                0x00001000                _HeapSize = 0x1000

.heap           0x20000258     0x1000
                0x20000258                _pvHeapStart = .
                0x20001258                . = (. + _HeapSize)
 *fill*         0x20000258     0x1000 
                0x20001258                . = ALIGN (0x4)
                0x20001258                _pvHeapLimit = .
                0x00001000                _StackSize = 0x1000

.heap2stackfill
                0x20001258     0x1000
                0x20002258                . = (. + _StackSize)
 *fill*         0x20001258     0x1000 

.stack          0x2003f000        0x0
                0x2003f000                _vStackBase = .
                0x2003f000                . = ALIGN (0x4)
                0x20040000                _vStackTop = (. + _StackSize)
                [!provide]                PROVIDE (__valid_user_code_checksum = (0x0 - ((((((_vStackTop + (ResetISR + 0x1)) + (NMI_Handler + 0x1)) + (HardFault_Handler + 0x1)) + (DEFINED (MemManage_Handler)?MemManage_Handler:0x0 + 0x1)) + (DEFINED (BusFault_Handler)?BusFault_Handler:0x0 + 0x1)) + (DEFINED (UsageFault_Handler)?UsageFault_Handler:0x0 + 0x1))))
                0x00000000                _image_start = LOADADDR (.text)
                0x00005644                _image_end = (LOADADDR (.data) + SIZEOF (.data))
                0x00005644                _image_size = (_image_end - _image_start)
OUTPUT(AsvinIDGeneator.axf elf32-littlearm)

.debug_info     0x00000000    0x1aa0e
 .debug_info    0x00000000      0x243 ./utilities/fsl_assert.o
 .debug_info    0x00000243      0x6fb ./startup/startup_lpc55s69_cm33_core0.o
 .debug_info    0x0000093e     0x1b39 ./source/main.o
 .debug_info    0x00002477       0x3c ./source/semihost_hardfault.o
 .debug_info    0x000024b3     0x31a0 ./drivers/fsl_clock.o
 .debug_info    0x00005653     0x2a34 ./drivers/fsl_dma.o
 .debug_info    0x00008087     0x19ec ./drivers/fsl_flexcomm.o
 .debug_info    0x00009a73     0x2ada ./drivers/fsl_hashcrypt.o
 .debug_info    0x0000c54d     0x10dc ./drivers/fsl_iap.o
 .debug_info    0x0000d629     0x1ba8 ./drivers/fsl_puf.o
 .debug_info    0x0000f1d1      0xf17 ./drivers/fsl_reset.o
 .debug_info    0x000100e8     0x1738 ./drivers/fsl_usart.o
 .debug_info    0x00011820     0x1942 ./drivers/fsl_usart_cmsis.o
 .debug_info    0x00013162     0x13b5 ./device/system_LPC55S69_cm33_core0.o
 .debug_info    0x00014517      0xa4b ./board/board.o
 .debug_info    0x00014f62     0x15ef ./board/clock_config.o
 .debug_info    0x00016551      0xff7 ./board/pin_mux.o
 .debug_info    0x00017548     0x34c6 C:\Users\omkar\Documents\MCUXpressoIDE_11.2.1_4149\workspace\asvinid-esp-at\AsvinIDGeneator\libs\libpower_hardabi.a(fsl_power_lib.o)

.debug_abbrev   0x00000000     0x2edd
 .debug_abbrev  0x00000000       0xe9 ./utilities/fsl_assert.o
 .debug_abbrev  0x000000e9      0x15a ./startup/startup_lpc55s69_cm33_core0.o
 .debug_abbrev  0x00000243      0x346 ./source/main.o
 .debug_abbrev  0x00000589       0x31 ./source/semihost_hardfault.o
 .debug_abbrev  0x000005ba      0x38c ./drivers/fsl_clock.o
 .debug_abbrev  0x00000946      0x39c ./drivers/fsl_dma.o
 .debug_abbrev  0x00000ce2      0x2d6 ./drivers/fsl_flexcomm.o
 .debug_abbrev  0x00000fb8      0x45a ./drivers/fsl_hashcrypt.o
 .debug_abbrev  0x00001412      0x28c ./drivers/fsl_iap.o
 .debug_abbrev  0x0000169e      0x359 ./drivers/fsl_puf.o
 .debug_abbrev  0x000019f7      0x195 ./drivers/fsl_reset.o
 .debug_abbrev  0x00001b8c      0x3a2 ./drivers/fsl_usart.o
 .debug_abbrev  0x00001f2e      0x378 ./drivers/fsl_usart_cmsis.o
 .debug_abbrev  0x000022a6      0x1fa ./device/system_LPC55S69_cm33_core0.o
 .debug_abbrev  0x000024a0      0x172 ./board/board.o
 .debug_abbrev  0x00002612      0x212 ./board/clock_config.o
 .debug_abbrev  0x00002824      0x225 ./board/pin_mux.o
 .debug_abbrev  0x00002a49      0x494 C:\Users\omkar\Documents\MCUXpressoIDE_11.2.1_4149\workspace\asvinid-esp-at\AsvinIDGeneator\libs\libpower_hardabi.a(fsl_power_lib.o)

.debug_aranges  0x00000000      0xd98
 .debug_aranges
                0x00000000       0x20 ./utilities/fsl_assert.o
 .debug_aranges
                0x00000020      0x268 ./startup/startup_lpc55s69_cm33_core0.o
 .debug_aranges
                0x00000288       0x58 ./source/main.o
 .debug_aranges
                0x000002e0       0x20 ./source/semihost_hardfault.o
 .debug_aranges
                0x00000300      0x220 ./drivers/fsl_clock.o
 .debug_aranges
                0x00000520      0x138 ./drivers/fsl_dma.o
 .debug_aranges
                0x00000658       0x90 ./drivers/fsl_flexcomm.o
 .debug_aranges
                0x000006e8      0x138 ./drivers/fsl_hashcrypt.o
 .debug_aranges
                0x00000820       0x98 ./drivers/fsl_iap.o
 .debug_aranges
                0x000008b8       0xa0 ./drivers/fsl_puf.o
 .debug_aranges
                0x00000958       0x30 ./drivers/fsl_reset.o
 .debug_aranges
                0x00000988       0xe8 ./drivers/fsl_usart.o
 .debug_aranges
                0x00000a70      0x138 ./drivers/fsl_usart_cmsis.o
 .debug_aranges
                0x00000ba8       0x88 ./device/system_LPC55S69_cm33_core0.o
 .debug_aranges
                0x00000c30       0x30 ./board/board.o
 .debug_aranges
                0x00000c60       0x50 ./board/clock_config.o
 .debug_aranges
                0x00000cb0       0x58 ./board/pin_mux.o
 .debug_aranges
                0x00000d08       0x90 C:\Users\omkar\Documents\MCUXpressoIDE_11.2.1_4149\workspace\asvinid-esp-at\AsvinIDGeneator\libs\libpower_hardabi.a(fsl_power_lib.o)

.debug_ranges   0x00000000      0xde0
 .debug_ranges  0x00000000       0x10 ./utilities/fsl_assert.o
 .debug_ranges  0x00000010      0x258 ./startup/startup_lpc55s69_cm33_core0.o
 .debug_ranges  0x00000268       0x48 ./source/main.o
 .debug_ranges  0x000002b0       0x10 ./source/semihost_hardfault.o
 .debug_ranges  0x000002c0      0x210 ./drivers/fsl_clock.o
 .debug_ranges  0x000004d0      0x128 ./drivers/fsl_dma.o
 .debug_ranges  0x000005f8       0x80 ./drivers/fsl_flexcomm.o
 .debug_ranges  0x00000678      0x128 ./drivers/fsl_hashcrypt.o
 .debug_ranges  0x000007a0       0x88 ./drivers/fsl_iap.o
 .debug_ranges  0x00000828       0x90 ./drivers/fsl_puf.o
 .debug_ranges  0x000008b8       0x20 ./drivers/fsl_reset.o
 .debug_ranges  0x000008d8       0xd8 ./drivers/fsl_usart.o
 .debug_ranges  0x000009b0      0x128 ./drivers/fsl_usart_cmsis.o
 .debug_ranges  0x00000ad8       0x78 ./device/system_LPC55S69_cm33_core0.o
 .debug_ranges  0x00000b50       0x20 ./board/board.o
 .debug_ranges  0x00000b70       0x40 ./board/clock_config.o
 .debug_ranges  0x00000bb0       0x48 ./board/pin_mux.o
 .debug_ranges  0x00000bf8      0x1e8 C:\Users\omkar\Documents\MCUXpressoIDE_11.2.1_4149\workspace\asvinid-esp-at\AsvinIDGeneator\libs\libpower_hardabi.a(fsl_power_lib.o)

.debug_macro    0x00000000    0x162ff
 .debug_macro   0x00000000      0x166 ./utilities/fsl_assert.o
 .debug_macro   0x00000166      0xaf0 ./utilities/fsl_assert.o
 .debug_macro   0x00000c56       0x10 ./utilities/fsl_assert.o
 .debug_macro   0x00000c66       0x1c ./utilities/fsl_assert.o
 .debug_macro   0x00000c82       0x22 ./utilities/fsl_assert.o
 .debug_macro   0x00000ca4      0x12e ./utilities/fsl_assert.o
 .debug_macro   0x00000dd2      0x5b3 ./utilities/fsl_assert.o
 .debug_macro   0x00001385       0x22 ./utilities/fsl_assert.o
 .debug_macro   0x000013a7       0x10 ./utilities/fsl_assert.o
 .debug_macro   0x000013b7       0x46 ./utilities/fsl_assert.o
 .debug_macro   0x000013fd       0x1c ./utilities/fsl_assert.o
 .debug_macro   0x00001419       0x29 ./utilities/fsl_assert.o
 .debug_macro   0x00001442      0x101 ./utilities/fsl_assert.o
 .debug_macro   0x00001543     0x1336 ./utilities/fsl_assert.o
 .debug_macro   0x00002879       0x5e ./utilities/fsl_assert.o
 .debug_macro   0x000028d7       0x2e ./utilities/fsl_assert.o
 .debug_macro   0x00002905    0x10b34 ./utilities/fsl_assert.o
 .debug_macro   0x00013439      0x3be ./utilities/fsl_assert.o
 .debug_macro   0x000137f7       0xd7 ./utilities/fsl_assert.o
 .debug_macro   0x000138ce      0x2ca ./utilities/fsl_assert.o
 .debug_macro   0x00013b98       0x16 ./utilities/fsl_assert.o
 .debug_macro   0x00013bae       0xd2 ./utilities/fsl_assert.o
 .debug_macro   0x00013c80       0x2e ./utilities/fsl_assert.o
 .debug_macro   0x00013cae       0x2e ./utilities/fsl_assert.o
 .debug_macro   0x00013cdc       0x47 ./utilities/fsl_assert.o
 .debug_macro   0x00013d23       0x16 ./utilities/fsl_assert.o
 .debug_macro   0x00013d39       0xd2 ./utilities/fsl_assert.o
 .debug_macro   0x00013e0b       0x1c ./utilities/fsl_assert.o
 .debug_macro   0x00013e27       0x29 ./startup/startup_lpc55s69_cm33_core0.o
 .debug_macro   0x00013e50      0x27b ./source/main.o
 .debug_macro   0x000140cb       0x2f ./source/main.o
 .debug_macro   0x000140fa       0x10 ./source/main.o
 .debug_macro   0x0001410a       0xf6 ./source/main.o
 .debug_macro   0x00014200      0x240 ./source/main.o
 .debug_macro   0x00014440       0x76 ./source/main.o
 .debug_macro   0x000144b6      0x304 ./source/main.o
 .debug_macro   0x000147ba       0x34 ./source/main.o
 .debug_macro   0x000147ee      0x1e0 ./source/main.o
 .debug_macro   0x000149ce      0x160 ./source/main.o
 .debug_macro   0x00014b2e       0x22 ./source/main.o
 .debug_macro   0x00014b50       0x76 ./source/main.o
 .debug_macro   0x00014bc6       0x1c ./source/main.o
 .debug_macro   0x00014be2       0x2e ./source/main.o
 .debug_macro   0x00014c10       0x22 ./source/main.o
 .debug_macro   0x00014c32       0x2f ./source/main.o
 .debug_macro   0x00014c61       0x9e ./source/main.o
 .debug_macro   0x00014cff       0x3b ./source/main.o
 .debug_macro   0x00014d3a       0x11 ./source/semihost_hardfault.o
 .debug_macro   0x00014d4b      0x1bd ./drivers/fsl_clock.o
 .debug_macro   0x00014f08      0x12d ./drivers/fsl_dma.o
 .debug_macro   0x00015035       0x70 ./drivers/fsl_dma.o
 .debug_macro   0x000150a5      0x127 ./drivers/fsl_flexcomm.o
 .debug_macro   0x000151cc       0x10 ./drivers/fsl_flexcomm.o
 .debug_macro   0x000151dc      0x14b ./drivers/fsl_hashcrypt.o
 .debug_macro   0x00015327       0x35 ./drivers/fsl_hashcrypt.o
 .debug_macro   0x0001535c      0x151 ./drivers/fsl_iap.o
 .debug_macro   0x000154ad       0x29 ./drivers/fsl_iap.o
 .debug_macro   0x000154d6       0xa4 ./drivers/fsl_iap.o
 .debug_macro   0x0001557a      0x141 ./drivers/fsl_puf.o
 .debug_macro   0x000156bb       0x16 ./drivers/fsl_puf.o
 .debug_macro   0x000156d1       0x1c ./drivers/fsl_puf.o
 .debug_macro   0x000156ed       0x1c ./drivers/fsl_puf.o
 .debug_macro   0x00015709      0x11e ./drivers/fsl_reset.o
 .debug_macro   0x00015827      0x136 ./drivers/fsl_usart.o
 .debug_macro   0x0001595d       0x1c ./drivers/fsl_usart.o
 .debug_macro   0x00015979      0x190 ./drivers/fsl_usart_cmsis.o
 .debug_macro   0x00015b09       0xc1 ./device/system_LPC55S69_cm33_core0.o
 .debug_macro   0x00015bca      0x19a ./board/board.o
 .debug_macro   0x00015d64       0x35 ./board/board.o
 .debug_macro   0x00015d99      0x13e ./board/clock_config.o
 .debug_macro   0x00015ed7      0x2fe ./board/clock_config.o
 .debug_macro   0x000161d5      0x12a ./board/pin_mux.o

.debug_line     0x00000000     0xa77f
 .debug_line    0x00000000      0x50c ./utilities/fsl_assert.o
 .debug_line    0x0000050c      0x6ab ./startup/startup_lpc55s69_cm33_core0.o
 .debug_line    0x00000bb7      0x98a ./source/main.o
 .debug_line    0x00001541       0x59 ./source/semihost_hardfault.o
 .debug_line    0x0000159a     0x16d4 ./drivers/fsl_clock.o
 .debug_line    0x00002c6e      0xe6b ./drivers/fsl_dma.o
 .debug_line    0x00003ad9      0x62c ./drivers/fsl_flexcomm.o
 .debug_line    0x00004105      0xf6b ./drivers/fsl_hashcrypt.o
 .debug_line    0x00005070      0x723 ./drivers/fsl_iap.o
 .debug_line    0x00005793      0xa7c ./drivers/fsl_puf.o
 .debug_line    0x0000620f      0x3fe ./drivers/fsl_reset.o
 .debug_line    0x0000660d      0xe72 ./drivers/fsl_usart.o
 .debug_line    0x0000747f      0xb05 ./drivers/fsl_usart_cmsis.o
 .debug_line    0x00007f84      0x6c9 ./device/system_LPC55S69_cm33_core0.o
 .debug_line    0x0000864d      0x5e0 ./board/board.o
 .debug_line    0x00008c2d      0x53c ./board/clock_config.o
 .debug_line    0x00009169      0x550 ./board/pin_mux.o
 .debug_line    0x000096b9     0x10c6 C:\Users\omkar\Documents\MCUXpressoIDE_11.2.1_4149\workspace\asvinid-esp-at\AsvinIDGeneator\libs\libpower_hardabi.a(fsl_power_lib.o)

.debug_str      0x00000000    0xbb0c2
 .debug_str     0x00000000    0xac074 ./utilities/fsl_assert.o
                              0xac117 (size before relaxing)
 .debug_str     0x000ac074      0x6f7 ./startup/startup_lpc55s69_cm33_core0.o
                               0x363e (size before relaxing)
 .debug_str     0x000ac76b     0x7552 ./source/main.o
                              0xb3820 (size before relaxing)
 .debug_str     0x000b3cbd       0x1f ./source/semihost_hardfault.o
                               0x2f6c (size before relaxing)
 .debug_str     0x000b3cdc     0x2280 ./drivers/fsl_clock.o
                              0xb039a (size before relaxing)
 .debug_str     0x000b5f5c     0x14ff ./drivers/fsl_dma.o
                              0xaebe1 (size before relaxing)
 .debug_str     0x000b745b      0x33c ./drivers/fsl_flexcomm.o
                              0xadafb (size before relaxing)
 .debug_str     0x000b7797      0x809 ./drivers/fsl_hashcrypt.o
                              0xae26b (size before relaxing)
 .debug_str     0x000b7fa0      0x86a ./drivers/fsl_iap.o
                              0xacff1 (size before relaxing)
 .debug_str     0x000b880a      0x27d ./drivers/fsl_puf.o
                              0xad100 (size before relaxing)
 .debug_str     0x000b8a87       0xae ./drivers/fsl_reset.o
                              0xac574 (size before relaxing)
 .debug_str     0x000b8b35      0xb40 ./drivers/fsl_usart.o
                              0xad3aa (size before relaxing)
 .debug_str     0x000b9675      0x5fc ./drivers/fsl_usart_cmsis.o
                              0xaf1f8 (size before relaxing)
 .debug_str     0x000b9c71      0x203 ./device/system_LPC55S69_cm33_core0.o
                              0xaa354 (size before relaxing)
 .debug_str     0x000b9e74       0xe1 ./board/board.o
                              0xaece5 (size before relaxing)
 .debug_str     0x000b9f55       0xac ./board/clock_config.o
                              0xae4c9 (size before relaxing)
 .debug_str     0x000ba001       0xc3 ./board/pin_mux.o
                              0xacc3d (size before relaxing)
 .debug_str     0x000ba0c4      0xffe C:\Users\omkar\Documents\MCUXpressoIDE_11.2.1_4149\workspace\asvinid-esp-at\AsvinIDGeneator\libs\libpower_hardabi.a(fsl_power_lib.o)
                               0x31c0 (size before relaxing)

.comment        0x00000000       0x79
 .comment       0x00000000       0x79 ./utilities/fsl_assert.o
                                 0x7a (size before relaxing)
 .comment       0x00000079       0x7a ./startup/startup_lpc55s69_cm33_core0.o
 .comment       0x00000079       0x7a ./source/main.o
 .comment       0x00000079       0x7a ./source/semihost_hardfault.o
 .comment       0x00000079       0x7a ./drivers/fsl_clock.o
 .comment       0x00000079       0x7a ./drivers/fsl_dma.o
 .comment       0x00000079       0x7a ./drivers/fsl_flexcomm.o
 .comment       0x00000079       0x7a ./drivers/fsl_hashcrypt.o
 .comment       0x00000079       0x7a ./drivers/fsl_iap.o
 .comment       0x00000079       0x7a ./drivers/fsl_puf.o
 .comment       0x00000079       0x7a ./drivers/fsl_reset.o
 .comment       0x00000079       0x7a ./drivers/fsl_usart.o
 .comment       0x00000079       0x7a ./drivers/fsl_usart_cmsis.o
 .comment       0x00000079       0x7a ./device/system_LPC55S69_cm33_core0.o
 .comment       0x00000079       0x7a ./board/board.o
 .comment       0x00000079       0x7a ./board/clock_config.o
 .comment       0x00000079       0x7a ./board/pin_mux.o
 .comment       0x00000079       0x7a C:\Users\omkar\Documents\MCUXpressoIDE_11.2.1_4149\workspace\asvinid-esp-at\AsvinIDGeneator\libs\libpower_hardabi.a(fsl_power_lib.o)
 .comment       0x00000079       0x7a c:/nxp/mcuxpressoide_11.2.1_4149/ide/plugins/com.nxp.mcuxpresso.tools.win32_11.2.0.202008311134/tools/bin/../lib/gcc/arm-none-eabi/9.2.1/../../../../arm-none-eabi/lib/thumb/v8-m.main+fp/hard\libcr_semihost_nf.a(__ciob.o)
 .comment       0x00000079       0x7a c:/nxp/mcuxpressoide_11.2.1_4149/ide/plugins/com.nxp.mcuxpresso.tools.win32_11.2.0.202008311134/tools/bin/../lib/gcc/arm-none-eabi/9.2.1/../../../../arm-none-eabi/lib/thumb/v8-m.main+fp/hard\libcr_semihost_nf.a(_cr__main.o)
 .comment       0x00000079       0x7a c:/nxp/mcuxpressoide_11.2.1_4149/ide/plugins/com.nxp.mcuxpresso.tools.win32_11.2.0.202008311134/tools/bin/../lib/gcc/arm-none-eabi/9.2.1/../../../../arm-none-eabi/lib/thumb/v8-m.main+fp/hard\libcr_c.a(memcpy.o)
 .comment       0x00000079       0x7a c:/nxp/mcuxpressoide_11.2.1_4149/ide/plugins/com.nxp.mcuxpresso.tools.win32_11.2.0.202008311134/tools/bin/../lib/gcc/arm-none-eabi/9.2.1/../../../../arm-none-eabi/lib/thumb/v8-m.main+fp/hard\libcr_c.a(memset.o)
 .comment       0x00000079       0x7a c:/nxp/mcuxpressoide_11.2.1_4149/ide/plugins/com.nxp.mcuxpresso.tools.win32_11.2.0.202008311134/tools/bin/../lib/gcc/arm-none-eabi/9.2.1/../../../../arm-none-eabi/lib/thumb/v8-m.main+fp/hard\libcr_c.a(_deferredlazyseek.o)
 .comment       0x00000079       0x7a c:/nxp/mcuxpressoide_11.2.1_4149/ide/plugins/com.nxp.mcuxpresso.tools.win32_11.2.0.202008311134/tools/bin/../lib/gcc/arm-none-eabi/9.2.1/../../../../arm-none-eabi/lib/thumb/v8-m.main+fp/hard\libcr_c.a(_fflush.o)
 .comment       0x00000079       0x7a c:/nxp/mcuxpressoide_11.2.1_4149/ide/plugins/com.nxp.mcuxpresso.tools.win32_11.2.0.202008311134/tools/bin/../lib/gcc/arm-none-eabi/9.2.1/../../../../arm-none-eabi/lib/thumb/v8-m.main+fp/hard\libcr_c.a(_writebuf.o)
 .comment       0x00000079       0x7a c:/nxp/mcuxpressoide_11.2.1_4149/ide/plugins/com.nxp.mcuxpresso.tools.win32_11.2.0.202008311134/tools/bin/../lib/gcc/arm-none-eabi/9.2.1/../../../../arm-none-eabi/lib/thumb/v8-m.main+fp/hard\libcr_c.a(alloc.o)
 .comment       0x00000079       0x7a c:/nxp/mcuxpressoide_11.2.1_4149/ide/plugins/com.nxp.mcuxpresso.tools.win32_11.2.0.202008311134/tools/bin/../lib/gcc/arm-none-eabi/9.2.1/../../../../arm-none-eabi/lib/thumb/v8-m.main+fp/hard\libcr_c.a(fseek.o)
 .comment       0x00000079       0x7a c:/nxp/mcuxpressoide_11.2.1_4149/ide/plugins/com.nxp.mcuxpresso.tools.win32_11.2.0.202008311134/tools/bin/../lib/gcc/arm-none-eabi/9.2.1/../../../../arm-none-eabi/lib/thumb/v8-m.main+fp/hard\libcr_c.a(ftell.o)
 .comment       0x00000079       0x7a c:/nxp/mcuxpressoide_11.2.1_4149/ide/plugins/com.nxp.mcuxpresso.tools.win32_11.2.0.202008311134/tools/bin/../lib/gcc/arm-none-eabi/9.2.1/../../../../arm-none-eabi/lib/thumb/v8-m.main+fp/hard\libcr_c.a(initio.o)
 .comment       0x00000079       0x7a c:/nxp/mcuxpressoide_11.2.1_4149/ide/plugins/com.nxp.mcuxpresso.tools.win32_11.2.0.202008311134/tools/bin/../lib/gcc/arm-none-eabi/9.2.1/../../../../arm-none-eabi/lib/thumb/v8-m.main+fp/hard\libcr_c.a(printf.o)
 .comment       0x00000079       0x7a c:/nxp/mcuxpressoide_11.2.1_4149/ide/plugins/com.nxp.mcuxpresso.tools.win32_11.2.0.202008311134/tools/bin/../lib/gcc/arm-none-eabi/9.2.1/../../../../arm-none-eabi/lib/thumb/v8-m.main+fp/hard\libcr_c.a(setvbuf.o)
 .comment       0x00000079       0x7a c:/nxp/mcuxpressoide_11.2.1_4149/ide/plugins/com.nxp.mcuxpresso.tools.win32_11.2.0.202008311134/tools/bin/../lib/gcc/arm-none-eabi/9.2.1/../../../../arm-none-eabi/lib/thumb/v8-m.main+fp/hard\libcr_c.a(strlen.o)
 .comment       0x00000079       0x7a c:/nxp/mcuxpressoide_11.2.1_4149/ide/plugins/com.nxp.mcuxpresso.tools.win32_11.2.0.202008311134/tools/bin/../lib/gcc/arm-none-eabi/9.2.1/../../../../arm-none-eabi/lib/thumb/v8-m.main+fp/hard\libcr_c.a(__init_alloc.o)
 .comment       0x00000079       0x7a c:/nxp/mcuxpressoide_11.2.1_4149/ide/plugins/com.nxp.mcuxpresso.tools.win32_11.2.0.202008311134/tools/bin/../lib/gcc/arm-none-eabi/9.2.1/../../../../arm-none-eabi/lib/thumb/v8-m.main+fp/hard\libcr_c.a(_cr_sbrk.o)
 .comment       0x00000079       0x7a c:/nxp/mcuxpressoide_11.2.1_4149/ide/plugins/com.nxp.mcuxpresso.tools.win32_11.2.0.202008311134/tools/bin/../lib/gcc/arm-none-eabi/9.2.1/../../../../arm-none-eabi/lib/thumb/v8-m.main+fp/hard\libcr_c.a(_fdopen.o)
 .comment       0x00000079       0x7a c:/nxp/mcuxpressoide_11.2.1_4149/ide/plugins/com.nxp.mcuxpresso.tools.win32_11.2.0.202008311134/tools/bin/../lib/gcc/arm-none-eabi/9.2.1/../../../../arm-none-eabi/lib/thumb/v8-m.main+fp/hard\libcr_c.a(errno.o)
 .comment       0x00000079       0x7a c:/nxp/mcuxpressoide_11.2.1_4149/ide/plugins/com.nxp.mcuxpresso.tools.win32_11.2.0.202008311134/tools/bin/../lib/gcc/arm-none-eabi/9.2.1/../../../../arm-none-eabi/lib/thumb/v8-m.main+fp/hard\libcr_c.a(fclose.o)
 .comment       0x00000079       0x7a c:/nxp/mcuxpressoide_11.2.1_4149/ide/plugins/com.nxp.mcuxpresso.tools.win32_11.2.0.202008311134/tools/bin/../lib/gcc/arm-none-eabi/9.2.1/../../../../arm-none-eabi/lib/thumb/v8-m.main+fp/hard\libcr_c.a(fflush.o)
 .comment       0x00000079       0x7a c:/nxp/mcuxpressoide_11.2.1_4149/ide/plugins/com.nxp.mcuxpresso.tools.win32_11.2.0.202008311134/tools/bin/../lib/gcc/arm-none-eabi/9.2.1/../../../../arm-none-eabi/lib/thumb/v8-m.main+fp/hard\libcr_c.a(remove.o)
 .comment       0x00000079       0x7a c:/nxp/mcuxpressoide_11.2.1_4149/ide/plugins/com.nxp.mcuxpresso.tools.win32_11.2.0.202008311134/tools/bin/../lib/gcc/arm-none-eabi/9.2.1/../../../../arm-none-eabi/lib/thumb/v8-m.main+fp/hard\libcr_c.a(_cr_check_heap.o)
 .comment       0x00000079       0x7a c:/nxp/mcuxpressoide_11.2.1_4149/ide/plugins/com.nxp.mcuxpresso.tools.win32_11.2.0.202008311134/tools/bin/../lib/gcc/arm-none-eabi/9.2.1/../../../../arm-none-eabi/lib/thumb/v8-m.main+fp/hard\libcr_c.a(_do_fflush.o)

.ARM.attributes
                0x00000000       0x38
 .ARM.attributes
                0x00000000       0x3a ./utilities/fsl_assert.o
 .ARM.attributes
                0x0000003a       0x3a ./startup/startup_lpc55s69_cm33_core0.o
 .ARM.attributes
                0x00000074       0x3a ./source/main.o
 .ARM.attributes
                0x000000ae       0x3a ./source/semihost_hardfault.o
 .ARM.attributes
                0x000000e8       0x3a ./drivers/fsl_clock.o
 .ARM.attributes
                0x00000122       0x3a ./drivers/fsl_dma.o
 .ARM.attributes
                0x0000015c       0x3a ./drivers/fsl_flexcomm.o
 .ARM.attributes
                0x00000196       0x3a ./drivers/fsl_hashcrypt.o
 .ARM.attributes
                0x000001d0       0x3a ./drivers/fsl_iap.o
 .ARM.attributes
                0x0000020a       0x3a ./drivers/fsl_puf.o
 .ARM.attributes
                0x00000244       0x3a ./drivers/fsl_reset.o
 .ARM.attributes
                0x0000027e       0x3a ./drivers/fsl_usart.o
 .ARM.attributes
                0x000002b8       0x3a ./drivers/fsl_usart_cmsis.o
 .ARM.attributes
                0x000002f2       0x3a ./device/system_LPC55S69_cm33_core0.o
 .ARM.attributes
                0x0000032c       0x3a ./board/board.o
 .ARM.attributes
                0x00000366       0x3a ./board/clock_config.o
 .ARM.attributes
                0x000003a0       0x3a ./board/pin_mux.o
 .ARM.attributes
                0x000003da       0x3a C:\Users\omkar\Documents\MCUXpressoIDE_11.2.1_4149\workspace\asvinid-esp-at\AsvinIDGeneator\libs\libpower_hardabi.a(fsl_power_lib.o)
 .ARM.attributes
                0x00000414       0x3c c:/nxp/mcuxpressoide_11.2.1_4149/ide/plugins/com.nxp.mcuxpresso.tools.win32_11.2.0.202008311134/tools/bin/../lib/gcc/arm-none-eabi/9.2.1/../../../../arm-none-eabi/lib/thumb/v8-m.main+fp/hard\libcr_semihost_nf.a(__ciob.o)
 .ARM.attributes
                0x00000450       0x3a c:/nxp/mcuxpressoide_11.2.1_4149/ide/plugins/com.nxp.mcuxpresso.tools.win32_11.2.0.202008311134/tools/bin/../lib/gcc/arm-none-eabi/9.2.1/../../../../arm-none-eabi/lib/thumb/v8-m.main+fp/hard\libcr_semihost_nf.a(_cr__main.o)
 .ARM.attributes
                0x0000048a       0x3a c:/nxp/mcuxpressoide_11.2.1_4149/ide/plugins/com.nxp.mcuxpresso.tools.win32_11.2.0.202008311134/tools/bin/../lib/gcc/arm-none-eabi/9.2.1/../../../../arm-none-eabi/lib/thumb/v8-m.main+fp/hard\libcr_c.a(memcpy.o)
 .ARM.attributes
                0x000004c4       0x3a c:/nxp/mcuxpressoide_11.2.1_4149/ide/plugins/com.nxp.mcuxpresso.tools.win32_11.2.0.202008311134/tools/bin/../lib/gcc/arm-none-eabi/9.2.1/../../../../arm-none-eabi/lib/thumb/v8-m.main+fp/hard\libcr_c.a(memset.o)
 .ARM.attributes
                0x000004fe       0x3a c:/nxp/mcuxpressoide_11.2.1_4149/ide/plugins/com.nxp.mcuxpresso.tools.win32_11.2.0.202008311134/tools/bin/../lib/gcc/arm-none-eabi/9.2.1/../../../../arm-none-eabi/lib/thumb/v8-m.main+fp/hard\libcr_c.a(_deferredlazyseek.o)
 .ARM.attributes
                0x00000538       0x3a c:/nxp/mcuxpressoide_11.2.1_4149/ide/plugins/com.nxp.mcuxpresso.tools.win32_11.2.0.202008311134/tools/bin/../lib/gcc/arm-none-eabi/9.2.1/../../../../arm-none-eabi/lib/thumb/v8-m.main+fp/hard\libcr_c.a(_fflush.o)
 .ARM.attributes
                0x00000572       0x3a c:/nxp/mcuxpressoide_11.2.1_4149/ide/plugins/com.nxp.mcuxpresso.tools.win32_11.2.0.202008311134/tools/bin/../lib/gcc/arm-none-eabi/9.2.1/../../../../arm-none-eabi/lib/thumb/v8-m.main+fp/hard\libcr_c.a(_writebuf.o)
 .ARM.attributes
                0x000005ac       0x3a c:/nxp/mcuxpressoide_11.2.1_4149/ide/plugins/com.nxp.mcuxpresso.tools.win32_11.2.0.202008311134/tools/bin/../lib/gcc/arm-none-eabi/9.2.1/../../../../arm-none-eabi/lib/thumb/v8-m.main+fp/hard\libcr_c.a(alloc.o)
 .ARM.attributes
                0x000005e6       0x3a c:/nxp/mcuxpressoide_11.2.1_4149/ide/plugins/com.nxp.mcuxpresso.tools.win32_11.2.0.202008311134/tools/bin/../lib/gcc/arm-none-eabi/9.2.1/../../../../arm-none-eabi/lib/thumb/v8-m.main+fp/hard\libcr_c.a(fseek.o)
 .ARM.attributes
                0x00000620       0x3a c:/nxp/mcuxpressoide_11.2.1_4149/ide/plugins/com.nxp.mcuxpresso.tools.win32_11.2.0.202008311134/tools/bin/../lib/gcc/arm-none-eabi/9.2.1/../../../../arm-none-eabi/lib/thumb/v8-m.main+fp/hard\libcr_c.a(ftell.o)
 .ARM.attributes
                0x0000065a       0x3a c:/nxp/mcuxpressoide_11.2.1_4149/ide/plugins/com.nxp.mcuxpresso.tools.win32_11.2.0.202008311134/tools/bin/../lib/gcc/arm-none-eabi/9.2.1/../../../../arm-none-eabi/lib/thumb/v8-m.main+fp/hard\libcr_c.a(initio.o)
 .ARM.attributes
                0x00000694       0x3a c:/nxp/mcuxpressoide_11.2.1_4149/ide/plugins/com.nxp.mcuxpresso.tools.win32_11.2.0.202008311134/tools/bin/../lib/gcc/arm-none-eabi/9.2.1/../../../../arm-none-eabi/lib/thumb/v8-m.main+fp/hard\libcr_c.a(printf.o)
 .ARM.attributes
                0x000006ce       0x3a c:/nxp/mcuxpressoide_11.2.1_4149/ide/plugins/com.nxp.mcuxpresso.tools.win32_11.2.0.202008311134/tools/bin/../lib/gcc/arm-none-eabi/9.2.1/../../../../arm-none-eabi/lib/thumb/v8-m.main+fp/hard\libcr_c.a(setvbuf.o)
 .ARM.attributes
                0x00000708       0x3a c:/nxp/mcuxpressoide_11.2.1_4149/ide/plugins/com.nxp.mcuxpresso.tools.win32_11.2.0.202008311134/tools/bin/../lib/gcc/arm-none-eabi/9.2.1/../../../../arm-none-eabi/lib/thumb/v8-m.main+fp/hard\libcr_c.a(strlen.o)
 .ARM.attributes
                0x00000742       0x3a c:/nxp/mcuxpressoide_11.2.1_4149/ide/plugins/com.nxp.mcuxpresso.tools.win32_11.2.0.202008311134/tools/bin/../lib/gcc/arm-none-eabi/9.2.1/../../../../arm-none-eabi/lib/thumb/v8-m.main+fp/hard\libcr_c.a(__init_alloc.o)
 .ARM.attributes