Archive member included to satisfy reference by file (symbol)

C:\Users\omkar\Documents\MCUXpressoIDE_11.2.1_4149\workspace\lpcxpresso55s69_cmsis_usart_interrupt_transfer\libs\libpower_hardabi.a(fsl_power_lib.o)
                              ./drivers/fsl_clock.o (POWER_SetVoltageForFreq)
c:/nxp/mcuxpressoide_11.2.1_4149/ide/plugins/com.nxp.mcuxpresso.tools.win32_11.2.0.202008311134/tools/bin/../lib/gcc/arm-none-eabi/9.2.1/../../../../arm-none-eabi/lib/thumb/v8-m.main+fp/hard\libcr_semihost_nf.a(_cr__main.o)
                              ./startup/startup_lpc55s69_cm33_core0.o (__main)
c:/nxp/mcuxpressoide_11.2.1_4149/ide/plugins/com.nxp.mcuxpresso.tools.win32_11.2.0.202008311134/tools/bin/../lib/gcc/arm-none-eabi/9.2.1/../../../../arm-none-eabi/lib/thumb/v8-m.main+fp/hard\libcr_c.a(memcpy.o)
                              ./utilities/fsl_str.o (memcpy)
c:/nxp/mcuxpressoide_11.2.1_4149/ide/plugins/com.nxp.mcuxpresso.tools.win32_11.2.0.202008311134/tools/bin/../lib/gcc/arm-none-eabi/9.2.1/../../../../arm-none-eabi/lib/thumb/v8-m.main+fp/hard\libcr_c.a(memset.o)
                              ./drivers/fsl_clock.o (memset)
c:/nxp/mcuxpressoide_11.2.1_4149/ide/plugins/com.nxp.mcuxpresso.tools.win32_11.2.0.202008311134/tools/bin/../lib/gcc/arm-none-eabi/9.2.1/../../../../arm-none-eabi/lib/thumb/v8-m.main+fp/hard\libcr_c.a(alloc.o)
                              ./drivers/fsl_common.o (malloc)
c:/nxp/mcuxpressoide_11.2.1_4149/ide/plugins/com.nxp.mcuxpresso.tools.win32_11.2.0.202008311134/tools/bin/../lib/gcc/arm-none-eabi/9.2.1/../../../../arm-none-eabi/lib/thumb/v8-m.main+fp/hard\libcr_c.a(initio.o)
                              c:/nxp/mcuxpressoide_11.2.1_4149/ide/plugins/com.nxp.mcuxpresso.tools.win32_11.2.0.202008311134/tools/bin/../lib/gcc/arm-none-eabi/9.2.1/../../../../arm-none-eabi/lib/thumb/v8-m.main+fp/hard\libcr_semihost_nf.a(_cr__main.o) (_initio)
c:/nxp/mcuxpressoide_11.2.1_4149/ide/plugins/com.nxp.mcuxpresso.tools.win32_11.2.0.202008311134/tools/bin/../lib/gcc/arm-none-eabi/9.2.1/../../../../arm-none-eabi/lib/thumb/v8-m.main+fp/hard\libcr_c.a(printf.o)
                              ./utilities/fsl_assert.o (_printf)
c:/nxp/mcuxpressoide_11.2.1_4149/ide/plugins/com.nxp.mcuxpresso.tools.win32_11.2.0.202008311134/tools/bin/../lib/gcc/arm-none-eabi/9.2.1/../../../../arm-none-eabi/lib/thumb/v8-m.main+fp/hard\libcr_c.a(scanf.o)
                              ./utilities/fsl_str.o (strtoul)
c:/nxp/mcuxpressoide_11.2.1_4149/ide/plugins/com.nxp.mcuxpresso.tools.win32_11.2.0.202008311134/tools/bin/../lib/gcc/arm-none-eabi/9.2.1/../../../../arm-none-eabi/lib/thumb/v8-m.main+fp/hard\libcr_c.a(setvbuf.o)
                              c:/nxp/mcuxpressoide_11.2.1_4149/ide/plugins/com.nxp.mcuxpresso.tools.win32_11.2.0.202008311134/tools/bin/../lib/gcc/arm-none-eabi/9.2.1/../../../../arm-none-eabi/lib/thumb/v8-m.main+fp/hard\libcr_c.a(initio.o) (setvbuf)
c:/nxp/mcuxpressoide_11.2.1_4149/ide/plugins/com.nxp.mcuxpresso.tools.win32_11.2.0.202008311134/tools/bin/../lib/gcc/arm-none-eabi/9.2.1/../../../../arm-none-eabi/lib/thumb/v8-m.main+fp/hard\libcr_c.a(strlen.o)
                              ./utilities/fsl_str.o (strlen)
c:/nxp/mcuxpressoide_11.2.1_4149/ide/plugins/com.nxp.mcuxpresso.tools.win32_11.2.0.202008311134/tools/bin/../lib/gcc/arm-none-eabi/9.2.1/../../../../arm-none-eabi/lib/thumb/v8-m.main+fp/hard\libcr_c.a(ungetc.o)
                              c:/nxp/mcuxpressoide_11.2.1_4149/ide/plugins/com.nxp.mcuxpresso.tools.win32_11.2.0.202008311134/tools/bin/../lib/gcc/arm-none-eabi/9.2.1/../../../../arm-none-eabi/lib/thumb/v8-m.main+fp/hard\libcr_c.a(scanf.o) (ungetc)
c:/nxp/mcuxpressoide_11.2.1_4149/ide/plugins/com.nxp.mcuxpresso.tools.win32_11.2.0.202008311134/tools/bin/../lib/gcc/arm-none-eabi/9.2.1/../../../../arm-none-eabi/lib/thumb/v8-m.main+fp/hard\libcr_c.a(__fillbuf.o)
                              c:/nxp/mcuxpressoide_11.2.1_4149/ide/plugins/com.nxp.mcuxpresso.tools.win32_11.2.0.202008311134/tools/bin/../lib/gcc/arm-none-eabi/9.2.1/../../../../arm-none-eabi/lib/thumb/v8-m.main+fp/hard\libcr_c.a(scanf.o) (__filbuf)
c:/nxp/mcuxpressoide_11.2.1_4149/ide/plugins/com.nxp.mcuxpresso.tools.win32_11.2.0.202008311134/tools/bin/../lib/gcc/arm-none-eabi/9.2.1/../../../../arm-none-eabi/lib/thumb/v8-m.main+fp/hard\libcr_c.a(__init_alloc.o)
                              c:/nxp/mcuxpressoide_11.2.1_4149/ide/plugins/com.nxp.mcuxpresso.tools.win32_11.2.0.202008311134/tools/bin/../lib/gcc/arm-none-eabi/9.2.1/../../../../arm-none-eabi/lib/thumb/v8-m.main+fp/hard\libcr_c.a(alloc.o) (__heaps)
c:/nxp/mcuxpressoide_11.2.1_4149/ide/plugins/com.nxp.mcuxpresso.tools.win32_11.2.0.202008311134/tools/bin/../lib/gcc/arm-none-eabi/9.2.1/../../../../arm-none-eabi/lib/thumb/v8-m.main+fp/hard\libcr_c.a(_cr_sbrk.o)
[...]
Memory Configuration

Name             Origin             Length             Attributes
PROGRAM_FLASH    0x00000000         0x00098000         xr
SRAM             0x20000000         0x00040000         xrw
SRAM4            0x20040000         0x00004000         xrw
SRAMX            0x04000000         0x00008000         xrw
USB_RAM          0x40100000         0x00004000         xrw
*default*        0x00000000         0xffffffff

Linker script and memory map

LOAD ./utilities/fsl_assert.o
LOAD ./utilities/fsl_debug_console.o
LOAD ./utilities/fsl_str.o
LOAD ./startup/boot_multicore_slave.o
LOAD ./startup/startup_lpc55s69_cm33_core0.o
LOAD ./source/cmsis_usart_interrupt_transfer.o
LOAD ./source/semihost_hardfault.o
LOAD ./drivers/fsl_clock.o
LOAD ./drivers/fsl_common.o
LOAD ./drivers/fsl_dma.o
LOAD ./drivers/fsl_flexcomm.o
LOAD ./drivers/fsl_gpio.o
LOAD ./drivers/fsl_inputmux.o
LOAD ./drivers/fsl_power.o
LOAD ./drivers/fsl_reset.o
LOAD ./drivers/fsl_usart.o
LOAD ./drivers/fsl_usart_cmsis.o
LOAD ./drivers/fsl_usart_dma.o
LOAD ./device/system_LPC55S69_cm33_core0.o
LOAD ./component/uart/usart_adapter.o
LOAD ./component/serial_manager/serial_manager.o
LOAD ./component/serial_manager/serial_port_uart.o
LOAD ./component/lists/generic_list.o
LOAD ./board/board.o
LOAD ./board/clock_config.o
LOAD ./board/peripherals.o
LOAD ./board/pin_mux.o
LOAD C:\Users\omkar\Documents\MCUXpressoIDE_11.2.1_4149\workspace\lpcxpresso55s69_cmsis_usart_interrupt_transfer\libs\libpower_hardabi.a
START GROUP
LOAD c:/nxp/mcuxpressoide_11.2.1_4149/ide/plugins/com.nxp.mcuxpresso.tools.win32_11.2.0.202008311134/tools/bin/../lib/gcc/arm-none-eabi/9.2.1/../../../../arm-none-eabi/lib/thumb/v8-m.main+fp/hard\libcr_semihost_nf.a
LOAD c:/nxp/mcuxpressoide_11.2.1_4149/ide/plugins/com.nxp.mcuxpresso.tools.win32_11.2.0.202008311134/tools/bin/../lib/gcc/arm-none-eabi/9.2.1/../../../../arm-none-eabi/lib/thumb/v8-m.main+fp/hard\libcr_c.a
LOAD c:/nxp/mcuxpressoide_11.2.1_4149/ide/plugins/com.nxp.mcuxpresso.tools.win32_11.2.0.202008311134/tools/bin/../lib/gcc/arm-none-eabi/9.2.1/thumb/v8-m.main+fp/hard\libcr_eabihelpers.a
LOAD c:/nxp/mcuxpressoide_11.2.1_4149/ide/plugins/com.nxp.mcuxpresso.tools.win32_11.2.0.202008311134/tools/bin/../lib/gcc/arm-none-eabi/9.2.1/thumb/v8-m.main+fp/hard\libgcc.a
END GROUP
                0x00000000                __base_PROGRAM_FLASH = 0x0
                0x00000000                __base_Flash = 0x0
                0x00098000                __top_PROGRAM_FLASH = 0x98000
                0x00098000                __top_Flash = 0x98000
                0x20000000                __base_SRAM = 0x20000000
                0x20000000                __base_RAM = 0x20000000
                0x20040000                __top_SRAM = 0x20040000
                0x20040000                __top_RAM = 0x20040000
                0x20040000                __base_SRAM4 = 0x20040000
                0x20040000                __base_RAM2 = 0x20040000
                0x20044000                __top_SRAM4 = 0x20044000
                0x20044000                __top_RAM2 = 0x20044000
                0x04000000                __base_SRAMX = 0x4000000
                0x04000000                __base_RAM3 = 0x4000000
                0x04008000                __top_SRAMX = 0x4008000
                0x04008000                __top_RAM3 = 0x4008000
                0x40100000                __base_USB_RAM = 0x40100000
                0x40100000                __base_RAM4 = 0x40100000
                0x40104000                __top_USB_RAM = 0x40104000
                0x40104000                __top_RAM4 = 0x40104000

.text           0x00000000     0x4858
 FILL mask 0xff
                0x00000000                __vectors_start__ = ABSOLUTE (.)
 *(SORT_BY_ALIGNMENT(.isr_vector))
 .isr_vector    0x00000000      0x130 ./startup/startup_lpc55s69_cm33_core0.o
                0x00000000                g_pfnVectors
                0x00000000                __Vectors
                0x00000130                . = ALIGN (0x4)
                0x00000130                __section_table_start = .
                0x00000130                __data_section_table = .
                0x00000130        0x4 LONG 0x4858 LOADADDR (.data)
                0x00000134        0x4 LONG 0x20000000 ADDR (.data)
                0x00000138        0x4 LONG 0xc8 SIZEOF (.data)
                0x0000013c        0x4 LONG 0x4858 LOADADDR (.data_RAM2)
                0x00000140        0x4 LONG 0x20040000 ADDR (.data_RAM2)
                0x00000144        0x4 LONG 0x0 SIZEOF (.data_RAM2)
                0x00000148        0x4 LONG 0x4858 LOADADDR (.data_RAM3)
                0x0000014c        0x4 LONG 0x4000000 ADDR (.data_RAM3)
                0x00000150        0x4 LONG 0x0 SIZEOF (.data_RAM3)
                0x00000154        0x4 LONG 0x4858 LOADADDR (.data_RAM4)
                0x00000158        0x4 LONG 0x40100000 ADDR (.data_RAM4)
                0x0000015c        0x4 LONG 0x0 SIZEOF (.data_RAM4)
                0x00000160                __data_section_table_end = .
                0x00000160                __bss_section_table = .
                0x00000160        0x4 LONG 0x200000c8 ADDR (.bss)
                0x00000164        0x4 LONG 0x454 SIZEOF (.bss)
                0x00000168        0x4 LONG 0x20040000 ADDR (.bss_RAM2)
                0x0000016c        0x4 LONG 0x0 SIZEOF (.bss_RAM2)
                0x00000170        0x4 LONG 0x4000000 ADDR (.bss_RAM3)
                0x00000174        0x4 LONG 0x0 SIZEOF (.bss_RAM3)
                0x00000178        0x4 LONG 0x40100000 ADDR (.bss_RAM4)
                0x0000017c        0x4 LONG 0x0 SIZEOF (.bss_RAM4)
                0x00000180                __bss_section_table_end = .
                0x00000180                __section_table_end = .
 *(SORT_BY_ALIGNMENT(.after_vectors*))
 .after_vectors.reset
                0x00000180       0x4c ./startup/startup_lpc55s69_cm33_core0.o
                0x00000180                ResetISR
 .after_vectors.init_data
                0x000001cc       0x1e ./startup/startup_lpc55s69_cm33_core0.o
                0x000001cc                data_init
 .after_vectors.init_bss
                0x000001ea       0x12 ./startup/startup_lpc55s69_cm33_core0.o
                0x000001ea                bss_init
 .after_vectors
                0x000001fc       0x16 ./startup/startup_lpc55s69_cm33_core0.o
                0x000001fc                NMI_Handler
                0x00000200                MemManage_Handler
                0x00000202                BusFault_Handler
                0x00000204                UsageFault_Handler
                0x00000206                SecureFault_Handler
                0x00000208                SVC_Handler
                0x0000020a                DebugMon_Handler
                0x0000020c                PendSV_Handler
                0x0000020e                SysTick_Handler
                0x00000210                Reserved56_DriverIRQHandler
                0x00000210                PIN_INT0_DriverIRQHandler
                0x00000210                CTIMER2_DriverIRQHandler
                0x00000210                SEC_VIO_DriverIRQHandler
                0x00000210                IntDefaultHandler
                0x00000210                USB0_DriverIRQHandler
                0x00000210                CASER_DriverIRQHandler
                0x00000210                MRT0_DriverIRQHandler
                0x00000210                PIN_INT2_DriverIRQHandler
                0x00000210                Reserved41_DriverIRQHandler
                0x00000210                PIN_INT4_DriverIRQHandler
                0x00000210                PIN_INT5_DriverIRQHandler
                0x00000210                SEC_GPIO_INT0_IRQ0_DriverIRQHandler
                0x00000210                CTIMER4_DriverIRQHandler
                0x00000210                GINT1_DriverIRQHandler
                0x00000210                PIN_INT7_DriverIRQHandler
                0x00000210                Reserved55_DriverIRQHandler
                0x00000210                UTICK0_DriverIRQHandler
                0x00000210                USB0_NEEDCLK_DriverIRQHandler
                0x00000210                CTIMER0_DriverIRQHandler
                0x00000210                CTIMER1_DriverIRQHandler
                0x00000210                PIN_INT3_DriverIRQHandler
                0x00000210                PIN_INT6_DriverIRQHandler
                0x00000210                PQ_DriverIRQHandler
                0x00000210                MAILBOX_DriverIRQHandler
                0x00000210                PIN_INT1_DriverIRQHandler
                0x00000210                CTIMER3_DriverIRQHandler
                0x00000210                Reserved61_DriverIRQHandler
                0x00000210                SEC_GPIO_INT0_IRQ1_DriverIRQHandler
                0x00000210                PUF_DriverIRQHandler
                0x00000210                RTC_DriverIRQHandler
                0x00000210                Reserved42_DriverIRQHandler
                0x00000210                Reserved39_DriverIRQHandler
                0x00000210                USB1_DriverIRQHandler
                0x00000210                Reserved60_DriverIRQHandler
                0x00000210                ADC0_DriverIRQHandler
                0x00000210                USB1_NEEDCLK_DriverIRQHandler
                0x00000210                Reserved59_DriverIRQHandler
                0x00000210                SDIO_DriverIRQHandler
                0x00000210                GINT0_DriverIRQHandler
                0x00000210                USB1_PHY_DriverIRQHandler
                0x00000210                ACMP_DriverIRQHandler
                0x00000210                Reserved57_DriverIRQHandler
                0x00000210                HASHCRYPT_DriverIRQHandler
                0x00000210                Reserved46_DriverIRQHandler
                0x00000210                WDT_BOD_DriverIRQHandler
                0x00000210                SCT0_DriverIRQHandler
                0x00000210                PLU_DriverIRQHandler
                0x00000210                OS_EVENT_DriverIRQHandler
                0x00000210                SEC_HYPERVISOR_CALL_DriverIRQHandler
 *(SORT_BY_ALIGNMENT(.text*))
 *fill*         0x00000212        0x2 ff
 .text.__assertion_failed
                0x00000214       0x18 ./utilities/fsl_assert.o
                0x00000214                __assertion_failed
 .text.POWER_SetBodVbatLevel
                0x0000022c       0x58 ./source/cmsis_usart_interrupt_transfer.o
 .text.main     0x00000284      0x288 ./source/cmsis_usart_interrupt_transfer.o
                0x00000284                main
 .text.POWER_DisablePD
                0x0000050c       0x20 ./drivers/fsl_clock.o
 .text.CLOCK_AttachClk
                0x0000052c       0x98 ./drivers/fsl_clock.o
                0x0000052c                CLOCK_AttachClk
 .text.CLOCK_SetClkDiv
                0x000005c4       0x5c ./drivers/fsl_clock.o
                0x000005c4                CLOCK_SetClkDiv
 .text.CLOCK_SetupFROClocking
                0x00000620       0x80 ./drivers/fsl_clock.o
                0x00000620                CLOCK_SetupFROClocking
 .text.CLOCK_SetFLASHAccessCyclesForFreq
                0x000006a0      0x148 ./drivers/fsl_clock.o
                0x000006a0                CLOCK_SetFLASHAccessCyclesForFreq
 .text.CLOCK_GetFro12MFreq
                0x000007e8       0x28 ./drivers/fsl_clock.o
                0x000007e8                CLOCK_GetFro12MFreq
 .text.CLOCK_GetFro1MFreq
                0x00000810       0x28 ./drivers/fsl_clock.o
                0x00000810                CLOCK_GetFro1MFreq
 .text.CLOCK_GetExtClkFreq
                0x00000838       0x2c ./drivers/fsl_clock.o
                0x00000838                CLOCK_GetExtClkFreq
 .text.CLOCK_GetFroHfFreq
                0x00000864       0x28 ./drivers/fsl_clock.o
                0x00000864                CLOCK_GetFroHfFreq
 .text.CLOCK_GetPll0OutFreq
                0x0000088c       0x18 ./drivers/fsl_clock.o
                0x0000088c                CLOCK_GetPll0OutFreq
 .text.CLOCK_GetPll1OutFreq
                0x000008a4       0x18 ./drivers/fsl_clock.o
                0x000008a4                CLOCK_GetPll1OutFreq
 .text.CLOCK_GetOsc32KFreq
                0x000008bc       0x58 ./drivers/fsl_clock.o
                0x000008bc                CLOCK_GetOsc32KFreq
 .text.CLOCK_GetCoreSysClkFreq
                0x00000914       0xa8 ./drivers/fsl_clock.o
                0x00000914                CLOCK_GetCoreSysClkFreq
 .text.CLOCK_GetI2SMClkFreq
                0x000009bc       0x18 ./drivers/fsl_clock.o
                0x000009bc                CLOCK_GetI2SMClkFreq
 .text.CLOCK_GetFlexCommInputClock
                0x000009d4       0xbc ./drivers/fsl_clock.o
                0x000009d4                CLOCK_GetFlexCommInputClock
 .text.DMA_GetInstance
                0x00000a90       0x4c ./drivers/fsl_dma.o
 .text.DMA_IRQHandle
                0x00000adc      0x168 ./drivers/fsl_dma.o
                0x00000adc                DMA_IRQHandle
 .text.DMA0_DriverIRQHandler
                0x00000c44       0x14 ./drivers/fsl_dma.o
                0x00000c44                DMA0_DriverIRQHandler
 .text.DMA1_DriverIRQHandler
                0x00000c58       0x14 ./drivers/fsl_dma.o
                0x00000c58                DMA1_DriverIRQHandler
 .text.FLEXCOMM_GetInstance
                0x00000c6c       0x50 ./drivers/fsl_flexcomm.o
                0x00000c6c                FLEXCOMM_GetInstance
 .text.FLEXCOMM_Init
                0x00000cbc       0x50 ./drivers/fsl_flexcomm.o
                0x00000cbc                FLEXCOMM_Init
 .text.FLEXCOMM_SetIRQHandler
                0x00000d0c       0x44 ./drivers/fsl_flexcomm.o
                0x00000d0c                FLEXCOMM_SetIRQHandler
 .text.FLEXCOMM0_DriverIRQHandler
                0x00000d50       0x38 ./drivers/fsl_flexcomm.o
                0x00000d50                FLEXCOMM0_DriverIRQHandler
 .text.FLEXCOMM1_DriverIRQHandler
                0x00000d88       0x38 ./drivers/fsl_flexcomm.o
                0x00000d88                FLEXCOMM1_DriverIRQHandler
 .text.FLEXCOMM2_DriverIRQHandler
                0x00000dc0       0x38 ./drivers/fsl_flexcomm.o
                0x00000dc0                FLEXCOMM2_DriverIRQHandler
 .text.FLEXCOMM3_DriverIRQHandler
                0x00000df8       0x38 ./drivers/fsl_flexcomm.o
                0x00000df8                FLEXCOMM3_DriverIRQHandler
 .text.FLEXCOMM4_DriverIRQHandler
                0x00000e30       0x38 ./drivers/fsl_flexcomm.o
                0x00000e30                FLEXCOMM4_DriverIRQHandler
 .text.FLEXCOMM5_DriverIRQHandler
                0x00000e68       0x38 ./drivers/fsl_flexcomm.o
                0x00000e68                FLEXCOMM5_DriverIRQHandler
 .text.FLEXCOMM6_DriverIRQHandler
                0x00000ea0       0x38 ./drivers/fsl_flexcomm.o
                0x00000ea0                FLEXCOMM6_DriverIRQHandler
 .text.FLEXCOMM7_DriverIRQHandler
                0x00000ed8       0x38 ./drivers/fsl_flexcomm.o
                0x00000ed8                FLEXCOMM7_DriverIRQHandler
 .text.FLEXCOMM8_DriverIRQHandler
                0x00000f10       0x38 ./drivers/fsl_flexcomm.o
                0x00000f10                FLEXCOMM8_DriverIRQHandler
 .text.RESET_SetPeripheralReset
                0x00000f48       0x5c ./drivers/fsl_reset.o
                0x00000f48                RESET_SetPeripheralReset
 .text.RESET_ClearPeripheralReset
                0x00000fa4       0x60 ./drivers/fsl_reset.o
                0x00000fa4                RESET_ClearPeripheralReset
 .text.__NVIC_EnableIRQ
                0x00001004       0x3c ./drivers/fsl_usart.o
 .text.USART_GetInstance
                0x00001040       0x4c ./drivers/fsl_usart.o
                0x00001040                USART_GetInstance
 .text.USART_TransferGetRxRingBufferLength
                0x0000108c       0x50 ./drivers/fsl_usart.o
                0x0000108c                USART_TransferGetRxRingBufferLength
 .text.USART_TransferIsRxRingBufferFull
                0x000010dc       0x40 ./drivers/fsl_usart.o
 .text.USART_Init
                0x0000111c      0x1c0 ./drivers/fsl_usart.o
                0x0000111c                USART_Init
 .text.USART_Deinit
                0x000012dc       0x54 ./drivers/fsl_usart.o
                0x000012dc                USART_Deinit
 .text.USART_GetDefaultConfig
                0x00001330       0x7c ./drivers/fsl_usart.o
                0x00001330                USART_GetDefaultConfig
 .text.USART_SetBaudRate
                0x000013ac      0x128 ./drivers/fsl_usart.o
                0x000013ac                USART_SetBaudRate
 .text.USART_TransferCreateHandle
                0x000014d4       0xc4 ./drivers/fsl_usart.o
                0x000014d4                USART_TransferCreateHandle
 .text.USART_TransferSendNonBlocking
                0x00001598       0xbc ./drivers/fsl_usart.o
                0x00001598                USART_TransferSendNonBlocking
 .text.USART_TransferReceiveNonBlocking
                0x00001654      0x1b0 ./drivers/fsl_usart.o
                0x00001654                USART_TransferReceiveNonBlocking
 .text.USART_TransferHandleIRQ
                0x00001804      0x32c ./drivers/fsl_usart.o
                0x00001804                USART_TransferHandleIRQ
 .text.USARTx_GetVersion
                0x00001b30       0x2c ./drivers/fsl_usart_cmsis.o
 .text.USART_NonBlockingPowerControl
                0x00001b5c       0xcc ./drivers/fsl_usart_cmsis.o
 .text.USART1_NonBlockingInitialize
                0x00001c28       0x24 ./drivers/fsl_usart_cmsis.o
 .text.USART1_NonBlockingUninitialize
                0x00001c4c       0x18 ./drivers/fsl_usart_cmsis.o
 .text.USART1_NonBlockingPowerControl
                0x00001c64       0x28 ./drivers/fsl_usart_cmsis.o
 .text.USART1_NonBlockingSend
                0x00001c8c       0x24 ./drivers/fsl_usart_cmsis.o
 .text.USART1_NonBlockingReceive
                0x00001cb0       0x24 ./drivers/fsl_usart_cmsis.o
 .text.USART1_NonBlockingTransfer
                0x00001cd4       0x28 ./drivers/fsl_usart_cmsis.o
 .text.USART1_NonBlockingGetTxCount
                0x00001cfc       0x14 ./drivers/fsl_usart_cmsis.o
 .text.USART1_NonBlockingGetRxCount
                0x00001d10       0x14 ./drivers/fsl_usart_cmsis.o
 .text.USART1_NonBlockingControl
                0x00001d24       0x30 ./drivers/fsl_usart_cmsis.o
 .text.USART1_NonBlockingGetStatus
                0x00001d54       0x14 ./drivers/fsl_usart_cmsis.o
 .text.SystemInit
                0x00001d68       0x64 ./device/system_LPC55S69_cm33_core0.o
                0x00001d68                SystemInit
 .text.BOARD_InitDebugConsole
                0x00001dcc       0x38 ./board/board.o
                0x00001dcc                BOARD_InitDebugConsole
 .text.POWER_DisablePD
                0x00001e04       0x20 ./board/clock_config.o
 .text.BOARD_BootClockFROHF96M
                0x00001e24       0xf8 ./board/clock_config.o
                0x00001e24                BOARD_BootClockFROHF96M
 .text.USART1_InitPins
                0x00001f1c       0x40 ./board/pin_mux.o
                0x00001f1c                USART1_InitPins
 .text.USART1_DeinitPins
                0x00001f5c       0x44 ./board/pin_mux.o
                0x00001f5c                USART1_DeinitPins
 .text.lowpower_set_system_voltage
                0x00001fa0       0xa0 C:\Users\omkar\Documents\MCUXpressoIDE_11.2.1_4149\workspace\lpcxpresso55s69_cmsis_usart_interrupt_transfer\libs\libpower_hardabi.a(fsl_power_lib.o)
 .text.lowpower_set_voltage_for_process
                0x00002040       0x84 C:\Users\omkar\Documents\MCUXpressoIDE_11.2.1_4149\workspace\lpcxpresso55s69_cmsis_usart_interrupt_transfer\libs\libpower_hardabi.a(fsl_power_lib.o)
 .text.POWER_SetVoltageForFreq
                0x000020c4       0x84 C:\Users\omkar\Documents\MCUXpressoIDE_11.2.1_4149\workspace\lpcxpresso55s69_cmsis_usart_interrupt_transfer\libs\libpower_hardabi.a(fsl_power_lib.o)
                0x000020c4                POWER_SetVoltageForFreq
 .text.malloc   0x00002148       0xc8 c:/nxp/mcuxpressoide_11.2.1_4149/ide/plugins/com.nxp.mcuxpresso.tools.win32_11.2.0.202008311134/tools/bin/../lib/gcc/arm-none-eabi/9.2.1/../../../../arm-none-eabi/lib/thumb/v8-m.main+fp/hard\libcr_c.a(alloc.o)
                0x00002148                malloc
 .text._Csys_alloc
                0x00002210       0x20 c:/nxp/mcuxpressoide_11.2.1_4149/ide/plugins/com.nxp.mcuxpresso.tools.win32_11.2.0.202008311134/tools/bin/../lib/gcc/arm-none-eabi/9.2.1/../../../../arm-none-eabi/lib/thumb/v8-m.main+fp/hard\libcr_c.a(alloc.o)
                0x00002210                _Csys_alloc
 .text._initio  0x00002230       0x78 c:/nxp/mcuxpressoide_11.2.1_4149/ide/plugins/com.nxp.mcuxpresso.tools.win32_11.2.0.202008311134/tools/bin/../lib/gcc/arm-none-eabi/9.2.1/../../../../arm-none-eabi/lib/thumb/v8-m.main+fp/hard\libcr_c.a(initio.o)
                0x00002230                _initio
 .text.__vfprintf
                0x000022a8      0xcdc c:/nxp/mcuxpressoide_11.2.1_4149/ide/plugins/com.nxp.mcuxpresso.tools.win32_11.2.0.202008311134/tools/bin/../lib/gcc/arm-none-eabi/9.2.1/../../../../arm-none-eabi/lib/thumb/v8-m.main+fp/hard\libcr_c.a(printf.o)
                0x000022a8                __vfprintf
 .text._vsnprintf
                0x00002f84       0x68 c:/nxp/mcuxpressoide_11.2.1_4149/ide/plugins/com.nxp.mcuxpresso.tools.win32_11.2.0.202008311134/tools/bin/../lib/gcc/arm-none-eabi/9.2.1/../../../../arm-none-eabi/lib/thumb/v8-m.main+fp/hard\libcr_c.a(printf.o)
                0x00002f84                _vsnprintf
 .text._printf  0x00002fec       0x54 c:/nxp/mcuxpressoide_11.2.1_4149/ide/plugins/com.nxp.mcuxpresso.tools.win32_11.2.0.202008311134/tools/bin/../lib/gcc/arm-none-eabi/9.2.1/../../../../arm-none-eabi/lib/thumb/v8-m.main+fp/hard\libcr_c.a(printf.o)
                0x00002fec                _printf
 .text._sbrk    0x00003040       0x3c c:/nxp/mcuxpressoide_11.2.1_4149/ide/plugins/com.nxp.mcuxpresso.tools.win32_11.2.0.202008311134/tools/bin/../lib/gcc/arm-none-eabi/9.2.1/../../../../arm-none-eabi/lib/thumb/v8-m.main+fp/hard\libcr_c.a(_cr_sbrk.o)
                0x00003040                _sbrk
 .text._Cwritebuf
                0x0000307c       0x6c c:/nxp/mcuxpressoide_11.2.1_4149/ide/plugins/com.nxp.mcuxpresso.tools.win32_11.2.0.202008311134/tools/bin/../lib/gcc/arm-none-eabi/9.2.1/../../../../arm-none-eabi/lib/thumb/v8-m.main+fp/hard\libcr_c.a(_writebuf.o)
                0x0000307c                _Cwritebuf
 .text.fflush   0x000030e8       0x44 c:/nxp/mcuxpressoide_11.2.1_4149/ide/plugins/com.nxp.mcuxpresso.tools.win32_11.2.0.202008311134/tools/bin/../lib/gcc/arm-none-eabi/9.2.1/../../../../arm-none-eabi/lib/thumb/v8-m.main+fp/hard\libcr_c.a(fflush.o)
                0x000030e8                fflush
 .text.fseek    0x0000312c      0x100 c:/nxp/mcuxpressoide_11.2.1_4149/ide/plugins/com.nxp.mcuxpresso.tools.win32_11.2.0.202008311134/tools/bin/../lib/gcc/arm-none-eabi/9.2.1/../../../../arm-none-eabi/lib/thumb/v8-m.main+fp/hard\libcr_c.a(fseek.o)
                0x0000312c                fseek
 .text.ftell    0x0000322c       0x44 c:/nxp/mcuxpressoide_11.2.1_4149/ide/plugins/com.nxp.mcuxpresso.tools.win32_11.2.0.202008311134/tools/bin/../lib/gcc/arm-none-eabi/9.2.1/../../../../arm-none-eabi/lib/thumb/v8-m.main+fp/hard\libcr_c.a(ftell.o)
                0x0000322c                ftell
 .text.__check_heap_overflow
                0x00003270       0x18 c:/nxp/mcuxpressoide_11.2.1_4149/ide/plugins/com.nxp.mcuxpresso.tools.win32_11.2.0.202008311134/tools/bin/../lib/gcc/arm-none-eabi/9.2.1/../../../../arm-none-eabi/lib/thumb/v8-m.main+fp/hard\libcr_c.a(_cr_check_heap.o)
                0x00003270                __check_heap_overflow
 .text.__sys_appexit
                0x00003288        0xc c:/nxp/mcuxpressoide_11.2.1_4149/ide/plugins/com.nxp.mcuxpresso.tools.win32_11.2.0.202008311134/tools/bin/../lib/gcc/arm-none-eabi/9.2.1/../../../../arm-none-eabi/lib/thumb/v8-m.main+fp/hard\libcr_semihost_nf.a(__sys_appexit.o)
                0x00003288                __sys_appexit
                0x00003288                __exit
 .text.WDT_BOD_IRQHandler
                0x00003294        0x8 ./startup/startup_lpc55s69_cm33_core0.o
                0x00003294                WDT_BOD_IRQHandler
 .text.DMA0_IRQHandler
                0x0000329c        0x8 ./startup/startup_lpc55s69_cm33_core0.o
                0x0000329c                DMA0_IRQHandler
 .text.GINT0_IRQHandler
                0x000032a4        0x8 ./startup/startup_lpc55s69_cm33_core0.o
                0x000032a4                GINT0_IRQHandler
 .text.GINT1_IRQHandler
                0x000032ac        0x8 ./startup/startup_lpc55s69_cm33_core0.o
                0x000032ac                GINT1_IRQHandler
 .text.PIN_INT0_IRQHandler
                0x000032b4        0x8 ./startup/startup_lpc55s69_cm33_core0.o
                0x000032b4                PIN_INT0_IRQHandler
 .text.PIN_INT1_IRQHandler
                0x000032bc        0x8 ./startup/startup_lpc55s69_cm33_core0.o
                0x000032bc                PIN_INT1_IRQHandler
 .text.PIN_INT2_IRQHandler
                0x000032c4        0x8 ./startup/startup_lpc55s69_cm33_core0.o
                0x000032c4                PIN_INT2_IRQHandler
 .text.PIN_INT3_IRQHandler
                0x000032cc        0x8 ./startup/startup_lpc55s69_cm33_core0.o
                0x000032cc                PIN_INT3_IRQHandler
 .text.UTICK0_IRQHandler
                0x000032d4        0x8 ./startup/startup_lpc55s69_cm33_core0.o
                0x000032d4                UTICK0_IRQHandler
 .text.MRT0_IRQHandler
                0x000032dc        0x8 ./startup/startup_lpc55s69_cm33_core0.o
                0x000032dc                MRT0_IRQHandler
 .text.CTIMER0_IRQHandler
                0x000032e4        0x8 ./startup/startup_lpc55s69_cm33_core0.o
                0x000032e4                CTIMER0_IRQHandler
 .text.CTIMER1_IRQHandler
                0x000032ec        0x8 ./startup/startup_lpc55s69_cm33_core0.o
                0x000032ec                CTIMER1_IRQHandler
 .text.SCT0_IRQHandler
                0x000032f4        0x8 ./startup/startup_lpc55s69_cm33_core0.o
                0x000032f4                SCT0_IRQHandler
 .text.CTIMER3_IRQHandler
                0x000032fc        0x8 ./startup/startup_lpc55s69_cm33_core0.o
                0x000032fc                CTIMER3_IRQHandler
 .text.FLEXCOMM0_IRQHandler
                0x00003304        0x8 ./startup/startup_lpc55s69_cm33_core0.o
                0x00003304                FLEXCOMM0_IRQHandler
 .text.FLEXCOMM1_IRQHandler
                0x0000330c        0x8 ./startup/startup_lpc55s69_cm33_core0.o
                0x0000330c                FLEXCOMM1_IRQHandler
 .text.FLEXCOMM2_IRQHandler
                0x00003314        0x8 ./startup/startup_lpc55s69_cm33_core0.o
                0x00003314                FLEXCOMM2_IRQHandler
 .text.FLEXCOMM3_IRQHandler
                0x0000331c        0x8 ./startup/startup_lpc55s69_cm33_core0.o
                0x0000331c                FLEXCOMM3_IRQHandler
 .text.FLEXCOMM4_IRQHandler
                0x00003324        0x8 ./startup/startup_lpc55s69_cm33_core0.o
                0x00003324                FLEXCOMM4_IRQHandler
 .text.FLEXCOMM5_IRQHandler
                0x0000332c        0x8 ./startup/startup_lpc55s69_cm33_core0.o
                0x0000332c                FLEXCOMM5_IRQHandler
 .text.FLEXCOMM6_IRQHandler
                0x00003334        0x8 ./startup/startup_lpc55s69_cm33_core0.o
                0x00003334                FLEXCOMM6_IRQHandler
 .text.FLEXCOMM7_IRQHandler
                0x0000333c        0x8 ./startup/startup_lpc55s69_cm33_core0.o
                0x0000333c                FLEXCOMM7_IRQHandler
 .text.ADC0_IRQHandler
                0x00003344        0x8 ./startup/startup_lpc55s69_cm33_core0.o
                0x00003344                ADC0_IRQHandler
 .text.Reserved39_IRQHandler
                0x0000334c        0x8 ./startup/startup_lpc55s69_cm33_core0.o
                0x0000334c                Reserved39_IRQHandler
 .text.ACMP_IRQHandler
                0x00003354        0x8 ./startup/startup_lpc55s69_cm33_core0.o
                0x00003354                ACMP_IRQHandler
 .text.Reserved41_IRQHandler
                0x0000335c        0x8 ./startup/startup_lpc55s69_cm33_core0.o
                0x0000335c                Reserved41_IRQHandler
 .text.Reserved42_IRQHandler
                0x00003364        0x8 ./startup/startup_lpc55s69_cm33_core0.o
                0x00003364                Reserved42_IRQHandler
 .text.USB0_NEEDCLK_IRQHandler
                0x0000336c        0x8 ./startup/startup_lpc55s69_cm33_core0.o
                0x0000336c                USB0_NEEDCLK_IRQHandler
 .text.USB0_IRQHandler
                0x00003374        0x8 ./startup/startup_lpc55s69_cm33_core0.o
                0x00003374                USB0_IRQHandler
 .text.RTC_IRQHandler
                0x0000337c        0x8 ./startup/startup_lpc55s69_cm33_core0.o
                0x0000337c                RTC_IRQHandler
 .text.Reserved46_IRQHandler
                0x00003384        0x8 ./startup/startup_lpc55s69_cm33_core0.o
                0x00003384                Reserved46_IRQHandler
 .text.MAILBOX_IRQHandler
                0x0000338c        0x8 ./startup/startup_lpc55s69_cm33_core0.o
                0x0000338c                MAILBOX_IRQHandler
 .text.PIN_INT4_IRQHandler
                0x00003394        0x8 ./startup/startup_lpc55s69_cm33_core0.o
                0x00003394                PIN_INT4_IRQHandler
 .text.PIN_INT5_IRQHandler
                0x0000339c        0x8 ./startup/startup_lpc55s69_cm33_core0.o
                0x0000339c                PIN_INT5_IRQHandler
 .text.PIN_INT6_IRQHandler
                0x000033a4        0x8 ./startup/startup_lpc55s69_cm33_core0.o
                0x000033a4                PIN_INT6_IRQHandler
 .text.PIN_INT7_IRQHandler
                0x000033ac        0x8 ./startup/startup_lpc55s69_cm33_core0.o
                0x000033ac                PIN_INT7_IRQHandler
 .text.CTIMER2_IRQHandler
                0x000033b4        0x8 ./startup/startup_lpc55s69_cm33_core0.o
                0x000033b4                CTIMER2_IRQHandler
 .text.CTIMER4_IRQHandler
                0x000033bc        0x8 ./startup/startup_lpc55s69_cm33_core0.o
                0x000033bc                CTIMER4_IRQHandler
 .text.OS_EVENT_IRQHandler
                0x000033c4        0x8 ./startup/startup_lpc55s69_cm33_core0.o
                0x000033c4                OS_EVENT_IRQHandler
 .text.Reserved55_IRQHandler
                0x000033cc        0x8 ./startup/startup_lpc55s69_cm33_core0.o
                0x000033cc                Reserved55_IRQHandler
 .text.Reserved56_IRQHandler
                0x000033d4        0x8 ./startup/startup_lpc55s69_cm33_core0.o
                0x000033d4                Reserved56_IRQHandler
 .text.Reserved57_IRQHandler
                0x000033dc        0x8 ./startup/startup_lpc55s69_cm33_core0.o
                0x000033dc                Reserved57_IRQHandler
 .text.SDIO_IRQHandler
                0x000033e4        0x8 ./startup/startup_lpc55s69_cm33_core0.o
                0x000033e4                SDIO_IRQHandler
 .text.Reserved59_IRQHandler
                0x000033ec        0x8 ./startup/startup_lpc55s69_cm33_core0.o
                0x000033ec                Reserved59_IRQHandler
 .text.Reserved60_IRQHandler
                0x000033f4        0x8 ./startup/startup_lpc55s69_cm33_core0.o
                0x000033f4                Reserved60_IRQHandler
 .text.Reserved61_IRQHandler
                0x000033fc        0x8 ./startup/startup_lpc55s69_cm33_core0.o
                0x000033fc                Reserved61_IRQHandler
 .text.USB1_PHY_IRQHandler
                0x00003404        0x8 ./startup/startup_lpc55s69_cm33_core0.o
                0x00003404                USB1_PHY_IRQHandler
 .text.USB1_IRQHandler
                0x0000340c        0x8 ./startup/startup_lpc55s69_cm33_core0.o
                0x0000340c                USB1_IRQHandler
 .text.USB1_NEEDCLK_IRQHandler
                0x00003414        0x8 ./startup/startup_lpc55s69_cm33_core0.o
                0x00003414                USB1_NEEDCLK_IRQHandler
 .text.SEC_HYPERVISOR_CALL_IRQHandler
                0x0000341c        0x8 ./startup/startup_lpc55s69_cm33_core0.o
                0x0000341c                SEC_HYPERVISOR_CALL_IRQHandler
 .text.SEC_GPIO_INT0_IRQ0_IRQHandler
                0x00003424        0x8 ./startup/startup_lpc55s69_cm33_core0.o
                0x00003424                SEC_GPIO_INT0_IRQ0_IRQHandler
 .text.SEC_GPIO_INT0_IRQ1_IRQHandler
                0x0000342c        0x8 ./startup/startup_lpc55s69_cm33_core0.o
                0x0000342c                SEC_GPIO_INT0_IRQ1_IRQHandler
 .text.PLU_IRQHandler
                0x00003434        0x8 ./startup/startup_lpc55s69_cm33_core0.o
                0x00003434                PLU_IRQHandler
 .text.SEC_VIO_IRQHandler
                0x0000343c        0x8 ./startup/startup_lpc55s69_cm33_core0.o
                0x0000343c                SEC_VIO_IRQHandler
 .text.HASHCRYPT_IRQHandler
                0x00003444        0x8 ./startup/startup_lpc55s69_cm33_core0.o
                0x00003444                HASHCRYPT_IRQHandler
 .text.CASER_IRQHandler
                0x0000344c        0x8 ./startup/startup_lpc55s69_cm33_core0.o
                0x0000344c                CASER_IRQHandler
 .text.PUF_IRQHandler
                0x00003454        0x8 ./startup/startup_lpc55s69_cm33_core0.o
                0x00003454                PUF_IRQHandler
 .text.PQ_IRQHandler
                0x0000345c        0x8 ./startup/startup_lpc55s69_cm33_core0.o
                0x0000345c                PQ_IRQHandler
 .text.DMA1_IRQHandler
                0x00003464        0x8 ./startup/startup_lpc55s69_cm33_core0.o
                0x00003464                DMA1_IRQHandler
 .text.FLEXCOMM8_IRQHandler
                0x0000346c        0x8 ./startup/startup_lpc55s69_cm33_core0.o
                0x0000346c                FLEXCOMM8_IRQHandler
 .text.USART1_GetFreq
                0x00003474       0x10 ./source/cmsis_usart_interrupt_transfer.o
                0x00003474                USART1_GetFreq
 .text.USART_Callback
                0x00003484       0x14 ./source/cmsis_usart_interrupt_transfer.o
                0x00003484                USART_Callback
 .text.HardFault_Handler
                0x00003498       0x2c ./source/semihost_hardfault.o
                0x00003498                HardFault_Handler
 .text.CLOCK_GetFlexCommClkFreq
                0x000034c4       0x4c ./drivers/fsl_clock.o
                0x000034c4                CLOCK_GetFlexCommClkFreq
 .text.DMA_GetVirtualStartChannel
                0x00003510       0x40 ./drivers/fsl_dma.o
 .text.CLOCK_EnableClock
                0x00003550       0x30 ./drivers/fsl_flexcomm.o
 .text.FLEXCOMM_PeripheralIsPresent
                0x00003580       0x64 ./drivers/fsl_flexcomm.o
 .text.FLEXCOMM_SetPeriph
                0x000035e4       0x74 ./drivers/fsl_flexcomm.o
 .text.RESET_PeripheralReset
                0x00003658       0x1c ./drivers/fsl_reset.o
                0x00003658                RESET_PeripheralReset
 .text.EnableIRQ
                0x00003674       0x2c ./drivers/fsl_usart.o
 .text.DisableGlobalIRQ
                0x000036a0       0x22 ./drivers/fsl_usart.o
 .text.EnableGlobalIRQ
                0x000036c2       0x20 ./drivers/fsl_usart.o
 .text.USART_EnableContinuousSCLK
                0x000036e2       0x38 ./drivers/fsl_usart.o
 .text.USART_CommonControl
                0x0000371a      0x124 ./drivers/fsl_usart_cmsis.o
 .text.USARTx_GetCapabilities
                0x0000383e       0x14 ./drivers/fsl_usart_cmsis.o
 .text.USARTx_SetModemControl
                0x00003852       0x1a ./drivers/fsl_usart_cmsis.o
 .text.USARTx_GetModemStatus
                0x0000386c       0x3c ./drivers/fsl_usart_cmsis.o
 .text.KSDK_USART_NonBlockingCallback
                0x000038a8       0x42 ./drivers/fsl_usart_cmsis.o
                0x000038a8                KSDK_USART_NonBlockingCallback
 .text.USART_NonBlockingInitialize
                0x000038ea       0x30 ./drivers/fsl_usart_cmsis.o
 .text.USART_NonBlockingUninitialize
                0x0000391a       0x1c ./drivers/fsl_usart_cmsis.o
 .text.USART_NonBlockingSend
                0x00003936       0x74 ./drivers/fsl_usart_cmsis.o
 .text.USART_NonBlockingReceive
                0x000039aa       0x74 ./drivers/fsl_usart_cmsis.o
 .text.USART_NonBlockingTransfer
                0x00003a1e       0x1e ./drivers/fsl_usart_cmsis.o
 .text.USART_NonBlockingGetTxCount
                0x00003a3c       0x3e ./drivers/fsl_usart_cmsis.o
 .text.USART_NonBlockingGetRxCount
                0x00003a7a       0x3e ./drivers/fsl_usart_cmsis.o
 .text.USART_NonBlockingControl
                0x00003ab8       0xb2 ./drivers/fsl_usart_cmsis.o
 .text.USART_NonBlockingGetStatus
                0x00003b6a       0xb8 ./drivers/fsl_usart_cmsis.o
 .text.SystemInitHook
                0x00003c22        0xe ./device/system_LPC55S69_cm33_core0.o
                0x00003c22                SystemInitHook
 .text.DbgConsole_Init
                0x00003c30       0x20 ./board/board.o
 .text.CLOCK_EnableClock
                0x00003c50       0x30 ./board/pin_mux.o
 .text.BOARD_InitPins
                0x00003c80        0xe ./board/pin_mux.o
                0x00003c80                BOARD_InitPins
 .text.__main   0x00003c8e        0xe c:/nxp/mcuxpressoide_11.2.1_4149/ide/plugins/com.nxp.mcuxpresso.tools.win32_11.2.0.202008311134/tools/bin/../lib/gcc/arm-none-eabi/9.2.1/../../../../arm-none-eabi/lib/thumb/v8-m.main+fp/hard\libcr_semihost_nf.a(_cr__main.o)
                0x00003c8e                __CR_SEMIHOST
                0x00003c8e                __main
 .text.memset   0x00003c9c        0x4 c:/nxp/mcuxpressoide_11.2.1_4149/ide/plugins/com.nxp.mcuxpresso.tools.win32_11.2.0.202008311134/tools/bin/../lib/gcc/arm-none-eabi/9.2.1/../../../../arm-none-eabi/lib/thumb/v8-m.main+fp/hard\libcr_c.a(memset.o)
                0x00003c9c                memset
 .text.free     0x00003ca0       0x30 c:/nxp/mcuxpressoide_11.2.1_4149/ide/plugins/com.nxp.mcuxpresso.tools.win32_11.2.0.202008311134/tools/bin/../lib/gcc/arm-none-eabi/9.2.1/../../../../arm-none-eabi/lib/thumb/v8-m.main+fp/hard\libcr_c.a(alloc.o)
                0x00003ca0                free
 .text.no_fp_display
                0x00003cd0        0x4 c:/nxp/mcuxpressoide_11.2.1_4149/ide/plugins/com.nxp.mcuxpresso.tools.win32_11.2.0.202008311134/tools/bin/../lib/gcc/arm-none-eabi/9.2.1/../../../../arm-none-eabi/lib/thumb/v8-m.main+fp/hard\libcr_c.a(printf.o)
 .text.setvbuf  0x00003cd4       0x3e c:/nxp/mcuxpressoide_11.2.1_4149/ide/plugins/com.nxp.mcuxpresso.tools.win32_11.2.0.202008311134/tools/bin/../lib/gcc/arm-none-eabi/9.2.1/../../../../arm-none-eabi/lib/thumb/v8-m.main+fp/hard\libcr_c.a(setvbuf.o)
                0x00003cd4                setvbuf
 .text.strlen   0x00003d12       0x4c c:/nxp/mcuxpressoide_11.2.1_4149/ide/plugins/com.nxp.mcuxpresso.tools.win32_11.2.0.202008311134/tools/bin/../lib/gcc/arm-none-eabi/9.2.1/../../../../arm-none-eabi/lib/thumb/v8-m.main+fp/hard\libcr_c.a(strlen.o)
                0x00003d12                strlen
 .text._deferredlazyseek
                0x00003d5e       0x40 c:/nxp/mcuxpressoide_11.2.1_4149/ide/plugins/com.nxp.mcuxpresso.tools.win32_11.2.0.202008311134/tools/bin/../lib/gcc/arm-none-eabi/9.2.1/../../../../arm-none-eabi/lib/thumb/v8-m.main+fp/hard\libcr_c.a(_deferredlazyseek.o)
                0x00003d5e                _deferredlazyseek
 .text.__flsbuf
                0x00003d9e      0x140 c:/nxp/mcuxpressoide_11.2.1_4149/ide/plugins/com.nxp.mcuxpresso.tools.win32_11.2.0.202008311134/tools/bin/../lib/gcc/arm-none-eabi/9.2.1/../../../../arm-none-eabi/lib/thumb/v8-m.main+fp/hard\libcr_c.a(_deferredlazyseek.o)
                0x00003d9e                __flsbuf
 .text._fdopen  0x00003ede       0x68 c:/nxp/mcuxpressoide_11.2.1_4149/ide/plugins/com.nxp.mcuxpresso.tools.win32_11.2.0.202008311134/tools/bin/../lib/gcc/arm-none-eabi/9.2.1/../../../../arm-none-eabi/lib/thumb/v8-m.main+fp/hard\libcr_c.a(_fdopen.o)
                0x00003ede                _fdopen
 .text._fflush  0x00003f46       0x52 c:/nxp/mcuxpressoide_11.2.1_4149/ide/plugins/com.nxp.mcuxpresso.tools.win32_11.2.0.202008311134/tools/bin/../lib/gcc/arm-none-eabi/9.2.1/../../../../arm-none-eabi/lib/thumb/v8-m.main+fp/hard\libcr_c.a(_fflush.o)
                0x00003f46                _fflush
 .text.fclose   0x00003f98       0x58 c:/nxp/mcuxpressoide_11.2.1_4149/ide/plugins/com.nxp.mcuxpresso.tools.win32_11.2.0.202008311134/tools/bin/../lib/gcc/arm-none-eabi/9.2.1/../../../../arm-none-eabi/lib/thumb/v8-m.main+fp/hard\libcr_c.a(fclose.o)
                0x00003f98                fclose
 .text.remove   0x00003ff0       0x14 c:/nxp/mcuxpressoide_11.2.1_4149/ide/plugins/com.nxp.mcuxpresso.tools.win32_11.2.0.202008311134/tools/bin/../lib/gcc/arm-none-eabi/9.2.1/../../../../arm-none-eabi/lib/thumb/v8-m.main+fp/hard\libcr_c.a(remove.o)
                0x00003ff0                remove
 .text._do_fflush
                0x00004004       0x40 c:/nxp/mcuxpressoide_11.2.1_4149/ide/plugins/com.nxp.mcuxpresso.tools.win32_11.2.0.202008311134/tools/bin/../lib/gcc/arm-none-eabi/9.2.1/../../../../arm-none-eabi/lib/thumb/v8-m.main+fp/hard\libcr_c.a(_do_fflush.o)
                0x00004004                _do_fflush
 .text.__aeabi_memset_lowlevel
                0x00004044       0x32 c:/nxp/mcuxpressoide_11.2.1_4149/ide/plugins/com.nxp.mcuxpresso.tools.win32_11.2.0.202008311134/tools/bin/../lib/gcc/arm-none-eabi/9.2.1/thumb/v8-m.main+fp/hard\libcr_eabihelpers.a(memcpy.o)
                0x00004044                __aeabi_lowlevel_memset
 .text.__sys_close
                0x00004076        0xc c:/nxp/mcuxpressoide_11.2.1_4149/ide/plugins/com.nxp.mcuxpresso.tools.win32_11.2.0.202008311134/tools/bin/../lib/gcc/arm-none-eabi/9.2.1/../../../../arm-none-eabi/lib/thumb/v8-m.main+fp/hard\libcr_semihost_nf.a(__sys_close.o)
                0x00004076                __sys_close
 .text.__sys_flen
                0x00004082        0xc c:/nxp/mcuxpressoide_11.2.1_4149/ide/plugins/com.nxp.mcuxpresso.tools.win32_11.2.0.202008311134/tools/bin/../lib/gcc/arm-none-eabi/9.2.1/../../../../arm-none-eabi/lib/thumb/v8-m.main+fp/hard\libcr_semihost_nf.a(__sys_flen.o)
                0x00004082                __sys_flen
 .text.__sys_istty
                0x0000408e        0xc c:/nxp/mcuxpressoide_11.2.1_4149/ide/plugins/com.nxp.mcuxpresso.tools.win32_11.2.0.202008311134/tools/bin/../lib/gcc/arm-none-eabi/9.2.1/../../../../arm-none-eabi/lib/thumb/v8-m.main+fp/hard\libcr_semihost_nf.a(__sys_istty.o)
                0x0000408e                __sys_istty
 .text.__sys_remove
                0x0000409a        0xc c:/nxp/mcuxpressoide_11.2.1_4149/ide/plugins/com.nxp.mcuxpresso.tools.win32_11.2.0.202008311134/tools/bin/../lib/gcc/arm-none-eabi/9.2.1/../../../../arm-none-eabi/lib/thumb/v8-m.main+fp/hard\libcr_semihost_nf.a(__sys_remove.o)
                0x0000409a                __sys_remove
 .text.__sys_seek
                0x000040a6        0xc c:/nxp/mcuxpressoide_11.2.1_4149/ide/plugins/com.nxp.mcuxpresso.tools.win32_11.2.0.202008311134/tools/bin/../lib/gcc/arm-none-eabi/9.2.1/../../../../arm-none-eabi/lib/thumb/v8-m.main+fp/hard\libcr_semihost_nf.a(__sys_seek.o)
                0x000040a6                __sys_seek
 .text.__sys_tmpnam
                0x000040b2        0xc c:/nxp/mcuxpressoide_11.2.1_4149/ide/plugins/com.nxp.mcuxpresso.tools.win32_11.2.0.202008311134/tools/bin/../lib/gcc/arm-none-eabi/9.2.1/../../../../arm-none-eabi/lib/thumb/v8-m.main+fp/hard\libcr_semihost_nf.a(__sys_tmpnam.o)
                0x000040b2                __sys_tmpnam
 .text.__sys_write
                0x000040be        0xc c:/nxp/mcuxpressoide_11.2.1_4149/ide/plugins/com.nxp.mcuxpresso.tools.win32_11.2.0.202008311134/tools/bin/../lib/gcc/arm-none-eabi/9.2.1/../../../../arm-none-eabi/lib/thumb/v8-m.main+fp/hard\libcr_semihost_nf.a(__sys_write.o)
                0x000040be                __sys_write
 *(SORT_BY_ALIGNMENT(.rodata) SORT_BY_ALIGNMENT(.rodata.*) SORT_BY_ALIGNMENT(.constdata) SORT_BY_ALIGNMENT(.constdata.*))
 *fill*         0x000040ca        0x2 ff
 .rodata.__assertion_failed.str1.4
                0x000040cc       0x14 ./utilities/fsl_assert.o
 .rodata.sendAT.str1.4
                0x000040e0       0x38 ./source/cmsis_usart_interrupt_transfer.o
 .rodata.main.str1.4
                0x00004118       0x9b ./source/cmsis_usart_interrupt_transfer.o
 *fill*         0x000041b3        0x1 ff
 .rodata.CLOCK_GetFlexCommInputClock.str1.4
                0x000041b4       0x19 ./drivers/fsl_clock.o
 *fill*         0x000041cd        0x3 ff
 .rodata.s_dmaBases
                0x000041d0        0x8 ./drivers/fsl_dma.o
 .rodata.DMA_GetInstance.str1.4
                0x000041d8       0x32 ./drivers/fsl_dma.o
 *fill*         0x0000420a        0x2 ff
 .rodata.s_flexcommBaseAddrs
                0x0000420c       0x24 ./drivers/fsl_flexcomm.o
 .rodata.s_flexcommClocks
                0x00004230       0x12 ./drivers/fsl_flexcomm.o
 *fill*         0x00004242        0x2 ff
 .rodata.s_flexcommResets
                0x00004244       0x24 ./drivers/fsl_flexcomm.o
 .rodata.FLEXCOMM_GetInstance.str1.4
                0x00004268       0x39 ./drivers/fsl_flexcomm.o
 *fill*         0x000042a1        0x3 ff
 .rodata.FLEXCOMM0_DriverIRQHandler.str1.4
                0x000042a4       0x2e ./drivers/fsl_flexcomm.o
 *fill*         0x000042d2        0x2 ff
 .rodata.FLEXCOMM1_DriverIRQHandler.str1.4
                0x000042d4       0x2e ./drivers/fsl_flexcomm.o
 *fill*         0x00004302        0x2 ff
 .rodata.FLEXCOMM2_DriverIRQHandler.str1.4
                0x00004304       0x2e ./drivers/fsl_flexcomm.o
 *fill*         0x00004332        0x2 ff
 .rodata.FLEXCOMM3_DriverIRQHandler.str1.4
                0x00004334       0x2e ./drivers/fsl_flexcomm.o
 *fill*         0x00004362        0x2 ff
 .rodata.FLEXCOMM4_DriverIRQHandler.str1.4
                0x00004364       0x2e ./drivers/fsl_flexcomm.o
 *fill*         0x00004392        0x2 ff
 .rodata.FLEXCOMM5_DriverIRQHandler.str1.4
                0x00004394       0x2e ./drivers/fsl_flexcomm.o
 *fill*         0x000043c2        0x2 ff
 .rodata.FLEXCOMM6_DriverIRQHandler.str1.4
                0x000043c4       0x2e ./drivers/fsl_flexcomm.o
 *fill*         0x000043f2        0x2 ff
 .rodata.FLEXCOMM7_DriverIRQHandler.str1.4
                0x000043f4       0x2e ./drivers/fsl_flexcomm.o
 *fill*         0x00004422        0x2 ff
 .rodata.FLEXCOMM8_DriverIRQHandler.str1.4
                0x00004424       0x2e ./drivers/fsl_flexcomm.o
 *fill*         0x00004452        0x2 ff
 .rodata.RESET_SetPeripheralReset.str1.4
                0x00004454       0x1f ./drivers/fsl_reset.o
 *fill*         0x00004473        0x1 ff
 .rodata.RESET_ClearPeripheralReset.str1.4
                0x00004474       0x1f ./drivers/fsl_reset.o
 *fill*         0x00004493        0x1 ff
 .rodata.s_usartIRQ
                0x00004494        0x8 ./drivers/fsl_usart.o
 .rodata.s_usartBaseAddrs
                0x0000449c       0x20 ./drivers/fsl_usart.o
 .rodata.USART_GetInstance.str1.4
                0x000044bc       0x32 ./drivers/fsl_usart.o
 *fill*         0x000044ee        0x2 ff
 .rodata.USART_TransferGetRxRingBufferLength.str1.4
                0x000044f0       0x21 ./drivers/fsl_usart.o
 *fill*         0x00004511        0x3 ff
 .rodata.USART_TransferIsRxRingBufferFull.str1.4
                0x00004514       0x22 ./drivers/fsl_usart.o
 *fill*         0x00004536        0x2 ff
 .rodata.USART_Init.str1.4
                0x00004538       0x50 ./drivers/fsl_usart.o
 .rodata.USART_Deinit.str1.4
                0x00004588       0x20 ./drivers/fsl_usart.o
 .rodata.USART_GetDefaultConfig.str1.4
                0x000045a8       0x22 ./drivers/fsl_usart.o
 *fill*         0x000045ca        0x2 ff
 .rodata.USART_SetBaudRate.str1.4
                0x000045cc       0x54 ./drivers/fsl_usart.o
 .rodata.USART_TransferCreateHandle.str1.4
                0x00004620       0x39 ./drivers/fsl_usart.o
 *fill*         0x00004659        0x3 ff
 .rodata.USART_TransferSendNonBlocking.str1.4
                0x0000465c       0x91 ./drivers/fsl_usart.o
 *fill*         0x000046ed        0x3 ff
 .rodata.USART_TransferReceiveNonBlocking.str1.4
                0x000046f0       0x91 ./drivers/fsl_usart.o
 *fill*         0x00004781        0x3 ff
 .rodata.USART_TransferHandleIRQ.str1.4
                0x00004784       0x36 ./drivers/fsl_usart.o
 *fill*         0x000047ba        0x2 ff
 .rodata.s_usartDriverVersion
                0x000047bc        0x4 ./drivers/fsl_usart_cmsis.o
 .rodata.usart1_Resource
                0x000047c0        0x8 ./drivers/fsl_usart_cmsis.o
                0x000047c0                usart1_Resource
 .rodata.Driver_USART1
                0x000047c8       0x38 ./drivers/fsl_usart_cmsis.o
                0x000047c8                Driver_USART1
 .rodata.__num_Ciob_streams
                0x00004800        0x4 c:/nxp/mcuxpressoide_11.2.1_4149/ide/plugins/com.nxp.mcuxpresso.tools.win32_11.2.0.202008311134/tools/bin/../lib/gcc/arm-none-eabi/9.2.1/../../../../arm-none-eabi/lib/thumb/v8-m.main+fp/hard\libcr_semihost_nf.a(__ciob.o)
                0x00004800                __num_Ciob_streams
 .rodata._Csys_alloc.str1.1
                0x00004804       0x18 c:/nxp/mcuxpressoide_11.2.1_4149/ide/plugins/com.nxp.mcuxpresso.tools.win32_11.2.0.202008311134/tools/bin/../lib/gcc/arm-none-eabi/9.2.1/../../../../arm-none-eabi/lib/thumb/v8-m.main+fp/hard\libcr_c.a(alloc.o)
 .rodata._initio.str1.1
                0x0000481c        0x4 c:/nxp/mcuxpressoide_11.2.1_4149/ide/plugins/com.nxp.mcuxpresso.tools.win32_11.2.0.202008311134/tools/bin/../lib/gcc/arm-none-eabi/9.2.1/../../../../arm-none-eabi/lib/thumb/v8-m.main+fp/hard\libcr_c.a(initio.o)
 .rodata.__vfprintf.str1.1
                0x00004820       0x37 c:/nxp/mcuxpressoide_11.2.1_4149/ide/plugins/com.nxp.mcuxpresso.tools.win32_11.2.0.202008311134/tools/bin/../lib/gcc/arm-none-eabi/9.2.1/../../../../arm-none-eabi/lib/thumb/v8-m.main+fp/hard\libcr_c.a(printf.o)
                                 0x38 (size before relaxing)
                0x00004858                . = ALIGN (0x4)
 *fill*         0x00004857        0x1 ff

.glue_7         0x00004858        0x0
 .glue_7        0x00004858        0x0 linker stubs

.glue_7t        0x00004858        0x0
 .glue_7t       0x00004858        0x0 linker stubs

.vfp11_veneer   0x00004858        0x0
 .vfp11_veneer  0x00004858        0x0 linker stubs

.v4_bx          0x00004858        0x0
 .v4_bx         0x00004858        0x0 linker stubs

.iplt           0x00004858        0x0
 .iplt          0x00004858        0x0 ./utilities/fsl_assert.o

.rel.dyn        0x00004858        0x0
 .rel.iplt      0x00004858        0x0 ./utilities/fsl_assert.o

.ARM.extab
 *(SORT_BY_ALIGNMENT(.ARM.extab*) SORT_BY_ALIGNMENT(.gnu.linkonce.armextab.*))

.ARM.exidx      0x00004858        0x0
                0x00004858                __exidx_start = .
 *(SORT_BY_ALIGNMENT(.ARM.exidx*) SORT_BY_ALIGNMENT(.gnu.linkonce.armexidx.*))
                0x00004858                __exidx_end = .
                0x00004858                _etext = .

.m_usb_data
 *(SORT_BY_ALIGNMENT(m_usb_global))

.data_RAM2      0x20040000        0x0 load address 0x00004858
 FILL mask 0xff
                [!provide]                PROVIDE (__start_data_RAM2 = .)
                [!provide]                PROVIDE (__start_data_SRAM4 = .)
 *(SORT_BY_ALIGNMENT(.ramfunc.$RAM2))
 *(SORT_BY_ALIGNMENT(.ramfunc.$SRAM4))
 *(SORT_BY_ALIGNMENT(.data.$RAM2))
 *(SORT_BY_ALIGNMENT(.data.$SRAM4))
 *(SORT_BY_ALIGNMENT(.data.$RAM2.*))
 *(SORT_BY_ALIGNMENT(.data.$SRAM4.*))
                0x20040000                . = ALIGN (0x4)
                [!provide]                PROVIDE (__end_data_RAM2 = .)
                [!provide]                PROVIDE (__end_data_SRAM4 = .)

.data_RAM3      0x04000000        0x0 load address 0x00004858
 FILL mask 0xff
                [!provide]                PROVIDE (__start_data_RAM3 = .)
                [!provide]                PROVIDE (__start_data_SRAMX = .)
 *(SORT_BY_ALIGNMENT(.ramfunc.$RAM3))
 *(SORT_BY_ALIGNMENT(.ramfunc.$SRAMX))
 *(SORT_BY_ALIGNMENT(.data.$RAM3))
 *(SORT_BY_ALIGNMENT(.data.$SRAMX))
 *(SORT_BY_ALIGNMENT(.data.$RAM3.*))
 *(SORT_BY_ALIGNMENT(.data.$SRAMX.*))
                0x04000000                . = ALIGN (0x4)
                [!provide]                PROVIDE (__end_data_RAM3 = .)
                [!provide]                PROVIDE (__end_data_SRAMX = .)

.data_RAM4      0x40100000        0x0 load address 0x00004858
 FILL mask 0xff
                [!provide]                PROVIDE (__start_data_RAM4 = .)
                [!provide]                PROVIDE (__start_data_USB_RAM = .)
 *(SORT_BY_ALIGNMENT(.ramfunc.$RAM4))
 *(SORT_BY_ALIGNMENT(.ramfunc.$USB_RAM))
 *(SORT_BY_ALIGNMENT(.data.$RAM4))
 *(SORT_BY_ALIGNMENT(.data.$USB_RAM))
 *(SORT_BY_ALIGNMENT(.data.$RAM4.*))
 *(SORT_BY_ALIGNMENT(.data.$USB_RAM.*))
                0x40100000                . = ALIGN (0x4)
                [!provide]                PROVIDE (__end_data_RAM4 = .)
                [!provide]                PROVIDE (__end_data_USB_RAM = .)

.uninit_RESERVED
                0x20000000        0x0
                0x20000000                _start_uninit_RESERVED = .
 *(SORT_BY_ALIGNMENT(.bss.$RESERVED*))
                0x20000000                . = ALIGN (0x4)
                0x20000000                _end_uninit_RESERVED = .

.data           0x20000000       0xc8 load address 0x00004858
 FILL mask 0xff
                0x20000000                _data = .
                [!provide]                PROVIDE (__start_data_RAM = .)
                [!provide]                PROVIDE (__start_data_SRAM = .)
 *(SORT_BY_ALIGNMENT(vtable))
 *(SORT_BY_ALIGNMENT(.ramfunc*))
 *(SORT_BY_ALIGNMENT(CodeQuickAccess))
 *(SORT_BY_ALIGNMENT(DataQuickAccess))
 *(SORT_BY_ALIGNMENT(RamFunction))
 *(SORT_BY_ALIGNMENT(.data*))
 .data.atSetSTA
                0x20000000        0xe ./source/cmsis_usart_interrupt_transfer.o
                0x20000000                atSetSTA
 *fill*         0x2000000e        0x2 ff
 .data.atConnectWiFi
                0x20000010       0x2e ./source/cmsis_usart_interrupt_transfer.o
                0x20000010                atConnectWiFi
 *fill*         0x2000003e        0x2 ff
 .data.atRST    0x20000040        0x9 ./source/cmsis_usart_interrupt_transfer.o
                0x20000040                atRST
 *fill*         0x20000049        0x3 ff
 .data.atCIPSSLSIZE
                0x2000004c       0x15 ./source/cmsis_usart_interrupt_transfer.o
                0x2000004c                atCIPSSLSIZE
 *fill*         0x20000061        0x3 ff
 .data.atCIPMODE
                0x20000064        0xf ./source/cmsis_usart_interrupt_transfer.o
                0x20000064                atCIPMODE
 *fill*         0x20000073        0x1 ff
 .data.atCIPSTART
                0x20000074       0x27 ./source/cmsis_usart_interrupt_transfer.o
                0x20000074                atCIPSTART
 *fill*         0x2000009b        0x1 ff
 .data.atCIPSEND
                0x2000009c       0x11 ./source/cmsis_usart_interrupt_transfer.o
                0x2000009c                atCIPSEND
 *fill*         0x200000ad        0x3 ff
 .data.s_Ext_Clk_Freq
                0x200000b0        0x4 ./drivers/fsl_clock.o
 .data.usart1_NonBlockingDriverState
                0x200000b4       0x10 ./drivers/fsl_usart_cmsis.o
                0x200000b4                usart1_NonBlockingDriverState
 .data.SystemCoreClock
                0x200000c4        0x4 ./device/system_LPC55S69_cm33_core0.o
                0x200000c4                SystemCoreClock
                0x200000c8                . = ALIGN (0x4)
                0x200000c8                _edata = .
                [!provide]                PROVIDE (__end_data_RAM = .)
                [!provide]                PROVIDE (__end_data_SRAM = .)

.igot.plt       0x200000c8        0x0 load address 0x00004920
 .igot.plt      0x200000c8        0x0 ./utilities/fsl_assert.o

.bss_RAM2       0x20040000        0x0
                [!provide]                PROVIDE (__start_bss_RAM2 = .)
                [!provide]                PROVIDE (__start_bss_SRAM4 = .)
 *(SORT_BY_ALIGNMENT(.bss.$RAM2))
 *(SORT_BY_ALIGNMENT(.bss.$SRAM4))
 *(SORT_BY_ALIGNMENT(.bss.$RAM2.*))
 *(SORT_BY_ALIGNMENT(.bss.$SRAM4.*))
                0x20040000                . = ALIGN ((. != 0x0)?0x4:0x1)
                [!provide]                PROVIDE (__end_bss_RAM2 = .)
                [!provide]                PROVIDE (__end_bss_SRAM4 = .)

.bss_RAM3       0x04000000        0x0
                [!provide]                PROVIDE (__start_bss_RAM3 = .)
                [!provide]                PROVIDE (__start_bss_SRAMX = .)
 *(SORT_BY_ALIGNMENT(.bss.$RAM3))
 *(SORT_BY_ALIGNMENT(.bss.$SRAMX))
 *(SORT_BY_ALIGNMENT(.bss.$RAM3.*))
 *(SORT_BY_ALIGNMENT(.bss.$SRAMX.*))
                0x04000000                . = ALIGN ((. != 0x0)?0x4:0x1)
                [!provide]                PROVIDE (__end_bss_RAM3 = .)
                [!provide]                PROVIDE (__end_bss_SRAMX = .)

.bss_RAM4       0x40100000        0x0
                [!provide]                PROVIDE (__start_bss_RAM4 = .)
                [!provide]                PROVIDE (__start_bss_USB_RAM = .)
 *(SORT_BY_ALIGNMENT(.bss.$RAM4))
 *(SORT_BY_ALIGNMENT(.bss.$USB_RAM))
 *(SORT_BY_ALIGNMENT(.bss.$RAM4.*))
 *(SORT_BY_ALIGNMENT(.bss.$USB_RAM.*))
                0x40100000                . = ALIGN ((. != 0x0)?0x4:0x1)
                [!provide]                PROVIDE (__end_bss_RAM4 = .)
                [!provide]                PROVIDE (__end_bss_USB_RAM = .)

.bss            0x200000c8      0x454
                0x200000c8                _bss = .
                [!provide]                PROVIDE (__start_bss_RAM = .)
                [!provide]                PROVIDE (__start_bss_SRAM = .)
 *(SORT_BY_ALIGNMENT(.bss*))
 .bss.g_rxBuffer
                0x200000c8      0x258 ./source/cmsis_usart_interrupt_transfer.o
                0x200000c8                g_rxBuffer
 .bss.s_Pll0_Freq
                0x20000320        0x4 ./drivers/fsl_clock.o
 .bss.s_Pll1_Freq
                0x20000324        0x4 ./drivers/fsl_clock.o
 .bss.s_I2S_Mclk_Freq
                0x20000328        0x4 ./drivers/fsl_clock.o
 .bss.s_DMAHandle
                0x2000032c       0xb8 ./drivers/fsl_dma.o
 .bss.s_flexcommIrqHandler
                0x200003e4       0x24 ./drivers/fsl_flexcomm.o
 .bss.s_flexcommHandle
                0x20000408       0x24 ./drivers/fsl_flexcomm.o
 .bss.USART1_Handle
                0x2000042c       0x30 ./drivers/fsl_usart_cmsis.o
                0x2000042c                USART1_Handle
 .bss.__end_of_heap
                0x2000045c        0x4 c:/nxp/mcuxpressoide_11.2.1_4149/ide/plugins/com.nxp.mcuxpresso.tools.win32_11.2.0.202008311134/tools/bin/../lib/gcc/arm-none-eabi/9.2.1/../../../../arm-none-eabi/lib/thumb/v8-m.main+fp/hard\libcr_c.a(__init_alloc.o)
                0x2000045c                __end_of_heap
 .bss.__heaps   0x20000460        0x4 c:/nxp/mcuxpressoide_11.2.1_4149/ide/plugins/com.nxp.mcuxpresso.tools.win32_11.2.0.202008311134/tools/bin/../lib/gcc/arm-none-eabi/9.2.1/../../../../arm-none-eabi/lib/thumb/v8-m.main+fp/hard\libcr_c.a(__init_alloc.o)
                0x20000460                __heaps
 .bss.errno     0x20000464        0x4 c:/nxp/mcuxpressoide_11.2.1_4149/ide/plugins/com.nxp.mcuxpresso.tools.win32_11.2.0.202008311134/tools/bin/../lib/gcc/arm-none-eabi/9.2.1/../../../../arm-none-eabi/lib/thumb/v8-m.main+fp/hard\libcr_c.a(errno.o)
                0x20000464                errno
 .bss.__Ciob    0x20000468       0xb4 c:/nxp/mcuxpressoide_11.2.1_4149/ide/plugins/com.nxp.mcuxpresso.tools.win32_11.2.0.202008311134/tools/bin/../lib/gcc/arm-none-eabi/9.2.1/../../../../arm-none-eabi/lib/thumb/v8-m.main+fp/hard\libcr_semihost_nf.a(__ciob.o)
                0x20000468                __Ciob
 *(SORT_BY_ALIGNMENT(COMMON))
                0x2000051c                . = ALIGN (0x4)
                0x2000051c                _ebss = .
                [!provide]                PROVIDE (__end_bss_RAM = .)
                [!provide]                PROVIDE (__end_bss_SRAM = .)
                [!provide]                PROVIDE (end = .)

.noinit_RAM2    0x20040000        0x0
                [!provide]                PROVIDE (__start_noinit_RAM2 = .)
                [!provide]                PROVIDE (__start_noinit_SRAM4 = .)
 *(SORT_BY_ALIGNMENT(.noinit.$RAM2))
 *(SORT_BY_ALIGNMENT(.noinit.$SRAM4))
 *(SORT_BY_ALIGNMENT(.noinit.$RAM2.*))
 *(SORT_BY_ALIGNMENT(.noinit.$SRAM4.*))
                0x20040000                . = ALIGN (0x4)
                [!provide]                PROVIDE (__end_noinit_RAM2 = .)
                [!provide]                PROVIDE (__end_noinit_SRAM4 = .)

.noinit_RAM3    0x04000000        0x0
                [!provide]                PROVIDE (__start_noinit_RAM3 = .)
                [!provide]                PROVIDE (__start_noinit_SRAMX = .)
 *(SORT_BY_ALIGNMENT(.noinit.$RAM3))
 *(SORT_BY_ALIGNMENT(.noinit.$SRAMX))
 *(SORT_BY_ALIGNMENT(.noinit.$RAM3.*))
 *(SORT_BY_ALIGNMENT(.noinit.$SRAMX.*))
                0x04000000                . = ALIGN (0x4)
                [!provide]                PROVIDE (__end_noinit_RAM3 = .)
                [!provide]                PROVIDE (__end_noinit_SRAMX = .)

.noinit_RAM4    0x40100000        0x0
                [!provide]                PROVIDE (__start_noinit_RAM4 = .)
                [!provide]                PROVIDE (__start_noinit_USB_RAM = .)
 *(SORT_BY_ALIGNMENT(.noinit.$RAM4))
 *(SORT_BY_ALIGNMENT(.noinit.$USB_RAM))
 *(SORT_BY_ALIGNMENT(.noinit.$RAM4.*))
 *(SORT_BY_ALIGNMENT(.noinit.$USB_RAM.*))
                0x40100000                . = ALIGN (0x4)
                [!provide]                PROVIDE (__end_noinit_RAM4 = .)
                [!provide]                PROVIDE (__end_noinit_USB_RAM = .)

.noinit         0x2000051c        0x0
                0x2000051c                _noinit = .
                [!provide]                PROVIDE (__start_noinit_RAM = .)
                [!provide]                PROVIDE (__start_noinit_SRAM = .)
 *(SORT_BY_ALIGNMENT(.noinit*))
                0x2000051c                . = ALIGN (0x4)
                0x2000051c                _end_noinit = .
                [!provide]                PROVIDE (__end_noinit_RAM = .)
                [!provide]                PROVIDE (__end_noinit_SRAM = .)
                0x00001000                _HeapSize = 0x1000

.heap           0x2000051c     0x1000
                0x2000051c                _pvHeapStart = .
                0x2000151c                . = (. + _HeapSize)
 *fill*         0x2000051c     0x1000 
                0x2000151c                . = ALIGN (0x4)
                0x2000151c                _pvHeapLimit = .
                0x00001000                _StackSize = 0x1000

.heap2stackfill
                0x2000151c     0x1000
                0x2000251c                . = (. + _StackSize)
 *fill*         0x2000151c     0x1000 

.stack          0x2003f000        0x0
                0x2003f000                _vStackBase = .
                0x2003f000                . = ALIGN (0x4)
                0x20040000                _vStackTop = (. + _StackSize)
                [!provide]                PROVIDE (__valid_user_code_checksum = (0x0 - ((((((_vStackTop + (ResetISR + 0x1)) + (NMI_Handler + 0x1)) + (HardFault_Handler + 0x1)) + (DEFINED (MemManage_Handler)?MemManage_Handler:0x0 + 0x1)) + (DEFINED (BusFault_Handler)?BusFault_Handler:0x0 + 0x1)) + (DEFINED (UsageFault_Handler)?UsageFault_Handler:0x0 + 0x1))))
                0x00000000                _image_start = LOADADDR (.text)
                0x00004920                _image_end = (LOADADDR (.data) + SIZEOF (.data))
                0x00004920                _image_size = (_image_end - _image_start)
OUTPUT(lpcxpresso55s69_cmsis_usart_interrupt_transfer.axf elf32-littlearm)

.debug_info     0x00000000    0x14db7
 .debug_info    0x00000000      0x243 ./utilities/fsl_assert.o
 .debug_info    0x00000243      0x6fb ./startup/startup_lpc55s69_cm33_core0.o
 .debug_info    0x0000093e     0x1640 ./source/cmsis_usart_interrupt_transfer.o
 .debug_info    0x00001f7e       0x3c ./source/semihost_hardfault.o
 .debug_info    0x00001fba     0x31a0 ./drivers/fsl_clock.o
 .debug_info    0x0000515a     0x2a34 ./drivers/fsl_dma.o
 .debug_info    0x00007b8e     0x19ec ./drivers/fsl_flexcomm.o
 .debug_info    0x0000957a      0xf17 ./drivers/fsl_reset.o
 .debug_info    0x0000a491     0x1738 ./drivers/fsl_usart.o
 .debug_info    0x0000bbc9     0x1942 ./drivers/fsl_usart_cmsis.o
 .debug_info    0x0000d50b     0x13b5 ./device/system_LPC55S69_cm33_core0.o
 .debug_info    0x0000e8c0      0xa4b ./board/board.o
 .debug_info    0x0000f30b     0x15ef ./board/clock_config.o
 .debug_info    0x000108fa      0xff7 ./board/pin_mux.o
 .debug_info    0x000118f1     0x34c6 C:\Users\omkar\Documents\MCUXpressoIDE_11.2.1_4149\workspace\lpcxpresso55s69_cmsis_usart_interrupt_transfer\libs\libpower_hardabi.a(fsl_power_lib.o)

.debug_abbrev   0x00000000     0x2450
 .debug_abbrev  0x00000000       0xe9 ./utilities/fsl_assert.o
 .debug_abbrev  0x000000e9      0x15a ./startup/startup_lpc55s69_cm33_core0.o
 .debug_abbrev  0x00000243      0x2f8 ./source/cmsis_usart_interrupt_transfer.o
 .debug_abbrev  0x0000053b       0x31 ./source/semihost_hardfault.o
 .debug_abbrev  0x0000056c      0x38c ./drivers/fsl_clock.o
 .debug_abbrev  0x000008f8      0x39c ./drivers/fsl_dma.o
 .debug_abbrev  0x00000c94      0x2d6 ./drivers/fsl_flexcomm.o
 .debug_abbrev  0x00000f6a      0x195 ./drivers/fsl_reset.o
 .debug_abbrev  0x000010ff      0x3a2 ./drivers/fsl_usart.o
 .debug_abbrev  0x000014a1      0x378 ./drivers/fsl_usart_cmsis.o
 .debug_abbrev  0x00001819      0x1fa ./device/system_LPC55S69_cm33_core0.o
 .debug_abbrev  0x00001a13      0x172 ./board/board.o
 .debug_abbrev  0x00001b85      0x212 ./board/clock_config.o
 .debug_abbrev  0x00001d97      0x225 ./board/pin_mux.o
 .debug_abbrev  0x00001fbc      0x494 C:\Users\omkar\Documents\MCUXpressoIDE_11.2.1_4149\workspace\lpcxpresso55s69_cmsis_usart_interrupt_transfer\libs\libpower_hardabi.a(fsl_power_lib.o)

.debug_aranges  0x00000000      0xb50
 .debug_aranges
                0x00000000       0x20 ./utilities/fsl_assert.o
 .debug_aranges
                0x00000020      0x268 ./startup/startup_lpc55s69_cm33_core0.o
 .debug_aranges
                0x00000288       0x80 ./source/cmsis_usart_interrupt_transfer.o
 .debug_aranges
                0x00000308       0x20 ./source/semihost_hardfault.o
 .debug_aranges
                0x00000328      0x220 ./drivers/fsl_clock.o
 .debug_aranges
                0x00000548      0x138 ./drivers/fsl_dma.o
 .debug_aranges
                0x00000680       0x90 ./drivers/fsl_flexcomm.o
 .debug_aranges
                0x00000710       0x30 ./drivers/fsl_reset.o
 .debug_aranges
                0x00000740       0xe8 ./drivers/fsl_usart.o
 .debug_aranges
                0x00000828      0x138 ./drivers/fsl_usart_cmsis.o
 .debug_aranges
                0x00000960       0x88 ./device/system_LPC55S69_cm33_core0.o
 .debug_aranges
                0x000009e8       0x30 ./board/board.o
 .debug_aranges
                0x00000a18       0x50 ./board/clock_config.o
 .debug_aranges
                0x00000a68       0x58 ./board/pin_mux.o
 .debug_aranges
                0x00000ac0       0x90 C:\Users\omkar\Documents\MCUXpressoIDE_11.2.1_4149\workspace\lpcxpresso55s69_cmsis_usart_interrupt_transfer\libs\libpower_hardabi.a(fsl_power_lib.o)

.debug_ranges   0x00000000      0xbc8
 .debug_ranges  0x00000000       0x10 ./utilities/fsl_assert.o
 .debug_ranges  0x00000010      0x258 ./startup/startup_lpc55s69_cm33_core0.o
 .debug_ranges  0x00000268       0x70 ./source/cmsis_usart_interrupt_transfer.o
 .debug_ranges  0x000002d8       0x10 ./source/semihost_hardfault.o
 .debug_ranges  0x000002e8      0x210 ./drivers/fsl_clock.o
 .debug_ranges  0x000004f8      0x128 ./drivers/fsl_dma.o
 .debug_ranges  0x00000620       0x80 ./drivers/fsl_flexcomm.o
 .debug_ranges  0x000006a0       0x20 ./drivers/fsl_reset.o
 .debug_ranges  0x000006c0       0xd8 ./drivers/fsl_usart.o
 .debug_ranges  0x00000798      0x128 ./drivers/fsl_usart_cmsis.o
 .debug_ranges  0x000008c0       0x78 ./device/system_LPC55S69_cm33_core0.o
 .debug_ranges  0x00000938       0x20 ./board/board.o
 .debug_ranges  0x00000958       0x40 ./board/clock_config.o
 .debug_ranges  0x00000998       0x48 ./board/pin_mux.o
 .debug_ranges  0x000009e0      0x1e8 C:\Users\omkar\Documents\MCUXpressoIDE_11.2.1_4149\workspace\lpcxpresso55s69_cmsis_usart_interrupt_transfer\libs\libpower_hardabi.a(fsl_power_lib.o)

.debug_macro    0x00000000    0x15be2
 .debug_macro   0x00000000      0x166 ./utilities/fsl_assert.o
 .debug_macro   0x00000166      0xae4 ./utilities/fsl_assert.o
 .debug_macro   0x00000c4a       0x10 ./utilities/fsl_assert.o
 .debug_macro   0x00000c5a       0x1c ./utilities/fsl_assert.o
 .debug_macro   0x00000c76       0x22 ./utilities/fsl_assert.o
 .debug_macro   0x00000c98      0x12e ./utilities/fsl_assert.o
 .debug_macro   0x00000dc6      0x5b3 ./utilities/fsl_assert.o
 .debug_macro   0x00001379       0x22 ./utilities/fsl_assert.o
 .debug_macro   0x0000139b       0x10 ./utilities/fsl_assert.o
 .debug_macro   0x000013ab       0x46 ./utilities/fsl_assert.o
 .debug_macro   0x000013f1       0x1c ./utilities/fsl_assert.o
 .debug_macro   0x0000140d       0x29 ./utilities/fsl_assert.o
 .debug_macro   0x00001436      0x101 ./utilities/fsl_assert.o
 .debug_macro   0x00001537     0x1336 ./utilities/fsl_assert.o
 .debug_macro   0x0000286d       0x5e ./utilities/fsl_assert.o
 .debug_macro   0x000028cb       0x2e ./utilities/fsl_assert.o
 .debug_macro   0x000028f9    0x10b34 ./utilities/fsl_assert.o
 .debug_macro   0x0001342d      0x3be ./utilities/fsl_assert.o
 .debug_macro   0x000137eb       0xd7 ./utilities/fsl_assert.o
 .debug_macro   0x000138c2      0x2ca ./utilities/fsl_assert.o
 .debug_macro   0x00013b8c       0x16 ./utilities/fsl_assert.o
 .debug_macro   0x00013ba2       0xd2 ./utilities/fsl_assert.o
 .debug_macro   0x00013c74       0x2e ./utilities/fsl_assert.o
 .debug_macro   0x00013ca2       0x2e ./utilities/fsl_assert.o
 .debug_macro   0x00013cd0       0x47 ./utilities/fsl_assert.o
 .debug_macro   0x00013d17       0x16 ./utilities/fsl_assert.o
 .debug_macro   0x00013d2d       0xd2 ./utilities/fsl_assert.o
 .debug_macro   0x00013dff       0x1c ./utilities/fsl_assert.o
 .debug_macro   0x00013e1b       0x29 ./startup/startup_lpc55s69_cm33_core0.o
 .debug_macro   0x00013e44      0x1ef ./source/cmsis_usart_interrupt_transfer.o
 .debug_macro   0x00014033       0x2f ./source/cmsis_usart_interrupt_transfer.o
 .debug_macro   0x00014062       0x10 ./source/cmsis_usart_interrupt_transfer.o
 .debug_macro   0x00014072       0xf6 ./source/cmsis_usart_interrupt_transfer.o
 .debug_macro   0x00014168      0x240 ./source/cmsis_usart_interrupt_transfer.o
 .debug_macro   0x000143a8       0x76 ./source/cmsis_usart_interrupt_transfer.o
 .debug_macro   0x0001441e      0x304 ./source/cmsis_usart_interrupt_transfer.o
 .debug_macro   0x00014722       0x34 ./source/cmsis_usart_interrupt_transfer.o
 .debug_macro   0x00014756      0x1e0 ./source/cmsis_usart_interrupt_transfer.o
 .debug_macro   0x00014936      0x160 ./source/cmsis_usart_interrupt_transfer.o
 .debug_macro   0x00014a96       0x22 ./source/cmsis_usart_interrupt_transfer.o
 .debug_macro   0x00014ab8       0x76 ./source/cmsis_usart_interrupt_transfer.o
 .debug_macro   0x00014b2e       0x1c ./source/cmsis_usart_interrupt_transfer.o
 .debug_macro   0x00014b4a       0x11 ./source/semihost_hardfault.o
 .debug_macro   0x00014b5b      0x1bd ./drivers/fsl_clock.o
 .debug_macro   0x00014d18      0x12d ./drivers/fsl_dma.o
 .debug_macro   0x00014e45       0x70 ./drivers/fsl_dma.o
 .debug_macro   0x00014eb5      0x127 ./drivers/fsl_flexcomm.o
 .debug_macro   0x00014fdc       0x10 ./drivers/fsl_flexcomm.o
 .debug_macro   0x00014fec      0x11e ./drivers/fsl_reset.o
 .debug_macro   0x0001510a      0x136 ./drivers/fsl_usart.o
 .debug_macro   0x00015240       0x1c ./drivers/fsl_usart.o
 .debug_macro   0x0001525c      0x190 ./drivers/fsl_usart_cmsis.o
 .debug_macro   0x000153ec       0xc1 ./device/system_LPC55S69_cm33_core0.o
 .debug_macro   0x000154ad      0x19a ./board/board.o
 .debug_macro   0x00015647       0x35 ./board/board.o
 .debug_macro   0x0001567c      0x13e ./board/clock_config.o
 .debug_macro   0x000157ba      0x2fe ./board/clock_config.o
 .debug_macro   0x00015ab8      0x12a ./board/pin_mux.o

.debug_line     0x00000000     0x87a5
 .debug_line    0x00000000      0x55c ./utilities/fsl_assert.o
 .debug_line    0x0000055c      0x6ab ./startup/startup_lpc55s69_cm33_core0.o
 .debug_line    0x00000c07      0x8ba ./source/cmsis_usart_interrupt_transfer.o
 .debug_line    0x000014c1       0x59 ./source/semihost_hardfault.o
 .debug_line    0x0000151a     0x16f4 ./drivers/fsl_clock.o
 .debug_line    0x00002c0e      0xe8b ./drivers/fsl_dma.o
 .debug_line    0x00003a99      0x64c ./drivers/fsl_flexcomm.o
 .debug_line    0x000040e5      0x41e ./drivers/fsl_reset.o
 .debug_line    0x00004503      0xe92 ./drivers/fsl_usart.o
 .debug_line    0x00005395      0xb45 ./drivers/fsl_usart_cmsis.o
 .debug_line    0x00005eda      0x6d9 ./device/system_LPC55S69_cm33_core0.o
 .debug_line    0x000065b3      0x640 ./board/board.o
 .debug_line    0x00006bf3      0x56c ./board/clock_config.o
 .debug_line    0x0000715f      0x580 ./board/pin_mux.o
 .debug_line    0x000076df     0x10c6 C:\Users\omkar\Documents\MCUXpressoIDE_11.2.1_4149\workspace\lpcxpresso55s69_cmsis_usart_interrupt_transfer\libs\libpower_hardabi.a(fsl_power_lib.o)

.debug_str      0x00000000    0xb9244
 .debug_str     0x00000000    0xac063 ./utilities/fsl_assert.o
                              0xac106 (size before relaxing)
 .debug_str     0x000ac063      0x694 ./startup/startup_lpc55s69_cm33_core0.o
                               0x362c (size before relaxing)
 .debug_str     0x000ac6f7     0x6984 ./source/cmsis_usart_interrupt_transfer.o
                              0xb25ea (size before relaxing)
 .debug_str     0x000b307b       0x1f ./source/semihost_hardfault.o
                               0x2f5a (size before relaxing)
 .debug_str     0x000b309a     0x2318 ./drivers/fsl_clock.o
                              0xb0389 (size before relaxing)
 .debug_str     0x000b53b2     0x14ff ./drivers/fsl_dma.o
                              0xaebd0 (size before relaxing)
 .debug_str     0x000b68b1      0x345 ./drivers/fsl_flexcomm.o
                              0xadaea (size before relaxing)
 .debug_str     0x000b6bf6       0xae ./drivers/fsl_reset.o
                              0xac563 (size before relaxing)
 .debug_str     0x000b6ca4      0xb53 ./drivers/fsl_usart.o
                              0xad399 (size before relaxing)
 .debug_str     0x000b77f7      0x5fc ./drivers/fsl_usart_cmsis.o
                              0xaf1e7 (size before relaxing)
 .debug_str     0x000b7df3      0x203 ./device/system_LPC55S69_cm33_core0.o
                              0xaa343 (size before relaxing)
 .debug_str     0x000b7ff6       0xe1 ./board/board.o
                              0xaecd4 (size before relaxing)
 .debug_str     0x000b80d7       0xac ./board/clock_config.o
                              0xae4b8 (size before relaxing)
 .debug_str     0x000b8183       0xc3 ./board/pin_mux.o
                              0xacc2c (size before relaxing)
 .debug_str     0x000b8246      0xffe C:\Users\omkar\Documents\MCUXpressoIDE_11.2.1_4149\workspace\lpcxpresso55s69_cmsis_usart_interrupt_transfer\libs\libpower_hardabi.a(fsl_power_lib.o)
                               0x31c0 (size before relaxing)

.comment        0x00000000       0x79
 .comment       0x00000000       0x79 ./utilities/fsl_assert.o
                                 0x7a (size before relaxing)
 .comment       0x00000079       0x7a ./startup/startup_lpc55s69_cm33_core0.o
 .comment       0x00000079       0x7a ./source/cmsis_usart_interrupt_transfer.o
 .comment       0x00000079       0x7a ./source/semihost_hardfault.o
 .comment       0x00000079       0x7a ./drivers/fsl_clock.o
 .comment       0x00000079       0x7a ./drivers/fsl_dma.o
 .comment       0x00000079       0x7a ./drivers/fsl_flexcomm.o
 .comment       0x00000079       0x7a ./drivers/fsl_reset.o
 .comment       0x00000079       0x7a ./drivers/fsl_usart.o
 .comment       0x00000079       0x7a ./drivers/fsl_usart_cmsis.o
 .comment       0x00000079       0x7a ./device/system_LPC55S69_cm33_core0.o
 .comment       0x00000079       0x7a ./board/board.o
 .comment       0x00000079       0x7a ./board/clock_config.o
 .comment       0x00000079       0x7a ./board/pin_mux.o
 .comment       0x00000079       0x7a C:\Users\omkar\Documents\MCUXpressoIDE_11.2.1_4149\workspace\lpcxpresso55s69_cmsis_usart_interrupt_transfer\libs\libpower_hardabi.a(fsl_power_lib.o)
 .comment       0x00000079       0x7a c:/nxp/mcuxpressoide_11.2.1_4149/ide/plugins/com.nxp.mcuxpresso.tools.win32_11.2.0.202008311134/tools/bin/../lib/gcc/arm-none-eabi/9.2.1/../../../../arm-none-eabi/lib/thumb/v8-m.main+fp/hard\libcr_semihost_nf.a(_cr__main.o)
 .comment       0x00000079       0x7a c:/nxp/mcuxpressoide_11.2.1_4149/ide/plugins/com.nxp.mcuxpresso.tools.win32_11.2.0.202008311134/tools/bin/../lib/gcc/arm-none-eabi/9.2.1/../../../../arm-none-eabi/lib/thumb/v8-m.main+fp/hard\libcr_c.a(memset.o)
 .comment       0x00000079       0x7a c:/nxp/mcuxpressoide_11.2.1_4149/ide/plugins/com.nxp.mcuxpresso.tools.win32_11.2.0.202008311134/tools/bin/../lib/gcc/arm-none-eabi/9.2.1/../../../../arm-none-eabi/lib/thumb/v8-m.main+fp/hard\libcr_c.a(alloc.o)
 .comment       0x00000079       0x7a c:/nxp/mcuxpressoide_11.2.1_4149/ide/plugins/com.nxp.mcuxpresso.tools.win32_11.2.0.202008311134/tools/bin/../lib/gcc/arm-none-eabi/9.2.1/../../../../arm-none-eabi/lib/thumb/v8-m.main+fp/hard\libcr_c.a(initio.o)
 .comment       0x00000079       0x7a c:/nxp/mcuxpressoide_11.2.1_4149/ide/plugins/com.nxp.mcuxpresso.tools.win32_11.2.0.202008311134/tools/bin/../lib/gcc/arm-none-eabi/9.2.1/../../../../arm-none-eabi/lib/thumb/v8-m.main+fp/hard\libcr_c.a(printf.o)
 .comment       0x00000079       0x7a c:/nxp/mcuxpressoide_11.2.1_4149/ide/plugins/com.nxp.mcuxpresso.tools.win32_11.2.0.202008311134/tools/bin/../lib/gcc/arm-none-eabi/9.2.1/../../../../arm-none-eabi/lib/thumb/v8-m.main+fp/hard\libcr_c.a(setvbuf.o)
 .comment       0x00000079       0x7a c:/nxp/mcuxpressoide_11.2.1_4149/ide/plugins/com.nxp.mcuxpresso.tools.win32_11.2.0.202008311134/tools/bin/../lib/gcc/arm-none-eabi/9.2.1/../../../../arm-none-eabi/lib/thumb/v8-m.main+fp/hard\libcr_c.a(strlen.o)
 .comment       0x00000079       0x7a c:/nxp/mcuxpressoide_11.2.1_4149/ide/plugins/com.nxp.mcuxpresso.tools.win32_11.2.0.202008311134/tools/bin/../lib/gcc/arm-none-eabi/9.2.1/../../../../arm-none-eabi/lib/thumb/v8-m.main+fp/hard\libcr_c.a(__init_alloc.o)
 .comment       0x00000079       0x7a c:/nxp/mcuxpressoide_11.2.1_4149/ide/plugins/com.nxp.mcuxpresso.tools.win32_11.2.0.202008311134/tools/bin/../lib/gcc/arm-none-eabi/9.2.1/../../../../arm-none-eabi/lib/thumb/v8-m.main+fp/hard\libcr_c.a(_cr_sbrk.o)
 .comment       0x00000079       0x7a c:/nxp/mcuxpressoide_11.2.1_4149/ide/plugins/com.nxp.mcuxpresso.tools.win32_11.2.0.202008311134/tools/bin/../lib/gcc/arm-none-eabi/9.2.1/../../../../arm-none-eabi/lib/thumb/v8-m.main+fp/hard\libcr_c.a(_deferredlazyseek.o)
 .comment       0x00000079       0x7a c:/nxp/mcuxpressoide_11.2.1_4149/ide/plugins/com.nxp.mcuxpresso.tools.win32_11.2.0.202008311134/tools/bin/../lib/gcc/arm-none-eabi/9.2.1/../../../../arm-none-eabi/lib/thumb/v8-m.main+fp/hard\libcr_c.a(_fdopen.o)
 .comment       0x00000079       0x7a c:/nxp/mcuxpressoide_11.2.1_4149/ide/plugins/com.nxp.mcuxpresso.tools.win32_11.2.0.202008311134/tools/bin/../lib/gcc/arm-none-eabi/9.2.1/../../../../arm-none-eabi/lib/thumb/v8-m.main+fp/hard\libcr_c.a(_fflush.o)
 .comment       0x00000079       0x7a c:/nxp/mcuxpressoide_11.2.1_4149/ide/plugins/com.nxp.mcuxpresso.tools.win32_11.2.0.202008311134/tools/bin/../lib/gcc/arm-none-eabi/9.2.1/../../../../arm-none-eabi/lib/thumb/v8-m.main+fp/hard\libcr_c.a(_writebuf.o)
 .comment       0x00000079       0x7a c:/nxp/mcuxpressoide_11.2.1_4149/ide/plugins/com.nxp.mcuxpresso.tools.win32_11.2.0.202008311134/tools/bin/../lib/gcc/arm-none-eabi/9.2.1/../../../../arm-none-eabi/lib/thumb/v8-m.main+fp/hard\libcr_c.a(errno.o)
 .comment       0x00000079       0x7a c:/nxp/mcuxpressoide_11.2.1_4149/ide/plugins/com.nxp.mcuxpresso.tools.win32_11.2.0.202008311134/tools/bin/../lib/gcc/arm-none-eabi/9.2.1/../../../../arm-none-eabi/lib/thumb/v8-m.main+fp/hard\libcr_c.a(fclose.o)
 .comment       0x00000079       0x7a c:/nxp/mcuxpressoide_11.2.1_4149/ide/plugins/com.nxp.mcuxpresso.tools.win32_11.2.0.202008311134/tools/bin/../lib/gcc/arm-none-eabi/9.2.1/../../../../arm-none-eabi/lib/thumb/v8-m.main+fp/hard\libcr_c.a(fflush.o)
 .comment       0x00000079       0x7a c:/nxp/mcuxpressoide_11.2.1_4149/ide/plugins/com.nxp.mcuxpresso.tools.win32_11.2.0.202008311134/tools/bin/../lib/gcc/arm-none-eabi/9.2.1/../../../../arm-none-eabi/lib/thumb/v8-m.main+fp/hard\libcr_c.a(fseek.o)
 .comment       0x00000079       0x7a c:/nxp/mcuxpressoide_11.2.1_4149/ide/plugins/com.nxp.mcuxpresso.tools.win32_11.2.0.202008311134/tools/bin/../lib/gcc/arm-none-eabi/9.2.1/../../../../arm-none-eabi/lib/thumb/v8-m.main+fp/hard\libcr_c.a(ftell.o)
 .comment       0x00000079       0x7a c:/nxp/mcuxpressoide_11.2.1_4149/ide/plugins/com.nxp.mcuxpresso.tools.win32_11.2.0.202008311134/tools/bin/../lib/gcc/arm-none-eabi/9.2.1/../../../../arm-none-eabi/lib/thumb/v8-m.main+fp/hard\libcr_c.a(remove.o)
 .comment       0x00000079       0x7a c:/nxp/mcuxpressoide_11.2.1_4149/ide/plugins/com.nxp.mcuxpresso.tools.win32_11.2.0.202008311134/tools/bin/../lib/gcc/arm-none-eabi/9.2.1/../../../../arm-none-eabi/lib/thumb/v8-m.main+fp/hard\libcr_c.a(_cr_check_heap.o)
 .comment       0x00000079       0x7a c:/nxp/mcuxpressoide_11.2.1_4149/ide/plugins/com.nxp.mcuxpresso.tools.win32_11.2.0.202008311134/tools/bin/../lib/gcc/arm-none-eabi/9.2.1/../../../../arm-none-eabi/lib/thumb/v8-m.main+fp/hard\libcr_c.a(_do_fflush.o)
 .comment       0x00000079       0x7a c:/nxp/mcuxpressoide_11.2.1_4149/ide/plugins/com.nxp.mcuxpresso.tools.win32_11.2.0.202008311134/tools/bin/../lib/gcc/arm-none-eabi/9.2.1/../../../../arm-none-eabi/lib/thumb/v8-m.main+fp/hard\libcr_semihost_nf.a(__ciob.o)

.ARM.attributes
                0x00000000       0x38
 .ARM.attributes
                0x00000000       0x3a ./utilities/fsl_assert.o
 .ARM.attributes
                0x0000003a       0x3a ./startup/startup_lpc55s69_cm33_core0.o
 .ARM.attributes
                0x00000074       0x3a ./source/cmsis_usart_interrupt_transfer.o
 .ARM.attributes
                0x000000ae       0x3a ./source/semihost_hardfault.o
 .ARM.attributes
                0x000000e8       0x3a ./drivers/fsl_clock.o
 .ARM.attributes
                0x00000122       0x3a ./drivers/fsl_dma.o
 .ARM.attributes
                0x0000015c       0x3a ./drivers/fsl_flexcomm.o
 .ARM.attributes
                0x00000196       0x3a ./drivers/fsl_reset.o
 .ARM.attributes
                0x000001d0       0x3a ./drivers/fsl_usart.o
 .ARM.attributes
                0x0000020a       0x3a ./drivers/fsl_usart_cmsis.o
 .ARM.attributes
                0x00000244       0x3a ./device/system_LPC55S69_cm33_core0.o
 .ARM.attributes
                0x0000027e       0x3a ./board/board.o
 .ARM.attributes
                0x000002b8       0x3a ./board/clock_config.o
 .ARM.attributes
                0x000002f2       0x3a ./board/pin_mux.o
 .ARM.attributes
                0x0000032c       0x3a C:\Users\omkar\Documents\MCUXpressoIDE_11.2.1_4149\workspace\lpcxpresso55s69_cmsis_usart_interrupt_transfer\libs\libpower_hardabi.a(fsl_power_lib.o)
 .ARM.attributes
                0x00000366       0x3a c:/nxp/mcuxpressoide_11.2.1_4149/ide/plugins/com.nxp.mcuxpresso.tools.win32_11.2.0.202008311134/tools/bin/../lib/gcc/arm-none-eabi/9.2.1/../../../../arm-none-eabi/lib/thumb/v8-m.main+fp/hard\libcr_semihost_nf.a(_cr__main.o)
 .ARM.attributes
                0x000003a0       0x3a c:/nxp/mcuxpressoide_11.2.1_4149/ide/plugins/com.nxp.mcuxpresso.tools.win32_11.2.0.202008311134/tools/bin/../lib/gcc/arm-none-eabi/9.2.1/../../../../arm-none-eabi/lib/thumb/v8-m.main+fp/hard\libcr_c.a(memset.o)
 .ARM.attributes
                0x000003da       0x3a c:/nxp/mcuxpressoide_11.2.1_4149/ide/plugins/com.nxp.mcuxpresso.tools.win32_11.2.0.202008311134/tools/bin/../lib/gcc/arm-none-eabi/9.2.1/../../../../arm-none-eabi/lib/thumb/v8-m.main+fp/hard\libcr_c.a(alloc.o)
 .ARM.attributes
                0x00000414       0x3a c:/nxp/mcuxpressoide_11.2.1_4149/ide/plugins/com.nxp.mcuxpresso.tools.win32_11.2.0.202008311134/tools/bin/../lib/gcc/arm-none-eabi/9.2.1/../../../../arm-none-eabi/lib/thumb/v8-m.main+fp/hard\libcr_c.a(initio.o)
 .ARM.attributes
                0x0000044e       0x3a c:/nxp/mcuxpressoide_11.2.1_4149/ide/plugins/com.nxp.mcuxpresso.tools.win32_11.2.0.202008311134/tools/bin/../lib/gcc/arm-none-eabi/9.2.1/../../../../arm-none-eabi/lib/thumb/v8-m.main+fp/hard\libcr_c.a(printf.o)
 .ARM.attributes
                0x00000488       0x3a c:/nxp/mcuxpressoide_11.2.1_4149/ide/plugins/com.nxp.mcuxpresso.tools.win32_11.2.0.202008311134/tools/bin/../lib/gcc/arm-none-eabi/9.2.1/../../../../arm-none-eabi/lib/thumb/v8-m.main+fp/hard\libcr_c.a(setvbuf.o)
 .ARM.attributes
                0x000004c2       0x3a c:/nxp/mcuxpressoide_11.2.1_4149/ide/plugins/com.nxp.mcuxpresso.tools.win32_11.2.0.202008311134/tools/bin/../lib/gcc/arm-none-eabi/9.2.1/../../../../arm-none-eabi/lib/thumb/v8-m.main+fp/hard\libcr_c.a(strlen.o)
 .ARM.attributes
                0x000004fc       0x3a c:/nxp/mcuxpressoide_11.2.1_4149/ide/plugins/com.nxp.mcuxpresso.tools.win32_11.2.0.202008311134/tools/bin/../lib/gcc/arm-none-eabi/9.2.1/../../../../arm-none-eabi/lib/thumb/v8-m.main+fp/hard\libcr_c.a(__init_alloc.o)
 .ARM.attributes
                0x00000536       0x3a c:/nxp/mcuxpressoide_11.2.1_4149/ide/plugins/com.nxp.mcuxpresso.tools.win32_11.2.0.202008311134/tools/bin/../lib/gcc/arm-none-eabi/9.2.1/../../../../arm-none-eabi/lib/thumb/v8-m.main+fp/hard\libcr_c.a(_cr_sbrk.o)
 .ARM.attributes
                0x00000570       0x3a c:/nxp/mcuxpressoide_11.2.1_4149/ide/plugins/com.nxp.mcuxpresso.tools.win32_11.2.0.202008311134/tools/bin/../lib/gcc/arm-none-eabi/9.2.1/../../../../arm-none-eabi/lib/thumb/v8-m.main+fp/hard\libcr_c.a(_deferredlazyseek.o)
 .ARM.attributes
                0x000005aa       0x3a c:/nxp/mcuxpressoide_11.2.1_4149/ide/plugins/com.nxp.mcuxpresso.tools.win32_11.2.0.202008311134/tools/bin/../lib/gcc/arm-none-eabi/9.2.1/../../../../arm-none-eabi/lib/thumb/v8-m.main+fp/hard\libcr_c.a(_fdopen.o)
 .ARM.attributes
                0x000005e4       0x3a c:/nxp/mcuxpressoide_11.2.1_4149/ide/plugins/com.nxp.mcuxpresso.tools.win32_11.2.0.202008311134/tools/bin/../lib/gcc/arm-none-eabi/9.2.1/../../../../arm-none-eabi/lib/thumb/v8-m.main+fp/hard\libcr_c.a(_fflush.o)
 .ARM.attributes
                0x0000061e       0x3a c:/nxp/mcuxpressoide_11.2.1_4149/ide/plugins/com.nxp.mcuxpresso.tools.win32_11.2.0.202008311134/tools/bin/../lib/gcc/arm-none-eabi/9.2.1/../../../../arm-none-eabi/lib/thumb/v8-m.main+fp/hard\libcr_c.a(_writebuf.o)
 .ARM.attributes
                0x00000658       0x3c c:/nxp/mcuxpressoide_11.2.1_4149/ide/plugins/com.nxp.mcuxpresso.tools.win32_11.2.0.202008311134/tools/bin/../lib/gcc/arm-none-eabi/9.2.1/../../../../arm-none-eabi/lib/thumb/v8-m.main+fp/hard\libcr_c.a(errno.o)
 .ARM.attributes
                0x00000694       0x3a c:/nxp/mcuxpressoide_11.2.1_4149/ide/plugins/com.nxp.mcuxpresso.tools.win32_11.2.0.202008311134/tools/bin/../lib/gcc/arm-none-eabi/9.2.1/../../../../arm-none-eabi/lib/thumb/v8-m.main+fp/hard\libcr_c.a(fclose.o)
 .ARM.attributes
                0x000006ce       0x3a c:/nxp/mcuxpressoide_11.2.1_4149/ide/plugins/com.nxp.mcuxpresso.tools.win32_11.2.0.202008311134/tools/bin/../lib/gcc/arm-none-eabi/9.2.1/../../../../arm-none-eabi/lib/thumb/v8-m.main+fp/hard\libcr_c.a(fflush.o)
 .ARM.attributes
                0x00000708       0x3a c:/nxp/mcuxpressoide_11.2.1_4149/ide/plugins/com.nxp.mcuxpresso.tools.win32_11.2.0.202008311134/tools/bin/../lib/gcc/arm-none-eabi/9.2.1/../../../../arm-none-eabi/lib/thumb/v8-m.main+fp/hard\libcr_c.a(fseek.o)
 .ARM.attributes
                0x00000742       0x3a c:/nxp/mcuxpressoide_11.2.1_4149/ide/plugins/com.nxp.mcuxpresso.tools.win32_11.2.0.202008311134/tools/bin/../lib/gcc/arm-none-eabi/9.2.1/../../../../arm-none-eabi/lib/thumb/v8-m.main+fp/hard\libcr_c.a(ftell.o)
 .ARM.attributes
                0x0000077c       0x3a c:/nxp/mcuxpressoide_11.2.1_4149/ide/plugins/com.nxp.mcuxpresso.tools.win32_11.2.0.202008311134/tools/bin/../lib/gcc/arm-none-eabi/9.2.1/../../../../arm-none-eabi/lib/thumb/v8-m.main+fp/hard\libcr_c.a(remove.o)
 .ARM.attributes
                0x000007b6       0x3a c:/nxp/mcuxpressoide_11.2.1_4149/ide/plugins/com.nxp.mcuxpresso.tools.win32_11.2.0.202008311134/tools/bin/../lib/gcc/arm-none-eabi/9.2.1/../../../../arm-none-eabi/lib/thumb/v8-m.main+fp/hard\libcr_c.a(_cr_check_heap.o)
 .ARM.attributes
                0x000007f0       0x3a c:/nxp/mcuxpressoide_11.2.1_4149/ide/plugins/com.nxp.mcuxpresso.tools.win32_11.2.0.202008311134/tools/bin/../lib/gcc/arm-none-eabi/9.2.1/../../../../arm-none-eabi/lib/thumb/v8-m.main+fp/hard\libcr_c.a(_do_fflush.o)
 .ARM.attributes
                0x0000082a       0x26 c:/nxp/mcuxpressoide_11.2.1_4149/ide/plugins/com.nxp.mcuxpresso.tools.win32_11.2.0.202008311134/tools/bin/../lib/gcc/arm-none-eabi/9.2.1/thumb/v8-m.main+fp/hard\libcr_eabihelpers.a(memcpy.o)
 .ARM.attributes
                0x00000850       0x3c c:/nxp/mcuxpressoide_11.2.1_4149/ide/plugins/com.nxp.mcuxpresso.tools.win32_11.2.0.202008311134/tools/bin/../lib/gcc/arm-none-eabi/9.2.1/../../../../arm-none-eabi/lib/thumb/v8-m.main+fp/hard\libcr_semihost_nf.a(__ciob.o)
 .ARM.attributes
                0x0000088c       0x26 c:/nxp/mcuxpressoide_11.2.1_4149/ide/plugins/com.nxp.mcuxpresso.tools.win32_11.2.0.202008311134/tools/bin/../lib/gcc/arm-none-eabi/9.2.1/../../../../arm-none-eabi/lib/thumb/v8-m.main+fp/hard\libcr_semihost_nf.a(__sys_appexit.o)
 .ARM.attributes
                0x000008b2       0x26 c:/nxp/mcuxpressoide_11.2.1_4149/ide/plugins/com.nxp.mcuxpresso.tools.win32_11.2.0.202008311134/tools/bin/../lib/gcc/arm-none-eabi/9.2.1/../../../../arm-none-eabi/lib/thumb/v8-m.main+fp/hard\libcr_semihost_nf.a(__sys_close.o)
 .ARM.attributes
                0x000008d8       0x26 c:/nxp/mcuxpressoide_11.2.1_4149/ide/plugins/com.nxp.mcuxpresso.tools.win32_11.2.0.202008311134/tools/bin/../lib/gcc/arm-none-eabi/9.2.1/../../../../arm-none-eabi/lib/thumb/v8-m.main+fp/hard\libcr_semihost_nf.a(__sys_flen.o)
 .ARM.attributes
                0x000008fe       0x26 c:/nxp/mcuxpressoide_11.2.1_4149/ide/plugins/com.nxp.mcuxpresso.tools.win32_11.2.0.202008311134/tools/bin/../lib/gcc/arm-none-eabi/9.2.1/../../../../arm-none-eabi/lib/thumb/v8-m.main+fp/hard\libcr_semihost_nf.a(__sys_istty.o)
 .ARM.attributes
                0x00000924       0x26 c:/nxp/mcuxpressoide_11.2.1_4149/ide/plugins/com.nxp.mcuxpresso.tools.win32_11.2.0.202008311134/tools/bin/../lib/gcc/arm-none-eabi/9.2.1/../../../../arm-none-eabi/lib/thumb/v8-m.main+fp/hard\libcr_semihost_nf.a(__sys_remove.o)
 .ARM.attributes
                0x0000094a       0x26 c:/nxp/mcuxpressoide_11.2.1_4149/ide/plugins/com.nxp.mcuxpresso.tools.win32_11.2.0.202008311134/tools/bin/../lib/gcc/arm-none-eabi/9.2.1/../../../../arm-none-eabi/lib/thumb/v8-m.main+fp/hard\libcr_semihost_nf.a(__sys_seek.o)
 .ARM.attributes
                0x00000970       0x26 c:/nxp/mcuxpressoide_11.2.1_4149/ide/plugins/com.nxp.mcuxpresso.tools.win32_11.2.0.202008311134/tools/bin/../lib/gcc/arm-none-eabi/9.2.1/../../../../arm-none-eabi/lib/thumb/v8-m.main+fp/hard\libcr_semihost_nf.a(__sys_tmpnam.o)
 .ARM.attributes
                0x00000996       0x26 c:/nxp/mcuxpressoide_11.2.1_4149/ide/plugins/com.nxp.mcuxpresso.tools.win32_11.2.0.202008311134/tools/bin/../lib/gcc/arm-none-eabi/9.2.1/../../../../arm-none-eabi/lib/thumb/v8-m.main+fp/hard\libcr_semihost_nf.a(__sys_write.o)

.debug_frame    0x00000000     0x28ac
 .debug_frame   0x00000000       0x30 ./utilities/fsl_assert.o
 .debug_frame   0x00000030      0x6a4 ./startup/startup_lpc55s69_cm33_core0.o
 .debug_frame   0x000006d4      0x1a0 ./source/cmsis_usart_interrupt_transfer.o
 .debug_frame   0x00000874       0x20 ./source/semihost_hardfault.o
 .debug_frame   0x00000894      0x974 ./drivers/fsl_clock.o
 .debug_frame   0x00001208      0x530 ./drivers/fsl_dma.o
 .debug_frame   0x00001738      0x1ec ./drivers/fsl_flexcomm.o
 .debug_frame   0x00001924       0x7c ./drivers/fsl_reset.o
 .debug_frame   0x000019a0      0x3d4 ./drivers/fsl_usart.o
 .debug_frame   0x00001d74      0x508 ./drivers/fsl_usart_cmsis.o
 .debug_frame   0x0000227c      0x208 ./device/system_LPC55S69_cm33_core0.o
 .debug_frame   0x00002484       0x80 ./board/board.o
 .debug_frame   0x00002504       0xf8 ./board/clock_config.o
 .debug_frame   0x000025fc      0x114 ./board/pin_mux.o
 .debug_frame   0x00002710      0x19c C:\Users\omkar\Documents\MCUXpressoIDE_11.2.1_4149\workspace\lpcxpresso55s69_cmsis_usart_interrupt_transfer\libs\libpower_hardabi.a(fsl_power_lib.o)

.debug_loc      0x00000000     0x183f
 .debug_loc     0x00000000     0x183f C:\Users\omkar\Documents\MCUXpressoIDE_11.2.1_4149\workspace\lpcxpresso55s69_cmsis_usart_interrupt_transfer\libs\libpower_hardabi.a(fsl_power_lib.o)

Cross Reference Table

Symbol                                            File
ACMP_DriverIRQHandler                             ./startup/startup_lpc55s69_cm33_core0.o
ACMP_IRQHandler                                   ./startup/startup_lpc55s69_cm33_core0.o
ADC0_DriverIRQHandler                             ./startup/startup_lpc55s69_cm33_core0.o
ADC0_IRQHandler                                   ./startup/startup_lpc55s69_cm33_core0.o
BOARD_BootClockFRO12M                             ./board/clock_config.o
BOARD_BootClockFROHF96M                           ./board/clock_config.o
                                                  ./source/cmsis_usart_interrupt_transfer.o